Archive member included because of file (symbol)

/home/z80/programs/code-sourcery/2011.03-42/bin/../lib/gcc/arm-none-eabi/4.5.2/../../../../arm-none-eabi/lib/thumb2/libc.a(lib_a-atoi.o)
                              build/obj/power_ctrl.o (atoi)
/home/z80/programs/code-sourcery/2011.03-42/bin/../lib/gcc/arm-none-eabi/4.5.2/../../../../arm-none-eabi/lib/thumb2/libc.a(lib_a-memset.o)
                              build/obj/syscalls.o (memset)
/home/z80/programs/code-sourcery/2011.03-42/bin/../lib/gcc/arm-none-eabi/4.5.2/../../../../arm-none-eabi/lib/thumb2/libc.a(lib_a-strcasecmp.o)
                              build/obj/shell.o (strcasecmp)
/home/z80/programs/code-sourcery/2011.03-42/bin/../lib/gcc/arm-none-eabi/4.5.2/../../../../arm-none-eabi/lib/thumb2/libc.a(lib_a-strchr.o)
                              build/obj/shell.o (strchr)
/home/z80/programs/code-sourcery/2011.03-42/bin/../lib/gcc/arm-none-eabi/4.5.2/../../../../arm-none-eabi/lib/thumb2/libc.a(lib_a-strlen.o)
                              build/obj/moto_ctrl.o (strlen)
/home/z80/programs/code-sourcery/2011.03-42/bin/../lib/gcc/arm-none-eabi/4.5.2/../../../../arm-none-eabi/lib/thumb2/libc.a(lib_a-strspn.o)
                              build/obj/shell.o (strspn)
/home/z80/programs/code-sourcery/2011.03-42/bin/../lib/gcc/arm-none-eabi/4.5.2/../../../../arm-none-eabi/lib/thumb2/libc.a(lib_a-strtol.o)
                              /home/z80/programs/code-sourcery/2011.03-42/bin/../lib/gcc/arm-none-eabi/4.5.2/../../../../arm-none-eabi/lib/thumb2/libc.a(lib_a-atoi.o) (_strtol_r)
/home/z80/programs/code-sourcery/2011.03-42/bin/../lib/gcc/arm-none-eabi/4.5.2/../../../../arm-none-eabi/lib/thumb2/libc.a(lib_a-ctype_.o)
                              /home/z80/programs/code-sourcery/2011.03-42/bin/../lib/gcc/arm-none-eabi/4.5.2/../../../../arm-none-eabi/lib/thumb2/libc.a(lib_a-strcasecmp.o) (__ctype_ptr__)
/home/z80/programs/code-sourcery/2011.03-42/bin/../lib/gcc/arm-none-eabi/4.5.2/../../../../arm-none-eabi/lib/thumb2/libc.a(lib_a-impure.o)
                              /home/z80/programs/code-sourcery/2011.03-42/bin/../lib/gcc/arm-none-eabi/4.5.2/../../../../arm-none-eabi/lib/thumb2/libc.a(lib_a-strtol.o) (_impure_ptr)
/home/z80/programs/code-sourcery/2011.03-42/bin/../lib/gcc/arm-none-eabi/4.5.2/thumb2/libgcc.a(_udivsi3.o)
                              /home/z80/programs/code-sourcery/2011.03-42/bin/../lib/gcc/arm-none-eabi/4.5.2/../../../../arm-none-eabi/lib/thumb2/libc.a(lib_a-strtol.o) (__aeabi_uidiv)
/home/z80/programs/code-sourcery/2011.03-42/bin/../lib/gcc/arm-none-eabi/4.5.2/thumb2/libgcc.a(_dvmd_tls.o)
                              /home/z80/programs/code-sourcery/2011.03-42/bin/../lib/gcc/arm-none-eabi/4.5.2/thumb2/libgcc.a(_udivsi3.o) (__aeabi_idiv0)

Discarded input sections

 .text          0x00000000        0x0 build/obj/crt0.o
 .data          0x00000000        0x0 build/obj/crt0.o
 .bss           0x00000000        0x0 build/obj/crt0.o
 .text.__early_init
                0x00000000       0x10 build/obj/crt0.o
 .text          0x00000000        0x0 build/obj/vectors.o
 .data          0x00000000        0x0 build/obj/vectors.o
 .bss           0x00000000        0x0 build/obj/vectors.o
 .text          0x00000000        0x0 build/obj/chcore.o
 .data          0x00000000        0x0 build/obj/chcore.o
 .bss           0x00000000        0x0 build/obj/chcore.o
 .text          0x00000000        0x0 build/obj/chcore_v7m.o
 .data          0x00000000        0x0 build/obj/chcore_v7m.o
 .bss           0x00000000        0x0 build/obj/chcore_v7m.o
 .text          0x00000000        0x0 build/obj/nvic.o
 .data          0x00000000        0x0 build/obj/nvic.o
 .bss           0x00000000        0x0 build/obj/nvic.o
 .text.nvicDisableVector
                0x00000000       0x40 build/obj/nvic.o
 .text          0x00000000        0x0 build/obj/chsys.o
 .data          0x00000000        0x0 build/obj/chsys.o
 .bss           0x00000000        0x0 build/obj/chsys.o
 .text          0x00000000        0x0 build/obj/chdebug.o
 .data          0x00000000        0x0 build/obj/chdebug.o
 .bss           0x00000000        0x0 build/obj/chdebug.o
 .text.dbg_check_disable
                0x00000000       0x30 build/obj/chdebug.o
 .text.dbg_check_suspend
                0x00000000       0x30 build/obj/chdebug.o
 .text          0x00000000        0x0 build/obj/chlists.o
 .data          0x00000000        0x0 build/obj/chlists.o
 .bss           0x00000000        0x0 build/obj/chlists.o
 .text.prio_insert
                0x00000000       0x30 build/obj/chlists.o
 .text.queue_insert
                0x00000000       0x10 build/obj/chlists.o
 .text.lifo_remove
                0x00000000       0x10 build/obj/chlists.o
 .text.list_insert
                0x00000000       0x10 build/obj/chlists.o
 .text          0x00000000        0x0 build/obj/chvt.o
 .data          0x00000000        0x0 build/obj/chvt.o
 .bss           0x00000000        0x0 build/obj/chvt.o
 .text.chTimeIsWithin
[...]
Memory Configuration

Name             Origin             Length             Attributes
flash            0x08000000         0x00010000
ram              0x20000000         0x00002800
*default*        0x00000000         0xffffffff

Linker script and memory map

LOAD build/obj/crt0.o
LOAD build/obj/vectors.o
LOAD build/obj/chcore.o
LOAD build/obj/chcore_v7m.o
LOAD build/obj/nvic.o
LOAD build/obj/chsys.o
LOAD build/obj/chdebug.o
LOAD build/obj/chlists.o
LOAD build/obj/chvt.o
LOAD build/obj/chschd.o
LOAD build/obj/chthreads.o
LOAD build/obj/chdynamic.o
LOAD build/obj/chregistry.o
LOAD build/obj/chsem.o
LOAD build/obj/chmtx.o
LOAD build/obj/chcond.o
LOAD build/obj/chevents.o
LOAD build/obj/chmsg.o
LOAD build/obj/chmboxes.o
LOAD build/obj/chqueues.o
LOAD build/obj/chmemcore.o
LOAD build/obj/chheap.o
LOAD build/obj/chmempools.o
LOAD build/obj/hal.o
LOAD build/obj/adc.o
LOAD build/obj/can.o
LOAD build/obj/ext.o
LOAD build/obj/gpt.o
LOAD build/obj/i2c.o
LOAD build/obj/icu.o
LOAD build/obj/mac.o
LOAD build/obj/pal.o
LOAD build/obj/pwm.o
LOAD build/obj/sdc.o
LOAD build/obj/serial.o
LOAD build/obj/spi.o
LOAD build/obj/uart.o
LOAD build/obj/usb.o
LOAD build/obj/tm.o
LOAD build/obj/mmc_spi.o
LOAD build/obj/serial_usb.o
LOAD build/obj/rtc.o
LOAD build/obj/stm32_dma.o
LOAD build/obj/hal_lld.o
LOAD build/obj/adc_lld.o
LOAD build/obj/can_lld.o
LOAD build/obj/ext_lld.o
LOAD build/obj/gpt_lld.o
LOAD build/obj/i2c_lld.o
LOAD build/obj/icu_lld.o
LOAD build/obj/mac_lld.o
LOAD build/obj/pwm_lld.o
LOAD build/obj/serial_lld.o
LOAD build/obj/sdc_lld.o
LOAD build/obj/spi_lld.o
LOAD build/obj/uart_lld.o
LOAD build/obj/pal_lld.o
LOAD build/obj/usb_lld.o
LOAD build/obj/rtc_lld.o
LOAD build/obj/board.o
LOAD build/obj/evtimer.o
LOAD build/obj/syscalls.o
LOAD build/obj/shell.o
LOAD build/obj/chprintf.o
LOAD build/obj/main.o
LOAD build/obj/usb_ctrl.o
LOAD build/obj/light_ctrl.o
LOAD build/obj/power_ctrl.o
LOAD build/obj/moto_ctrl.o
LOAD build/obj/adc_ctrl.o
LOAD build/obj/conv_ctrl.o
START GROUP
LOAD /home/z80/programs/code-sourcery/2011.03-42/bin/../lib/gcc/arm-none-eabi/4.5.2/thumb2/libgcc.a
LOAD /home/z80/programs/code-sourcery/2011.03-42/bin/../lib/gcc/arm-none-eabi/4.5.2/../../../../arm-none-eabi/lib/thumb2/libc.a
END GROUP
                0x00000400                __main_stack_size__ = 0x400
                0x00000400                __process_stack_size__ = 0x400
                0x20000000                __ram_start__ = 0x20000000
                0x00002800                __ram_size__ = 0x2800
                0x20002800                __ram_end__ = (__ram_start__ + __ram_size__)
                0x00000000                . = 0x0
                0x00000000                _text = .

startup         0x08000000       0xec
 *(vectors)
 vectors        0x08000000       0xec build/obj/vectors.o
                0x08000000                _vectors

constructors    0x080000ec        0x0
                0x080000ec                PROVIDE (__init_array_start, .)
 *(SORT(.init_array.*))
 *(.init_array)
                0x080000ec                PROVIDE (__init_array_end, .)

destructors     0x080000ec        0x0
                0x080000ec                PROVIDE (__fini_array_start, .)
 *(.fini_array)
 *(SORT(.fini_array.*))
                0x080000ec                PROVIDE (__fini_array_end, .)

.text           0x080000f0     0x285c
 *(.text.startup.*)
 *(.text)
 *(.text.*)
 .text.__late_init
                0x080000f0       0x10 build/obj/crt0.o
                0x080000f0                __late_init
 .text._default_exit
                0x08000100       0x10 build/obj/crt0.o
                0x08000100                _default_exit
 .text.ResetHandler
                0x08000110      0x1d0 build/obj/crt0.o
                0x08000110                ResetHandler
 .text._unhandled_exception
                0x080002e0       0x10 build/obj/vectors.o
                0x080002e0                Vector58
                0x080002e0                VectorE8
                0x080002e0                Vector9C
                0x080002e0                VectorAC
                0x080002e0                Vector5C
                0x080002e0                NMIVector
                0x080002e0                VectorDC
                0x080002e0                VectorC8
                0x080002e0                Vector94
                0x080002e0                VectorA8
                0x080002e0                VectorB4
                0x080002e0                UsageFaultVector
                0x080002e0                DebugMonitorVector
                0x080002e0                Vector40
                0x080002e0                VectorBC
                0x080002e0                PendSVVector
                0x080002e0                Vector64
                0x080002e0                VectorCC
                0x080002e0                Vector54
                0x080002e0                Vector98
                0x080002e0                VectorD8
                0x080002e0                Vector24
                0x080002e0                BusFaultVector
                0x080002e0                VectorD0
                0x080002e0                VectorE4
                0x080002e0                VectorC0
                0x080002e0                HardFaultVector
                0x080002e0                VectorE0
                0x080002e0                MemManageVector
                0x080002e0                VectorA0
                0x080002e0                VectorC4
                0x080002e0                Vector60
                0x080002e0                Vector1C
                0x080002e0                Vector48
                0x080002e0                VectorD4
                0x080002e0                Vector4C
                0x080002e0                Vector68
                0x080002e0                _unhandled_exception
                0x080002e0                Vector88
                0x080002e0                Vector50
                0x080002e0                Vector44
                0x080002e0                Vector28
                0x080002e0                VectorB8
                0x080002e0                Vector34
                0x080002e0                VectorA4
                0x080002e0                Vector20
 .text.port_halt
                0x080002f0       0x10 build/obj/chcore.o
                0x080002f0                port_halt
 .text._port_switch_from_isr
                0x08000300       0x10 build/obj/chcore_v7m.o
                0x08000300                _port_switch_from_isr
 .text.SVCallVector
                0x08000310       0x20 build/obj/chcore_v7m.o
                0x08000310                SVCallVector
 .text._port_init
                0x08000330       0x40 build/obj/chcore_v7m.o
                0x08000330                _port_init
 .text._port_lock
                0x08000370       0x10 build/obj/chcore_v7m.o
                0x08000370                _port_lock
 .text._port_unlock
                0x08000380       0x10 build/obj/chcore_v7m.o
                0x08000380                _port_unlock
 .text._port_irq_epilogue
                0x08000390       0x80 build/obj/chcore_v7m.o
                0x08000390                _port_irq_epilogue
 .text.SysTickVector
                0x08000410       0x30 build/obj/chcore_v7m.o
                0x08000410                SysTickVector
 .text._port_switch
                0x08000440       0x10 build/obj/chcore_v7m.o
                0x08000440                _port_switch
 .text._port_thread_start
                0x08000450       0x20 build/obj/chcore_v7m.o
                0x08000450                _port_thread_start
 .text.nvicEnableVector
                0x08000470       0x50 build/obj/nvic.o
                0x08000470                nvicEnableVector
 .text.nvicSetSystemHandlerPriority
                0x080004c0       0x30 build/obj/nvic.o
                0x080004c0                nvicSetSystemHandlerPriority
 .text._idle_thread
                0x080004f0       0x20 build/obj/chsys.o
                0x080004f0                _idle_thread
 .text.chSysInit
                0x08000510       0x70 build/obj/chsys.o
                0x08000510                chSysInit
 .text.chSysTimerHandlerI
                0x08000580       0x60 build/obj/chsys.o
                0x08000580                chSysTimerHandlerI
 .text.dbg_check_enable
                0x080005e0       0x30 build/obj/chdebug.o
                0x080005e0                dbg_check_enable
 .text.dbg_check_lock
                0x08000610       0x40 build/obj/chdebug.o
                0x08000610                dbg_check_lock
 .text.dbg_check_unlock
                0x08000650       0x40 build/obj/chdebug.o
                0x08000650                dbg_check_unlock
 .text.dbg_check_lock_from_isr
                0x08000690       0x40 build/obj/chdebug.o
                0x08000690                dbg_check_lock_from_isr
 .text.dbg_check_unlock_from_isr
                0x080006d0       0x40 build/obj/chdebug.o
                0x080006d0                dbg_check_unlock_from_isr
 .text.dbg_check_enter_isr
                0x08000710       0x40 build/obj/chdebug.o
                0x08000710                dbg_check_enter_isr
 .text.dbg_check_leave_isr
                0x08000750       0x40 build/obj/chdebug.o
                0x08000750                dbg_check_leave_isr
 .text.chDbgCheckClassI
                0x08000790       0x30 build/obj/chdebug.o
                0x08000790                chDbgCheckClassI
 .text.chDbgCheckClassS
                0x080007c0       0x30 build/obj/chdebug.o
                0x080007c0                chDbgCheckClassS
 .text._trace_init
                0x080007f0       0x20 build/obj/chdebug.o
                0x080007f0                _trace_init
 .text.dbg_trace
                0x08000810       0x50 build/obj/chdebug.o
                0x08000810                dbg_trace
 .text.chDbgPanic
                0x08000860       0x10 build/obj/chdebug.o
                0x08000860                chDbgPanic
 .text.fifo_remove
                0x08000870       0x10 build/obj/chlists.o
                0x08000870                fifo_remove
 .text.dequeue  0x08000880       0x10 build/obj/chlists.o
                0x08000880                dequeue
 .text.list_remove
                0x08000890       0x10 build/obj/chlists.o
                0x08000890                list_remove
 .text._vt_init
                0x080008a0       0x20 build/obj/chvt.o
                0x080008a0                _vt_init
 .text.chVTSetI
                0x080008c0       0x60 build/obj/chvt.o
                0x080008c0                chVTSetI
 .text.chVTResetI
                0x08000920       0x50 build/obj/chvt.o
                0x08000920                chVTResetI
 .text._scheduler_init
                0x08000970       0x20 build/obj/chschd.o
                0x08000970                _scheduler_init
 .text.chSchReadyI
                0x08000990       0x40 build/obj/chschd.o
                0x08000990                chSchReadyI
 .text.wakeup   0x080009d0       0x40 build/obj/chschd.o
 .text.chSchGoSleepS
                0x08000a10       0x50 build/obj/chschd.o
                0x08000a10                chSchGoSleepS
 .text.chSchGoSleepTimeoutS
                0x08000a60       0x50 build/obj/chschd.o
                0x08000a60                chSchGoSleepTimeoutS
 .text.chSchWakeupS
                0x08000ab0       0x60 build/obj/chschd.o
                0x08000ab0                chSchWakeupS
 .text.chSchDoReschedule
                0x08000b10       0x50 build/obj/chschd.o
                0x08000b10                chSchDoReschedule
 .text._thread_init
                0x08000b60       0x50 build/obj/chthreads.o
                0x08000b60                _thread_init
 .text.chThdCreateI
                0x08000bb0       0x90 build/obj/chthreads.o
                0x08000bb0                chThdCreateI
 .text.chThdCreateStatic
                0x08000c40       0x80 build/obj/chthreads.o
                0x08000c40                chThdCreateStatic
 .text.chThdSleep
                0x08000cc0       0x30 build/obj/chthreads.o
                0x08000cc0                chThdSleep
 .text.chThdExitS
                0x08000cf0       0x50 build/obj/chthreads.o
                0x08000cf0                chThdExitS
 .text.chThdExit
                0x08000d40       0x20 build/obj/chthreads.o
                0x08000d40                chThdExit
 .text.chMtxInit
                0x08000d60       0x30 build/obj/chmtx.o
                0x08000d60                chMtxInit
 .text._core_init
                0x08000d90       0x30 build/obj/chmemcore.o
                0x08000d90                _core_init
 .text.chCoreAllocI
                0x08000dc0       0x30 build/obj/chmemcore.o
                0x08000dc0                chCoreAllocI
 .text.chCoreAlloc
                0x08000df0       0x20 build/obj/chmemcore.o
                0x08000df0                chCoreAlloc
 .text._heap_init
                0x08000e10       0x20 build/obj/chheap.o
                0x08000e10                _heap_init
 .text.halInit  0x08000e30       0x30 build/obj/hal.o
                0x08000e30                halInit
 .text.adcInit  0x08000e60       0x10 build/obj/adc.o
                0x08000e60                adcInit
 .text.adcObjectInit
                0x08000e70       0x20 build/obj/adc.o
                0x08000e70                adcObjectInit
 .text.adcStartConversionI
                0x08000e90       0x60 build/obj/adc.o
                0x08000e90                adcStartConversionI
 .text.adcStartConversion
                0x08000ef0       0x30 build/obj/adc.o
                0x08000ef0                adcStartConversion
 .text.pwmInit  0x08000f20       0x10 build/obj/pwm.o
                0x08000f20                pwmInit
 .text.pwmObjectInit
                0x08000f30       0x10 build/obj/pwm.o
                0x08000f30                pwmObjectInit
 .text.pwmStart
                0x08000f40       0x50 build/obj/pwm.o
                0x08000f40                pwmStart
 .text.pwmEnableChannel
                0x08000f90       0x50 build/obj/pwm.o
                0x08000f90                pwmEnableChannel
 .text.set_address
                0x08000fe0       0x30 build/obj/usb.o
 .text.usbInit  0x08001010       0x10 build/obj/usb.o
                0x08001010                usbInit
 .text.usbObjectInit
                0x08001020       0x10 build/obj/usb.o
                0x08001020                usbObjectInit
 .text._usb_reset
                0x08001030       0x40 build/obj/usb.o
                0x08001030                _usb_reset
 .text._usb_ep0setup
                0x08001070      0x300 build/obj/usb.o
                0x08001070                _usb_ep0setup
 .text._usb_ep0in
                0x08001370       0x90 build/obj/usb.o
                0x08001370                _usb_ep0in
 .text._usb_ep0out
                0x08001400       0x70 build/obj/usb.o
                0x08001400                _usb_ep0out
 .text.tm_start
                0x08001470       0x10 build/obj/tm.o
 .text.tm_stop  0x08001480       0x30 build/obj/tm.o
 .text.tmInit   0x080014b0       0x40 build/obj/tm.o
                0x080014b0                tmInit
 .text.sduInit  0x080014f0       0x10 build/obj/serial_usb.o
                0x080014f0                sduInit
 .text.Vector6C
                0x08001500       0x30 build/obj/stm32_dma.o
                0x08001500                Vector6C
 .text.Vector70
                0x08001530       0x30 build/obj/stm32_dma.o
                0x08001530                Vector70
 .text.Vector74
                0x08001560       0x40 build/obj/stm32_dma.o
                0x08001560                Vector74
 .text.Vector78
                0x080015a0       0x40 build/obj/stm32_dma.o
                0x080015a0                Vector78
 .text.Vector7C
                0x080015e0       0x40 build/obj/stm32_dma.o
                0x080015e0                Vector7C
 .text.Vector80
                0x08001620       0x40 build/obj/stm32_dma.o
                0x08001620                Vector80
 .text.Vector84
                0x08001660       0x40 build/obj/stm32_dma.o
                0x08001660                Vector84
 .text.dmaInit  0x080016a0       0x60 build/obj/stm32_dma.o
                0x080016a0                dmaInit
 .text.hal_lld_init
                0x08001700       0xa0 build/obj/hal_lld.o
                0x08001700                hal_lld_init
 .text.stm32_clock_init
                0x080017a0       0x90 build/obj/hal_lld.o
                0x080017a0                stm32_clock_init
 .text.adc_lld_init
                0x08001830       0x70 build/obj/adc_lld.o
                0x08001830                adc_lld_init
 .text.adc_lld_start_conversion
                0x080018a0       0x70 build/obj/adc_lld.o
                0x080018a0                adc_lld_start_conversion
 .text.VectorB0
                0x08001910       0x80 build/obj/pwm_lld.o
                0x08001910                VectorB0
 .text.pwm_lld_init
                0x08001990       0x20 build/obj/pwm_lld.o
                0x08001990                pwm_lld_init
 .text.pwm_lld_start
                0x080019b0      0x130 build/obj/pwm_lld.o
                0x080019b0                pwm_lld_start
 .text.pwm_lld_enable_channel
                0x08001ae0       0x40 build/obj/pwm_lld.o
                0x08001ae0                pwm_lld_enable_channel
 .text._pal_lld_init
                0x08001b20       0x70 build/obj/pal_lld.o
                0x08001b20                _pal_lld_init
 .text.Vector8C
                0x08001b90       0x20 build/obj/usb_lld.o
                0x08001b90                Vector8C
 .text.usb_lld_init
                0x08001bb0       0x10 build/obj/usb_lld.o
                0x08001bb0                usb_lld_init
 .text.usb_lld_set_address
                0x08001bc0       0x20 build/obj/usb_lld.o
                0x08001bc0                usb_lld_set_address
 .text.usb_lld_init_endpoint
                0x08001be0      0x100 build/obj/usb_lld.o
                0x08001be0                usb_lld_init_endpoint
 .text.usb_lld_reset
                0x08001ce0       0x40 build/obj/usb_lld.o
                0x08001ce0                usb_lld_reset
 .text.usb_lld_get_status_out
                0x08001d20       0x20 build/obj/usb_lld.o
                0x08001d20                usb_lld_get_status_out
 .text.usb_lld_get_status_in
                0x08001d40       0x20 build/obj/usb_lld.o
                0x08001d40                usb_lld_get_status_in
 .text.usb_lld_read_setup
                0x08001d60       0x50 build/obj/usb_lld.o
                0x08001d60                usb_lld_read_setup
 .text.usb_lld_read_packet_buffer
                0x08001db0       0x80 build/obj/usb_lld.o
                0x08001db0                usb_lld_read_packet_buffer
 .text.usb_lld_write_packet_buffer
                0x08001e30       0x70 build/obj/usb_lld.o
                0x08001e30                usb_lld_write_packet_buffer
 .text.Vector90
                0x08001ea0      0x260 build/obj/usb_lld.o
                0x08001ea0                Vector90
 .text.usb_lld_prepare_receive
                0x08002100       0x30 build/obj/usb_lld.o
                0x08002100                usb_lld_prepare_receive
 .text.usb_lld_prepare_transmit
                0x08002130       0x20 build/obj/usb_lld.o
                0x08002130                usb_lld_prepare_transmit
 .text.usb_lld_start_out
                0x08002150       0x20 build/obj/usb_lld.o
                0x08002150                usb_lld_start_out
 .text.usb_lld_start_in
                0x08002170       0x20 build/obj/usb_lld.o
                0x08002170                usb_lld_start_in
 .text.usb_lld_stall_out
                0x08002190       0x20 build/obj/usb_lld.o
                0x08002190                usb_lld_stall_out
 .text.usb_lld_stall_in
                0x080021b0       0x20 build/obj/usb_lld.o
                0x080021b0                usb_lld_stall_in
 .text.usb_lld_clear_out
                0x080021d0       0x30 build/obj/usb_lld.o
                0x080021d0                usb_lld_clear_out
 .text.usb_lld_clear_in
                0x08002200       0x30 build/obj/usb_lld.o
                0x08002200                usb_lld_clear_in
 .text.__early_init
                0x08002230       0x10 build/obj/board.o
                0x08002230                __early_init
 .text.boardInit
                0x08002240       0x10 build/obj/board.o
                0x08002240                boardInit
 .text.main     0x08002250       0x20 build/obj/main.o
                0x08002250                main
 .text.contAdcReadyCb
                0x08002270      0x120 build/obj/conv_ctrl.o
 .text.convStart
                0x08002390       0x50 build/obj/conv_ctrl.o
                0x08002390                convStart
 *(.rodata)
 *(.rodata.*)
 .rodata.str1.4
                0x080023e0        0xd build/obj/chsys.o
                                 0x10 (size before relaxing)
 *fill*         0x080023ed        0x3 00
 .rodata.str1.4
                0x080023f0       0x56 build/obj/chdebug.o
                                 0x58 (size before relaxing)
 *fill*         0x08002446        0xa 00
 .rodata.str1.4
                0x08002450       0x31 build/obj/chvt.o
                                 0x34 (size before relaxing)
 *fill*         0x08002481        0xf 00
 .rodata.str1.4
                0x08002490       0x23 build/obj/chschd.o
                                 0x24 (size before relaxing)
 *fill*         0x080024b3        0xd 00
 .rodata.str1.4
                0x080024c0       0x94 build/obj/chthreads.o
 *fill*         0x08002554        0xc 00
 .rodata.str1.4
                0x08002560       0xab build/obj/chmtx.o
                                 0xac (size before relaxing)
 *fill*         0x0800260b        0x5 00
 .rodata.str1.4
                0x08002610      0x10e build/obj/adc.o
                                0x110 (size before relaxing)
 *fill*         0x0800271e        0x2 00
 .rodata.str1.4
                0x08002720       0xb0 build/obj/pwm.o
 .rodata.zero_status
                0x080027d0        0x4 build/obj/usb.o
 *fill*         0x080027d4        0xc 00
 .rodata.active_status
                0x080027e0        0x4 build/obj/usb.o
 *fill*         0x080027e4        0xc 00
 .rodata.halted_status
                0x080027f0        0x4 build/obj/usb.o
 *fill*         0x080027f4        0xc 00
 .rodata._stm32_dma_streams
                0x08002800       0x54 build/obj/stm32_dma.o
                0x08002800                _stm32_dma_streams
 *fill*         0x08002854        0xc 00
 .rodata.str1.4
                0x08002860       0x14 build/obj/pwm_lld.o
 *fill*         0x08002874        0xc 00
 .rodata.CSWTCH.7
                0x08002880        0x8 build/obj/usb_lld.o
 *fill*         0x08002888        0x8 00
 .rodata.CSWTCH.10
                0x08002890       0x14 build/obj/usb_lld.o
 *fill*         0x080028a4        0xc 00
 .rodata.str1.4
                0x080028b0       0x10 build/obj/usb_lld.o
 .rodata.ep0config
                0x080028c0       0x1c build/obj/usb_lld.o
 *fill*         0x080028dc        0x4 00
 .rodata.pal_default_config
                0x080028e0       0x3c build/obj/board.o
                0x080028e0                pal_default_config
 *fill*         0x0800291c        0x4 00
 .rodata.adcGroup
                0x08002920       0x2c build/obj/conv_ctrl.o
 *(.glue_7t)
 .glue_7t       0x00000000        0x0 linker stubs
 *(.glue_7)
 .glue_7        0x00000000        0x0 linker stubs
 *(.gcc*)

.vfp11_veneer   0x0800294c        0x0
 .vfp11_veneer  0x00000000        0x0 linker stubs

.v4_bx          0x0800294c        0x0
 .v4_bx         0x00000000        0x0 linker stubs

.ARM.extab
 *(.ARM.extab* .gnu.linkonce.armextab.*)

.ARM.exidx      0x0800294c        0x0
                0x0800294c                PROVIDE (__exidx_start, .)
 *(.ARM.exidx* .gnu.linkonce.armexidx.*)
                0x0800294c                PROVIDE (__exidx_end, .)

.eh_frame_hdr
 *(.eh_frame_hdr)

.eh_frame
 *(.eh_frame)

.textalign      0x0800294c        0x4
                0x08002950                . = ALIGN (0x8)
 *fill*         0x0800294c        0x4 00
                0x08002950                _etext = .
                0x08002950                _textdata = _etext

.stacks         0x20000000      0x800
                0x20000000                . = ALIGN (0x8)
                0x20000000                __main_stack_base__ = .
                0x20000400                . = (. + __main_stack_size__)
 *fill*         0x20000000      0x400 00
                0x20000400                . = ALIGN (0x8)
                0x20000400                __main_stack_end__ = .
                0x20000400                __process_stack_base__ = .
                0x20000400                __main_thread_stack_base__ = .
                0x20000800                . = (. + __process_stack_size__)
 *fill*         0x20000400      0x400 00
                0x20000800                . = ALIGN (0x8)
                0x20000800                __process_stack_end__ = .
                0x20000800                __main_thread_stack_end__ = .

.data           0x20000800       0x3c load address 0x08002950
                0x20000800                . = ALIGN (0x4)
                0x20000800                PROVIDE (_data, .)
 *(.data)
                0x20000800                . = ALIGN (0x4)
 *(.data.*)
 .data.boostSp  0x20000800        0x2 build/obj/conv_ctrl.o
 .data.buckGain
                0x20000802        0x2 build/obj/conv_ctrl.o
 .data.pwmCfg   0x20000804       0x30 build/obj/conv_ctrl.o
 .data.buckSp   0x20000834        0x2 build/obj/conv_ctrl.o
 .data.boostGain
                0x20000836        0x2 build/obj/conv_ctrl.o
 .data.inputSp  0x20000838        0x2 build/obj/conv_ctrl.o
                0x2000083c                . = ALIGN (0x4)
 *fill*         0x2000083a        0x2 00
 *(.ramtext)
                0x2000083c                . = ALIGN (0x4)
                0x2000083c                PROVIDE (_edata, .)

.bss            0x20000840      0x678 load address 0x0800298c
                0x20000840                . = ALIGN (0x4)
                0x20000840                PROVIDE (_bss_start, .)
 *(.bss)
                0x20000840                . = ALIGN (0x4)
 *(.bss.*)
 .bss.mainthread.4697
                0x20000840       0x4c build/obj/chsys.o
 *fill*         0x2000088c        0x4 00
 .bss._idle_thread_wa
                0x20000890       0xc0 build/obj/chsys.o
                0x20000890                _idle_thread_wa
 .bss.dbg_isr_cnt
                0x20000950        0x4 build/obj/chdebug.o
                0x20000950                dbg_isr_cnt
 .bss.dbg_trace_buffer
                0x20000954      0x408 build/obj/chdebug.o
                0x20000954                dbg_trace_buffer
 .bss.dbg_lock_cnt
                0x20000d5c        0x4 build/obj/chdebug.o
                0x20000d5c                dbg_lock_cnt
 .bss.dbg_panic_msg
                0x20000d60        0x4 build/obj/chdebug.o
                0x20000d60                dbg_panic_msg
 .bss.vtlist    0x20000d64       0x10 build/obj/chvt.o
                0x20000d64                vtlist
 .bss.rlist     0x20000d74       0x20 build/obj/chschd.o
                0x20000d74                rlist
 .bss.endmem    0x20000d94        0x4 build/obj/chmemcore.o
 .bss.nextmem   0x20000d98        0x4 build/obj/chmemcore.o
 *fill*         0x20000d9c        0x4 00
 .bss.default_heap
                0x20000da0       0x20 build/obj/chheap.o
 .bss.measurement_offset
                0x20000dc0        0x4 build/obj/tm.o
 .bss.dma_isr_redir
                0x20000dc4       0x38 build/obj/stm32_dma.o
 .bss.dma_streams_mask
                0x20000dfc        0x4 build/obj/stm32_dma.o
 .bss.ADCD1     0x20000e00       0x34 build/obj/adc_lld.o
                0x20000e00                ADCD1
 .bss.PWMD2     0x20000e34       0x14 build/obj/pwm_lld.o
                0x20000e34                PWMD2
 .bss.USBD1     0x20000e48       0x50 build/obj/usb_lld.o
                0x20000e48                USBD1
 .bss.ep0_state
                0x20000e98       0x10 build/obj/usb_lld.o
 .bss.adcSamples
                0x20000ea8        0xc build/obj/conv_ctrl.o
 .bss.boostPwm  0x20000eb4        0x2 build/obj/conv_ctrl.o
 .bss.buckPwm   0x20000eb6        0x2 build/obj/conv_ctrl.o
                0x20000eb8                . = ALIGN (0x4)
 *(COMMON)
                0x20000eb8                . = ALIGN (0x4)
                0x20000eb8                PROVIDE (_bss_end, .)
                0x20000eb8                PROVIDE (end, .)
                0x20000eb8                _end = .
                0x20000eb8                __heap_base__ = _end
                0x20002800                __heap_end__ = __ram_end__
OUTPUT(build/ch.elf elf32-littlearm)

.debug_abbrev   0x00000000     0x51ab
 .debug_abbrev  0x00000000      0x121 build/obj/crt0.o
 .debug_abbrev  0x00000121       0x74 build/obj/vectors.o
 .debug_abbrev  0x00000195       0x41 build/obj/chcore.o
 .debug_abbrev  0x000001d6      0x18d build/obj/chcore_v7m.o
 .debug_abbrev  0x00000363       0xec build/obj/nvic.o
 .debug_abbrev  0x0000044f      0x17c build/obj/chsys.o
 .debug_abbrev  0x000005cb      0x1dc build/obj/chdebug.o
 .debug_abbrev  0x000007a7      0x163 build/obj/chlists.o
 .debug_abbrev  0x0000090a      0x13d build/obj/chvt.o
 .debug_abbrev  0x00000a47      0x1eb build/obj/chschd.o
 .debug_abbrev  0x00000c32      0x27e build/obj/chthreads.o
 .debug_abbrev  0x00000eb0      0x172 build/obj/chdynamic.o
 .debug_abbrev  0x00001022      0x111 build/obj/chregistry.o
 .debug_abbrev  0x00001133      0x1a4 build/obj/chsem.o
 .debug_abbrev  0x000012d7      0x195 build/obj/chmtx.o
 .debug_abbrev  0x0000146c      0x17d build/obj/chcond.o
 .debug_abbrev  0x000015e9      0x1a4 build/obj/chevents.o
 .debug_abbrev  0x0000178d      0x128 build/obj/chmsg.o
 .debug_abbrev  0x000018b5      0x183 build/obj/chmboxes.o
 .debug_abbrev  0x00001a38      0x20d build/obj/chqueues.o
 .debug_abbrev  0x00001c45       0xdc build/obj/chmemcore.o
 .debug_abbrev  0x00001d21      0x1a3 build/obj/chheap.o
 .debug_abbrev  0x00001ec4      0x107 build/obj/chmempools.o
 .debug_abbrev  0x00001fcb      0x174 build/obj/hal.o
 .debug_abbrev  0x0000213f      0x1f9 build/obj/adc.o
 .debug_abbrev  0x00002338       0x4f build/obj/can.o
 .debug_abbrev  0x00002387       0x4f build/obj/ext.o
 .debug_abbrev  0x000023d6       0x4f build/obj/gpt.o
 .debug_abbrev  0x00002425       0x4f build/obj/i2c.o
 .debug_abbrev  0x00002474       0x4f build/obj/icu.o
 .debug_abbrev  0x000024c3       0x4f build/obj/mac.o
 .debug_abbrev  0x00002512       0xfc build/obj/pal.o
 .debug_abbrev  0x0000260e      0x16c build/obj/pwm.o
 .debug_abbrev  0x0000277a       0x4f build/obj/sdc.o
 .debug_abbrev  0x000027c9       0x4f build/obj/serial.o
 .debug_abbrev  0x00002818       0x4f build/obj/spi.o
 .debug_abbrev  0x00002867       0x4f build/obj/uart.o
 .debug_abbrev  0x000028b6      0x23d build/obj/usb.o
 .debug_abbrev  0x00002af3      0x169 build/obj/tm.o
 .debug_abbrev  0x00002c5c       0x4f build/obj/mmc_spi.o
 .debug_abbrev  0x00002cab      0x2d7 build/obj/serial_usb.o
 .debug_abbrev  0x00002f82       0x4f build/obj/rtc.o
 .debug_abbrev  0x00002fd1      0x18a build/obj/stm32_dma.o
 .debug_abbrev  0x0000315b       0xf6 build/obj/hal_lld.o
 .debug_abbrev  0x00003251      0x224 build/obj/adc_lld.o
 .debug_abbrev  0x00003475       0x4f build/obj/can_lld.o
 .debug_abbrev  0x000034c4       0x4f build/obj/ext_lld.o
 .debug_abbrev  0x00003513       0x4f build/obj/gpt_lld.o
 .debug_abbrev  0x00003562       0x4f build/obj/i2c_lld.o
 .debug_abbrev  0x000035b1       0x4f build/obj/icu_lld.o
 .debug_abbrev  0x00003600       0x4f build/obj/mac_lld.o
 .debug_abbrev  0x0000364f      0x20e build/obj/pwm_lld.o
 .debug_abbrev  0x0000385d       0x4f build/obj/serial_lld.o
 .debug_abbrev  0x000038ac       0x4f build/obj/sdc_lld.o
 .debug_abbrev  0x000038fb       0x4f build/obj/spi_lld.o
 .debug_abbrev  0x0000394a       0x4f build/obj/uart_lld.o
 .debug_abbrev  0x00003999      0x129 build/obj/pal_lld.o
 .debug_abbrev  0x00003ac2      0x390 build/obj/usb_lld.o
 .debug_abbrev  0x00003e52       0x4f build/obj/rtc_lld.o
 .debug_abbrev  0x00003ea1       0xa9 build/obj/board.o
 .debug_abbrev  0x00003f4a      0x138 build/obj/evtimer.o
 .debug_abbrev  0x00004082      0x1b5 build/obj/syscalls.o
 .debug_abbrev  0x00004237      0x2ea build/obj/shell.o
 .debug_abbrev  0x00004521      0x153 build/obj/chprintf.o
 .debug_abbrev  0x00004674       0x68 build/obj/main.o
 .debug_abbrev  0x000046dc      0x201 build/obj/usb_ctrl.o
 .debug_abbrev  0x000048dd      0x138 build/obj/light_ctrl.o
 .debug_abbrev  0x00004a15      0x1fc build/obj/power_ctrl.o
 .debug_abbrev  0x00004c11      0x1e5 build/obj/moto_ctrl.o
 .debug_abbrev  0x00004df6      0x1ee build/obj/adc_ctrl.o
 .debug_abbrev  0x00004fe4      0x1c7 build/obj/conv_ctrl.o

.debug_info     0x00000000    0x15b4a
 .debug_info    0x00000000      0x37b build/obj/crt0.o
 .debug_info    0x0000037b       0xb5 build/obj/vectors.o
 .debug_info    0x00000430       0x8b build/obj/chcore.o
 .debug_info    0x000004bb      0x7ba build/obj/chcore_v7m.o
 .debug_info    0x00000c75      0x439 build/obj/nvic.o
 .debug_info    0x000010ae      0x67a build/obj/chsys.o
 .debug_info    0x00001728      0x92e build/obj/chdebug.o
 .debug_info    0x00002056      0x55c build/obj/chlists.o
 .debug_info    0x000025b2      0x280 build/obj/chvt.o
 .debug_info    0x00002832      0x702 build/obj/chschd.o
 .debug_info    0x00002f34      0x934 build/obj/chthreads.o
 .debug_info    0x00003868      0x698 build/obj/chdynamic.o
 .debug_info    0x00003f00      0x4db build/obj/chregistry.o
 .debug_info    0x000043db      0x750 build/obj/chsem.o
 .debug_info    0x00004b2b      0x6c1 build/obj/chmtx.o
 .debug_info    0x000051ec      0x6a2 build/obj/chcond.o
 .debug_info    0x0000588e      0x852 build/obj/chevents.o
 .debug_info    0x000060e0      0x521 build/obj/chmsg.o
 .debug_info    0x00006601      0x7d6 build/obj/chmboxes.o
 .debug_info    0x00006dd7      0x8ac build/obj/chqueues.o
 .debug_info    0x00007683      0x19b build/obj/chmemcore.o
 .debug_info    0x0000781e      0x64d build/obj/chheap.o
 .debug_info    0x00007e6b      0x23f build/obj/chmempools.o
 .debug_info    0x000080aa      0x2f6 build/obj/hal.o
 .debug_info    0x000083a0      0xba6 build/obj/adc.o
 .debug_info    0x00008f46       0x9f build/obj/can.o
 .debug_info    0x00008fe5       0x9f build/obj/ext.o
 .debug_info    0x00009084       0x9f build/obj/gpt.o
 .debug_info    0x00009123       0x9f build/obj/i2c.o
 .debug_info    0x000091c2       0x9f build/obj/icu.o
 .debug_info    0x00009261       0x9f build/obj/mac.o
 .debug_info    0x00009300      0x245 build/obj/pal.o
 .debug_info    0x00009545      0x598 build/obj/pwm.o
 .debug_info    0x00009add       0x9f build/obj/sdc.o
 .debug_info    0x00009b7c       0x9f build/obj/serial.o
 .debug_info    0x00009c1b       0x9f build/obj/spi.o
 .debug_info    0x00009cba       0x9f build/obj/uart.o
 .debug_info    0x00009d59      0x93c build/obj/usb.o
 .debug_info    0x0000a695      0x2a2 build/obj/tm.o
 .debug_info    0x0000a937       0x9f build/obj/mmc_spi.o
 .debug_info    0x0000a9d6     0x1205 build/obj/serial_usb.o
 .debug_info    0x0000bbdb       0x9f build/obj/rtc.o
 .debug_info    0x0000bc7a      0x647 build/obj/stm32_dma.o
 .debug_info    0x0000c2c1      0x3b2 build/obj/hal_lld.o
 .debug_info    0x0000c673      0xba1 build/obj/adc_lld.o
 .debug_info    0x0000d214       0x9f build/obj/can_lld.o
 .debug_info    0x0000d2b3       0x9f build/obj/ext_lld.o
 .debug_info    0x0000d352       0x9f build/obj/gpt_lld.o
 .debug_info    0x0000d3f1       0x9f build/obj/i2c_lld.o
 .debug_info    0x0000d490       0x9f build/obj/icu_lld.o
 .debug_info    0x0000d52f       0x9f build/obj/mac_lld.o
 .debug_info    0x0000d5ce      0x7e3 build/obj/pwm_lld.o
 .debug_info    0x0000ddb1       0x9f build/obj/serial_lld.o
 .debug_info    0x0000de50       0x9f build/obj/sdc_lld.o
 .debug_info    0x0000deef       0x9f build/obj/spi_lld.o
 .debug_info    0x0000df8e       0x9f build/obj/uart_lld.o
 .debug_info    0x0000e02d      0x39a build/obj/pal_lld.o
 .debug_info    0x0000e3c7      0xebe build/obj/usb_lld.o
 .debug_info    0x0000f285       0x9f build/obj/rtc_lld.o
 .debug_info    0x0000f324      0x185 build/obj/board.o
 .debug_info    0x0000f4a9      0x58f build/obj/evtimer.o
 .debug_info    0x0000fa38      0xc31 build/obj/syscalls.o
 .debug_info    0x00010669      0xcc2 build/obj/shell.o
 .debug_info    0x0001132b      0x3fc build/obj/chprintf.o
 .debug_info    0x00011727       0xd2 build/obj/main.o
 .debug_info    0x000117f9     0x10eb build/obj/usb_ctrl.o
 .debug_info    0x000128e4      0x38c build/obj/light_ctrl.o
 .debug_info    0x00012c70      0x975 build/obj/power_ctrl.o
 .debug_info    0x000135e5      0x989 build/obj/moto_ctrl.o
 .debug_info    0x00013f6e      0xd31 build/obj/adc_ctrl.o
 .debug_info    0x00014c9f      0xeab build/obj/conv_ctrl.o

.debug_line     0x00000000     0x8cd5
 .debug_line    0x00000000      0x15b build/obj/crt0.o
 .debug_line    0x0000015b       0x63 build/obj/vectors.o
 .debug_line    0x000001be       0x58 build/obj/chcore.o
 .debug_line    0x00000216      0x23d build/obj/chcore_v7m.o
 .debug_line    0x00000453      0x11c build/obj/nvic.o
 .debug_line    0x0000056f      0x1b8 build/obj/chsys.o
 .debug_line    0x00000727      0x338 build/obj/chdebug.o
 .debug_line    0x00000a5f      0x1de build/obj/chlists.o
 .debug_line    0x00000c3d      0x1a8 build/obj/chvt.o
 .debug_line    0x00000de5      0x29e build/obj/chschd.o
 .debug_line    0x00001083      0x3a9 build/obj/chthreads.o
 .debug_line    0x0000142c      0x279 build/obj/chdynamic.o
 .debug_line    0x000016a5      0x18b build/obj/chregistry.o
 .debug_line    0x00001830      0x38d build/obj/chsem.o
 .debug_line    0x00001bbd      0x2dc build/obj/chmtx.o
 .debug_line    0x00001e99      0x26d build/obj/chcond.o
 .debug_line    0x00002106      0x308 build/obj/chevents.o
 .debug_line    0x0000240e      0x1aa build/obj/chmsg.o
 .debug_line    0x000025b8      0x2e7 build/obj/chmboxes.o
 .debug_line    0x0000289f      0x38e build/obj/chqueues.o
 .debug_line    0x00002c2d      0x17c build/obj/chmemcore.o
 .debug_line    0x00002da9      0x2cf build/obj/chheap.o
 .debug_line    0x00003078      0x178 build/obj/chmempools.o
 .debug_line    0x000031f0      0x221 build/obj/hal.o
 .debug_line    0x00003411      0x3f4 build/obj/adc.o
 .debug_line    0x00003805       0xd8 build/obj/can.o
 .debug_line    0x000038dd       0xd8 build/obj/ext.o
 .debug_line    0x000039b5       0xd8 build/obj/gpt.o
 .debug_line    0x00003a8d       0xd8 build/obj/i2c.o
 .debug_line    0x00003b65       0xd8 build/obj/icu.o
 .debug_line    0x00003c3d       0xd8 build/obj/mac.o
 .debug_line    0x00003d15      0x1e7 build/obj/pal.o
 .debug_line    0x00003efc      0x252 build/obj/pwm.o
 .debug_line    0x0000414e       0xd8 build/obj/sdc.o
 .debug_line    0x00004226       0xd8 build/obj/serial.o
 .debug_line    0x000042fe       0xd8 build/obj/spi.o
 .debug_line    0x000043d6       0xd8 build/obj/uart.o
 .debug_line    0x000044ae      0x4d9 build/obj/usb.o
 .debug_line    0x00004987      0x1ef build/obj/tm.o
 .debug_line    0x00004b76       0xd8 build/obj/mmc_spi.o
 .debug_line    0x00004c4e      0x47d build/obj/serial_usb.o
 .debug_line    0x000050cb       0xd8 build/obj/rtc.o
 .debug_line    0x000051a3      0x296 build/obj/stm32_dma.o
 .debug_line    0x00005439      0x1cb build/obj/hal_lld.o
 .debug_line    0x00005604      0x3b7 build/obj/adc_lld.o
 .debug_line    0x000059bb       0xd8 build/obj/can_lld.o
 .debug_line    0x00005a93       0xd8 build/obj/ext_lld.o
 .debug_line    0x00005b6b       0xd8 build/obj/gpt_lld.o
 .debug_line    0x00005c43       0xd8 build/obj/i2c_lld.o
 .debug_line    0x00005d1b       0xd8 build/obj/icu_lld.o
 .debug_line    0x00005df3       0xd8 build/obj/mac_lld.o
 .debug_line    0x00005ecb      0x28e build/obj/pwm_lld.o
 .debug_line    0x00006159       0xd8 build/obj/serial_lld.o
 .debug_line    0x00006231       0xd8 build/obj/sdc_lld.o
 .debug_line    0x00006309       0xd8 build/obj/spi_lld.o
 .debug_line    0x000063e1       0xd8 build/obj/uart_lld.o
 .debug_line    0x000064b9      0x215 build/obj/pal_lld.o
 .debug_line    0x000066ce      0x532 build/obj/usb_lld.o
 .debug_line    0x00006c00       0xd8 build/obj/rtc_lld.o
 .debug_line    0x00006cd8      0x15e build/obj/board.o
 .debug_line    0x00006e36      0x1a4 build/obj/evtimer.o
 .debug_line    0x00006fda      0x1e8 build/obj/syscalls.o
 .debug_line    0x000071c2      0x39d build/obj/shell.o
 .debug_line    0x0000755f      0x32b build/obj/chprintf.o
 .debug_line    0x0000788a      0x127 build/obj/main.o
 .debug_line    0x000079b1      0x35f build/obj/usb_ctrl.o
 .debug_line    0x00007d10      0x23e build/obj/light_ctrl.o
 .debug_line    0x00007f4e      0x33c build/obj/power_ctrl.o
 .debug_line    0x0000828a      0x35f build/obj/moto_ctrl.o
 .debug_line    0x000085e9      0x35a build/obj/adc_ctrl.o
 .debug_line    0x00008943      0x392 build/obj/conv_ctrl.o

.debug_loc      0x00000000     0x75f8
 .debug_loc     0x00000000       0x72 build/obj/crt0.o
 .debug_loc     0x00000072      0x10f build/obj/chcore_v7m.o
 .debug_loc     0x00000181      0x10a build/obj/nvic.o
 .debug_loc     0x0000028b       0xbc build/obj/chsys.o
 .debug_loc     0x00000347      0x1ae build/obj/chdebug.o
 .debug_loc     0x000004f5       0xcc build/obj/chlists.o
 .debug_loc     0x000005c1      0x14e build/obj/chvt.o
 .debug_loc     0x0000070f      0x277 build/obj/chschd.o
 .debug_loc     0x00000986      0x505 build/obj/chthreads.o
 .debug_loc     0x00000e8b      0x276 build/obj/chdynamic.o
 .debug_loc     0x00001101       0xa7 build/obj/chregistry.o
 .debug_loc     0x000011a8      0x479 build/obj/chsem.o
 .debug_loc     0x00001621      0x353 build/obj/chmtx.o
 .debug_loc     0x00001974      0x348 build/obj/chcond.o
 .debug_loc     0x00001cbc      0x5cf build/obj/chevents.o
 .debug_loc     0x0000228b      0x136 build/obj/chmsg.o
 .debug_loc     0x000023c1      0x57d build/obj/chmboxes.o
 .debug_loc     0x0000293e      0x520 build/obj/chqueues.o
 .debug_loc     0x00002e5e       0xc7 build/obj/chmemcore.o
 .debug_loc     0x00002f25      0x2d3 build/obj/chheap.o
 .debug_loc     0x000031f8      0x216 build/obj/chmempools.o
 .debug_loc     0x0000340e       0x5c build/obj/hal.o
 .debug_loc     0x0000346a      0x3c4 build/obj/adc.o
 .debug_loc     0x0000382e       0xf6 build/obj/pal.o
 .debug_loc     0x00003924      0x1ee build/obj/pwm.o
 .debug_loc     0x00003b12      0x52b build/obj/usb.o
 .debug_loc     0x0000403d       0x77 build/obj/tm.o
 .debug_loc     0x000040b4      0x47b build/obj/serial_usb.o
 .debug_loc     0x0000452f      0x2ae build/obj/stm32_dma.o
 .debug_loc     0x000047dd       0x20 build/obj/hal_lld.o
 .debug_loc     0x000047fd      0x2ca build/obj/adc_lld.o
 .debug_loc     0x00004ac7      0x241 build/obj/pwm_lld.o
 .debug_loc     0x00004d08      0x511 build/obj/pal_lld.o
 .debug_loc     0x00005219      0x8a5 build/obj/usb_lld.o
 .debug_loc     0x00005abe       0xd8 build/obj/evtimer.o
 .debug_loc     0x00005b96      0x15b build/obj/syscalls.o
 .debug_loc     0x00005cf1      0x6d2 build/obj/shell.o
 .debug_loc     0x000063c3      0x779 build/obj/chprintf.o
 .debug_loc     0x00006b3c       0x20 build/obj/main.o
 .debug_loc     0x00006b5c       0xc5 build/obj/usb_ctrl.o
 .debug_loc     0x00006c21       0xae build/obj/light_ctrl.o
 .debug_loc     0x00006ccf      0x2f7 build/obj/power_ctrl.o
 .debug_loc     0x00006fc6      0x33d build/obj/moto_ctrl.o
 .debug_loc     0x00007303      0x226 build/obj/adc_ctrl.o
 .debug_loc     0x00007529       0xcf build/obj/conv_ctrl.o

.debug_pubnames
                0x00000000     0x1939
 .debug_pubnames
                0x00000000       0x56 build/obj/crt0.o
 .debug_pubnames
                0x00000056       0x38 build/obj/vectors.o
 .debug_pubnames
                0x0000008e       0x20 build/obj/chcore.o
 .debug_pubnames
                0x000000ae       0xbd build/obj/chcore_v7m.o
 .debug_pubnames
                0x0000016b       0x5e build/obj/nvic.o
 .debug_pubnames
                0x000001c9       0x5c build/obj/chsys.o
 .debug_pubnames
                0x00000225      0x184 build/obj/chdebug.o
 .debug_pubnames
                0x000003a9       0x7f build/obj/chlists.o
 .debug_pubnames
                0x00000428       0x59 build/obj/chvt.o
 .debug_pubnames
                0x00000481       0xa7 build/obj/chschd.o
 .debug_pubnames
                0x00000528       0xf3 build/obj/chthreads.o
 .debug_pubnames
                0x0000061b       0x69 build/obj/chdynamic.o
 .debug_pubnames
                0x00000684       0x3b build/obj/chregistry.o
 .debug_pubnames
                0x000006bf       0xd1 build/obj/chsem.o
 .debug_pubnames
                0x00000790       0x94 build/obj/chmtx.o
 .debug_pubnames
                0x00000824       0xb9 build/obj/chcond.o
 .debug_pubnames
                0x000008dd      0x118 build/obj/chevents.o
 .debug_pubnames
                0x000009f5       0x3f build/obj/chmsg.o
 .debug_pubnames
                0x00000a34       0xba build/obj/chmboxes.o
 .debug_pubnames
                0x00000aee       0xb3 build/obj/chqueues.o
 .debug_pubnames
                0x00000ba1       0x53 build/obj/chmemcore.o
 .debug_pubnames
                0x00000bf4       0x60 build/obj/chheap.o
 .debug_pubnames
                0x00000c54       0x61 build/obj/chmempools.o
 .debug_pubnames
                0x00000cb5       0x48 build/obj/hal.o
 .debug_pubnames
                0x00000cfd       0xd8 build/obj/adc.o
 .debug_pubnames
                0x00000dd5       0x43 build/obj/pal.o
 .debug_pubnames
                0x00000e18       0x88 build/obj/pwm.o
 .debug_pubnames
                0x00000ea0      0x10d build/obj/usb.o
 .debug_pubnames
                0x00000fad       0x2e build/obj/tm.o
 .debug_pubnames
                0x00000fdb       0xa4 build/obj/serial_usb.o
 .debug_pubnames
                0x0000107f       0xbb build/obj/stm32_dma.o
 .debug_pubnames
                0x0000113a       0x38 build/obj/hal_lld.o
 .debug_pubnames
                0x00001172       0x89 build/obj/adc_lld.o
 .debug_pubnames
                0x000011fb       0x94 build/obj/pwm_lld.o
 .debug_pubnames
                0x0000128f       0x3e build/obj/pal_lld.o
 .debug_pubnames
                0x000012cd      0x211 build/obj/usb_lld.o
 .debug_pubnames
                0x000014de       0x48 build/obj/board.o
 .debug_pubnames
                0x00001526       0x2b build/obj/evtimer.o
 .debug_pubnames
                0x00001551       0x6c build/obj/syscalls.o
 .debug_pubnames
                0x000015bd       0x6c build/obj/shell.o
 .debug_pubnames
                0x00001629       0x1f build/obj/chprintf.o
 .debug_pubnames
                0x00001648       0x1b build/obj/main.o
 .debug_pubnames
                0x00001663       0x56 build/obj/usb_ctrl.o
 .debug_pubnames
                0x000016b9       0x2d build/obj/light_ctrl.o
 .debug_pubnames
                0x000016e6       0xbf build/obj/power_ctrl.o
 .debug_pubnames
                0x000017a5       0x96 build/obj/moto_ctrl.o
 .debug_pubnames
                0x0000183b       0x69 build/obj/adc_ctrl.o
 .debug_pubnames
                0x000018a4       0x95 build/obj/conv_ctrl.o

.debug_pubtypes
                0x00000000     0x3ecf
 .debug_pubtypes
                0x00000000       0x44 build/obj/crt0.o
 .debug_pubtypes
                0x00000044       0x12 build/obj/vectors.o
 .debug_pubtypes
                0x00000056       0x12 build/obj/chcore.o
 .debug_pubtypes
                0x00000068      0x14a build/obj/chcore_v7m.o
 .debug_pubtypes
                0x000001b2       0x38 build/obj/nvic.o
 .debug_pubtypes
                0x000001ea      0x179 build/obj/chsys.o
 .debug_pubtypes
                0x00000363      0x196 build/obj/chdebug.o
 .debug_pubtypes
                0x000004f9      0x11b build/obj/chlists.o
 .debug_pubtypes
                0x00000614       0x7e build/obj/chvt.o
 .debug_pubtypes
                0x00000692      0x17e build/obj/chschd.o
 .debug_pubtypes
                0x00000810      0x184 build/obj/chthreads.o
 .debug_pubtypes
                0x00000994      0x191 build/obj/chdynamic.o
 .debug_pubtypes
                0x00000b25      0x133 build/obj/chregistry.o
 .debug_pubtypes
                0x00000c58      0x14f build/obj/chsem.o
 .debug_pubtypes
                0x00000da7      0x13e build/obj/chmtx.o
 .debug_pubtypes
                0x00000ee5      0x14b build/obj/chcond.o
 .debug_pubtypes
                0x00001030      0x195 build/obj/chevents.o
 .debug_pubtypes
                0x000011c5      0x133 build/obj/chmsg.o
 .debug_pubtypes
                0x000012f8      0x14d build/obj/chmboxes.o
 .debug_pubtypes
                0x00001445      0x198 build/obj/chqueues.o
 .debug_pubtypes
                0x000015dd       0x29 build/obj/chmemcore.o
 .debug_pubtypes
                0x00001606      0x166 build/obj/chheap.o
 .debug_pubtypes
                0x0000176c       0x4d build/obj/chmempools.o
 .debug_pubtypes
                0x000017b9       0x76 build/obj/hal.o
 .debug_pubtypes
                0x0000182f      0x244 build/obj/adc.o
 .debug_pubtypes
                0x00001a73       0x1e build/obj/can.o
 .debug_pubtypes
                0x00001a91       0x1e build/obj/ext.o
 .debug_pubtypes
                0x00001aaf       0x1e build/obj/gpt.o
 .debug_pubtypes
                0x00001acd       0x1e build/obj/i2c.o
 .debug_pubtypes
                0x00001aeb       0x1e build/obj/icu.o
 .debug_pubtypes
                0x00001b09       0x1e build/obj/mac.o
 .debug_pubtypes
                0x00001b27       0x84 build/obj/pal.o
 .debug_pubtypes
                0x00001bab       0xe0 build/obj/pwm.o
 .debug_pubtypes
                0x00001c8b       0x1e build/obj/sdc.o
 .debug_pubtypes
                0x00001ca9       0x1e build/obj/serial.o
 .debug_pubtypes
                0x00001cc7       0x1e build/obj/spi.o
 .debug_pubtypes
                0x00001ce5       0x1e build/obj/uart.o
 .debug_pubtypes
                0x00001d03      0x179 build/obj/usb.o
 .debug_pubtypes
                0x00001e7c       0x6e build/obj/tm.o
 .debug_pubtypes
                0x00001eea       0x1e build/obj/mmc_spi.o
 .debug_pubtypes
                0x00001f08      0x3c2 build/obj/serial_usb.o
 .debug_pubtypes
                0x000022ca       0x1e build/obj/rtc.o
 .debug_pubtypes
                0x000022e8       0xce build/obj/stm32_dma.o
 .debug_pubtypes
                0x000023b6       0x93 build/obj/hal_lld.o
 .debug_pubtypes
                0x00002449      0x24f build/obj/adc_lld.o
 .debug_pubtypes
                0x00002698       0x1e build/obj/can_lld.o
 .debug_pubtypes
                0x000026b6       0x1e build/obj/ext_lld.o
 .debug_pubtypes
                0x000026d4       0x1e build/obj/gpt_lld.o
 .debug_pubtypes
                0x000026f2       0x1e build/obj/i2c_lld.o
 .debug_pubtypes
                0x00002710       0x1e build/obj/icu_lld.o
 .debug_pubtypes
                0x0000272e       0x1e build/obj/mac_lld.o
 .debug_pubtypes
                0x0000274c       0xf9 build/obj/pwm_lld.o
 .debug_pubtypes
                0x00002845       0x1e build/obj/serial_lld.o
 .debug_pubtypes
                0x00002863       0x1e build/obj/sdc_lld.o
 .debug_pubtypes
                0x00002881       0x1e build/obj/spi_lld.o
 .debug_pubtypes
                0x0000289f       0x1e build/obj/uart_lld.o
 .debug_pubtypes
                0x000028bd       0xaa build/obj/pal_lld.o
 .debug_pubtypes
                0x00002967      0x1c6 build/obj/usb_lld.o
 .debug_pubtypes
                0x00002b2d       0x1e build/obj/rtc_lld.o
 .debug_pubtypes
                0x00002b4b       0x50 build/obj/board.o
 .debug_pubtypes
                0x00002b9b      0x19a build/obj/evtimer.o
 .debug_pubtypes
                0x00002d35      0x19b build/obj/syscalls.o
 .debug_pubtypes
                0x00002ed0      0x21a build/obj/shell.o
 .debug_pubtypes
                0x000030ea       0xb5 build/obj/chprintf.o
 .debug_pubtypes
                0x0000319f       0x39 build/obj/main.o
 .debug_pubtypes
                0x000031d8      0x3e7 build/obj/usb_ctrl.o
 .debug_pubtypes
                0x000035bf       0xaa build/obj/light_ctrl.o
 .debug_pubtypes
                0x00003669      0x18e build/obj/power_ctrl.o
 .debug_pubtypes
                0x000037f7      0x18e build/obj/moto_ctrl.o
 .debug_pubtypes
                0x00003985      0x271 build/obj/adc_ctrl.o
 .debug_pubtypes
                0x00003bf6      0x2d9 build/obj/conv_ctrl.o

.debug_aranges  0x00000000      0xec8
 .debug_aranges
                0x00000000       0x38 build/obj/crt0.o
 .debug_aranges
                0x00000038       0x20 build/obj/vectors.o
 .debug_aranges
                0x00000058       0x20 build/obj/chcore.o
 .debug_aranges
                0x00000078       0x60 build/obj/chcore_v7m.o
 .debug_aranges
                0x000000d8       0x30 build/obj/nvic.o
 .debug_aranges
                0x00000108       0x30 build/obj/chsys.o
 .debug_aranges
                0x00000138       0x88 build/obj/chdebug.o
 .debug_aranges
                0x000001c0       0x50 build/obj/chlists.o
 .debug_aranges
                0x00000210       0x38 build/obj/chvt.o
 .debug_aranges
                0x00000248       0x58 build/obj/chschd.o
 .debug_aranges
                0x000002a0       0x80 build/obj/chthreads.o
 .debug_aranges
                0x00000320       0x38 build/obj/chdynamic.o
 .debug_aranges
                0x00000358       0x28 build/obj/chregistry.o
 .debug_aranges
                0x00000380       0x70 build/obj/chsem.o
 .debug_aranges
                0x000003f0       0x58 build/obj/chmtx.o
 .debug_aranges
                0x00000448       0x60 build/obj/chcond.o
 .debug_aranges
                0x000004a8       0x78 build/obj/chevents.o
 .debug_aranges
                0x00000520       0x30 build/obj/chmsg.o
 .debug_aranges
                0x00000550       0x70 build/obj/chmboxes.o
 .debug_aranges
                0x000005c0       0x70 build/obj/chqueues.o
 .debug_aranges
                0x00000630       0x38 build/obj/chmemcore.o
 .debug_aranges
                0x00000668       0x40 build/obj/chheap.o
 .debug_aranges
                0x000006a8       0x40 build/obj/chmempools.o
 .debug_aranges
                0x000006e8       0x30 build/obj/hal.o
 .debug_aranges
                0x00000718       0x70 build/obj/adc.o
 .debug_aranges
                0x00000788       0x30 build/obj/pal.o
 .debug_aranges
                0x000007b8       0x50 build/obj/pwm.o
 .debug_aranges
                0x00000808       0x90 build/obj/usb.o
 .debug_aranges
                0x00000898       0x38 build/obj/tm.o
 .debug_aranges
                0x000008d0       0xb0 build/obj/serial_usb.o
 .debug_aranges
                0x00000980       0x68 build/obj/stm32_dma.o
 .debug_aranges
                0x000009e8       0x28 build/obj/hal_lld.o
 .debug_aranges
                0x00000a10       0x48 build/obj/adc_lld.o
 .debug_aranges
                0x00000a58       0x48 build/obj/pwm_lld.o
 .debug_aranges
                0x00000aa0       0x28 build/obj/pal_lld.o
 .debug_aranges
                0x00000ac8       0xc8 build/obj/usb_lld.o
 .debug_aranges
                0x00000b90       0x28 build/obj/board.o
 .debug_aranges
                0x00000bb8       0x30 build/obj/evtimer.o
 .debug_aranges
                0x00000be8       0x50 build/obj/syscalls.o
 .debug_aranges
                0x00000c38       0x68 build/obj/shell.o
 .debug_aranges
                0x00000ca0       0x28 build/obj/chprintf.o
 .debug_aranges
                0x00000cc8       0x20 build/obj/main.o
 .debug_aranges
                0x00000ce8       0x40 build/obj/usb_ctrl.o
 .debug_aranges
                0x00000d28       0x28 build/obj/light_ctrl.o
 .debug_aranges
                0x00000d50       0x58 build/obj/power_ctrl.o
 .debug_aranges
                0x00000da8       0x68 build/obj/moto_ctrl.o
 .debug_aranges
                0x00000e10       0x58 build/obj/adc_ctrl.o
 .debug_aranges
                0x00000e68       0x60 build/obj/conv_ctrl.o

.debug_ranges   0x00000000     0x1038
 .debug_ranges  0x00000000       0x58 build/obj/crt0.o
 .debug_ranges  0x00000058       0x10 build/obj/vectors.o
 .debug_ranges  0x00000068       0x10 build/obj/chcore.o
 .debug_ranges  0x00000078       0x68 build/obj/chcore_v7m.o
 .debug_ranges  0x000000e0       0x20 build/obj/nvic.o
 .debug_ranges  0x00000100       0x20 build/obj/chsys.o
 .debug_ranges  0x00000120       0xf0 build/obj/chdebug.o
 .debug_ranges  0x00000210       0x40 build/obj/chlists.o
 .debug_ranges  0x00000250       0x28 build/obj/chvt.o
 .debug_ranges  0x00000278       0xb8 build/obj/chschd.o
 .debug_ranges  0x00000330       0x88 build/obj/chthreads.o
 .debug_ranges  0x000003b8       0x28 build/obj/chdynamic.o
 .debug_ranges  0x000003e0       0x18 build/obj/chregistry.o
 .debug_ranges  0x000003f8       0x78 build/obj/chsem.o
 .debug_ranges  0x00000470       0x80 build/obj/chmtx.o
 .debug_ranges  0x000004f0       0x50 build/obj/chcond.o
 .debug_ranges  0x00000540       0x68 build/obj/chevents.o
 .debug_ranges  0x000005a8       0x20 build/obj/chmsg.o
 .debug_ranges  0x000005c8       0x60 build/obj/chmboxes.o
 .debug_ranges  0x00000628       0x90 build/obj/chqueues.o
 .debug_ranges  0x000006b8       0x28 build/obj/chmemcore.o
 .debug_ranges  0x000006e0       0x30 build/obj/chheap.o
 .debug_ranges  0x00000710       0x30 build/obj/chmempools.o
 .debug_ranges  0x00000740       0x20 build/obj/hal.o
 .debug_ranges  0x00000760       0x78 build/obj/adc.o
 .debug_ranges  0x000007d8       0x20 build/obj/pal.o
 .debug_ranges  0x000007f8       0x40 build/obj/pwm.o
 .debug_ranges  0x00000838       0xb0 build/obj/usb.o
 .debug_ranges  0x000008e8       0x50 build/obj/tm.o
 .debug_ranges  0x00000938       0xa0 build/obj/serial_usb.o
 .debug_ranges  0x000009d8       0x58 build/obj/stm32_dma.o
 .debug_ranges  0x00000a30       0x30 build/obj/hal_lld.o
 .debug_ranges  0x00000a60       0x70 build/obj/adc_lld.o
 .debug_ranges  0x00000ad0       0x78 build/obj/pwm_lld.o
 .debug_ranges  0x00000b48       0x18 build/obj/pal_lld.o
 .debug_ranges  0x00000b60      0x1a8 build/obj/usb_lld.o
 .debug_ranges  0x00000d08       0x18 build/obj/board.o
 .debug_ranges  0x00000d20       0x20 build/obj/evtimer.o
 .debug_ranges  0x00000d40       0x40 build/obj/syscalls.o
 .debug_ranges  0x00000d80       0xa8 build/obj/shell.o
 .debug_ranges  0x00000e28       0x18 build/obj/chprintf.o
 .debug_ranges  0x00000e40       0x10 build/obj/main.o
 .debug_ranges  0x00000e50       0x30 build/obj/usb_ctrl.o
 .debug_ranges  0x00000e80       0x18 build/obj/light_ctrl.o
 .debug_ranges  0x00000e98       0x68 build/obj/power_ctrl.o
 .debug_ranges  0x00000f00       0x88 build/obj/moto_ctrl.o
 .debug_ranges  0x00000f88       0x60 build/obj/adc_ctrl.o
 .debug_ranges  0x00000fe8       0x50 build/obj/conv_ctrl.o

.debug_str      0x00000000     0x36fd
 .debug_str     0x00000000      0x1e1 build/obj/crt0.o
                                0x226 (size before relaxing)
 .debug_str     0x000001e1       0x51 build/obj/vectors.o
                                0x120 (size before relaxing)
 .debug_str     0x00000232       0x32 build/obj/chcore.o
                                0x101 (size before relaxing)
 .debug_str     0x00000264      0x2bc build/obj/chcore_v7m.o
                                0x3bf (size before relaxing)
 .debug_str     0x00000520       0xb8 build/obj/nvic.o
                                0x1f8 (size before relaxing)
 .debug_str     0x000005d8       0xd7 build/obj/chsys.o
                                0x378 (size before relaxing)
 .debug_str     0x000006af      0x1a8 build/obj/chdebug.o
                                0x497 (size before relaxing)
 .debug_str     0x00000857       0x74 build/obj/chlists.o
                                0x2be (size before relaxing)
 .debug_str     0x000008cb       0x5a build/obj/chvt.o
                                0x1a5 (size before relaxing)
 .debug_str     0x00000925       0xb9 build/obj/chschd.o
                                0x394 (size before relaxing)
 .debug_str     0x000009de       0xf5 build/obj/chthreads.o
                                0x3fb (size before relaxing)
 .debug_str     0x00000ad3       0xf1 build/obj/chdynamic.o
                                0x374 (size before relaxing)
 .debug_str     0x00000bc4       0x47 build/obj/chregistry.o
                                0x2e0 (size before relaxing)
 .debug_str     0x00000c0b       0xb4 build/obj/chsem.o
                                0x36a (size before relaxing)
 .debug_str     0x00000cbf       0x83 build/obj/chmtx.o
                                0x32b (size before relaxing)
 .debug_str     0x00000d42       0xb5 build/obj/chcond.o
                                0x353 (size before relaxing)
 .debug_str     0x00000df7      0x157 build/obj/chevents.o
                                0x3fa (size before relaxing)
 .debug_str     0x00000f4e       0x42 build/obj/chmsg.o
                                0x2db (size before relaxing)
 .debug_str     0x00000f90       0xe7 build/obj/chmboxes.o
                                0x354 (size before relaxing)
 .debug_str     0x00001077      0x117 build/obj/chqueues.o
                                0x3c8 (size before relaxing)
 .debug_str     0x0000118e       0x80 build/obj/chmemcore.o
                                0x163 (size before relaxing)
 .debug_str     0x0000120e       0x6f build/obj/chheap.o
                                0x323 (size before relaxing)
 .debug_str     0x0000127d       0x61 build/obj/chmempools.o
                                0x199 (size before relaxing)
 .debug_str     0x000012de       0xf6 build/obj/hal.o
                                0x1eb (size before relaxing)
 .debug_str     0x000013d4      0x2a9 build/obj/adc.o
                                0x57f (size before relaxing)
 .debug_str     0x0000167d       0x1c build/obj/can.o
                                0x100 (size before relaxing)
 .debug_str     0x00001699       0x1c build/obj/ext.o
                                0x100 (size before relaxing)
 .debug_str     0x000016b5       0x1c build/obj/gpt.o
                                0x100 (size before relaxing)
 .debug_str     0x000016d1       0x1c build/obj/i2c.o
                                0x100 (size before relaxing)
 .debug_str     0x000016ed       0x1c build/obj/icu.o
                                0x100 (size before relaxing)
 .debug_str     0x00001709       0x1c build/obj/mac.o
                                0x100 (size before relaxing)
 .debug_str     0x00001725       0x98 build/obj/pal.o
                                0x196 (size before relaxing)
 .debug_str     0x000017bd      0x1cb build/obj/pwm.o
                                0x2ec (size before relaxing)
 .debug_str     0x00001988       0x1c build/obj/sdc.o
                                0x100 (size before relaxing)
 .debug_str     0x000019a4       0x1f build/obj/serial.o
                                0x103 (size before relaxing)
 .debug_str     0x000019c3       0x1c build/obj/spi.o
                                0x100 (size before relaxing)
 .debug_str     0x000019df       0x1d build/obj/uart.o
                                0x101 (size before relaxing)
 .debug_str     0x000019fc      0x421 build/obj/usb.o
                                0x575 (size before relaxing)
 .debug_str     0x00001e1d       0x6e build/obj/tm.o
                                0x1b5 (size before relaxing)
 .debug_str     0x00001e8b       0x20 build/obj/mmc_spi.o
                                0x104 (size before relaxing)
 .debug_str     0x00001eab      0x1fb build/obj/serial_usb.o
                                0x845 (size before relaxing)
 .debug_str     0x000020a6       0x1c build/obj/rtc.o
                                0x100 (size before relaxing)
 .debug_str     0x000020c2      0x421 build/obj/stm32_dma.o
                                0x59f (size before relaxing)
 .debug_str     0x000024e3       0xd1 build/obj/hal_lld.o
                                0x24a (size before relaxing)
 .debug_str     0x000025b4       0xba build/obj/adc_lld.o
                                0x5a0 (size before relaxing)
 .debug_str     0x0000266e       0x2c build/obj/can_lld.o
                                0x110 (size before relaxing)
 .debug_str     0x0000269a       0x2c build/obj/ext_lld.o
                                0x110 (size before relaxing)
 .debug_str     0x000026c6       0x2c build/obj/gpt_lld.o
                                0x110 (size before relaxing)
 .debug_str     0x000026f2       0x2c build/obj/i2c_lld.o
                                0x110 (size before relaxing)
 .debug_str     0x0000271e       0x2c build/obj/icu_lld.o
                                0x110 (size before relaxing)
 .debug_str     0x0000274a       0x2c build/obj/mac_lld.o
                                0x110 (size before relaxing)
 .debug_str     0x00002776       0xac build/obj/pwm_lld.o
                                0x62e (size before relaxing)
 .debug_str     0x00002822       0x2f build/obj/serial_lld.o
                                0x113 (size before relaxing)
 .debug_str     0x00002851       0x2c build/obj/sdc_lld.o
                                0x110 (size before relaxing)
 .debug_str     0x0000287d       0x2c build/obj/spi_lld.o
                                0x110 (size before relaxing)
 .debug_str     0x000028a9       0x2d build/obj/uart_lld.o
                                0x111 (size before relaxing)
 .debug_str     0x000028d6       0x63 build/obj/pal_lld.o
                                0x220 (size before relaxing)
 .debug_str     0x00002939      0x293 build/obj/usb_lld.o
                                0x734 (size before relaxing)
 .debug_str     0x00002bcc       0x32 build/obj/rtc_lld.o
                                0x116 (size before relaxing)
 .debug_str     0x00002bfe       0x36 build/obj/board.o
                                0x183 (size before relaxing)
 .debug_str     0x00002c34       0x57 build/obj/evtimer.o
                                0x31c (size before relaxing)
 .debug_str     0x00002c8b      0x4a3 build/obj/syscalls.o
                                0x5db (size before relaxing)
 .debug_str     0x0000312e      0x14b build/obj/shell.o
                                0x4db (size before relaxing)
 .debug_str     0x00003279       0x87 build/obj/chprintf.o
                                0x1f1 (size before relaxing)
 .debug_str     0x00003300        0xc build/obj/main.o
                                0x103 (size before relaxing)
 .debug_str     0x0000330c      0x14b build/obj/usb_ctrl.o
                                0x8e7 (size before relaxing)
 .debug_str     0x00003457       0x20 build/obj/light_ctrl.o
                                0x1b0 (size before relaxing)
 .debug_str     0x00003477       0xaf build/obj/power_ctrl.o
                                0x3e6 (size before relaxing)
 .debug_str     0x00003526       0x91 build/obj/moto_ctrl.o
                                0x3d7 (size before relaxing)
 .debug_str     0x000035b7       0x78 build/obj/adc_ctrl.o
                                0x58c (size before relaxing)
 .debug_str     0x0000362f       0xce build/obj/conv_ctrl.o
                                0x6d9 (size before relaxing)

.comment        0x00000000       0x2a
 .comment       0x00000000       0x2a build/obj/crt0.o
                                 0x2b (size before relaxing)
 .comment       0x00000000       0x2b build/obj/vectors.o
 .comment       0x00000000       0x2b build/obj/chcore.o
 .comment       0x00000000       0x2b build/obj/chcore_v7m.o
 .comment       0x00000000       0x2b build/obj/nvic.o
 .comment       0x00000000       0x2b build/obj/chsys.o
 .comment       0x00000000       0x2b build/obj/chdebug.o
 .comment       0x00000000       0x2b build/obj/chlists.o
 .comment       0x00000000       0x2b build/obj/chvt.o
 .comment       0x00000000       0x2b build/obj/chschd.o
 .comment       0x00000000       0x2b build/obj/chthreads.o
 .comment       0x00000000       0x2b build/obj/chdynamic.o
 .comment       0x00000000       0x2b build/obj/chregistry.o
 .comment       0x00000000       0x2b build/obj/chsem.o
 .comment       0x00000000       0x2b build/obj/chmtx.o
 .comment       0x00000000       0x2b build/obj/chcond.o
 .comment       0x00000000       0x2b build/obj/chevents.o
 .comment       0x00000000       0x2b build/obj/chmsg.o
 .comment       0x00000000       0x2b build/obj/chmboxes.o
 .comment       0x00000000       0x2b build/obj/chqueues.o
 .comment       0x00000000       0x2b build/obj/chmemcore.o
 .comment       0x00000000       0x2b build/obj/chheap.o
 .comment       0x00000000       0x2b build/obj/chmempools.o
 .comment       0x00000000       0x2b build/obj/hal.o
 .comment       0x00000000       0x2b build/obj/adc.o
 .comment       0x00000000       0x2b build/obj/can.o
 .comment       0x00000000       0x2b build/obj/ext.o
 .comment       0x00000000       0x2b build/obj/gpt.o
 .comment       0x00000000       0x2b build/obj/i2c.o
 .comment       0x00000000       0x2b build/obj/icu.o
 .comment       0x00000000       0x2b build/obj/mac.o
 .comment       0x00000000       0x2b build/obj/pal.o
 .comment       0x00000000       0x2b build/obj/pwm.o
 .comment       0x00000000       0x2b build/obj/sdc.o
 .comment       0x00000000       0x2b build/obj/serial.o
 .comment       0x00000000       0x2b build/obj/spi.o
 .comment       0x00000000       0x2b build/obj/uart.o
 .comment       0x00000000       0x2b build/obj/usb.o
 .comment       0x00000000       0x2b build/obj/tm.o
 .comment       0x00000000       0x2b build/obj/mmc_spi.o
 .comment       0x00000000       0x2b build/obj/serial_usb.o
 .comment       0x00000000       0x2b build/obj/rtc.o
 .comment       0x00000000       0x2b build/obj/stm32_dma.o
 .comment       0x00000000       0x2b build/obj/hal_lld.o
 .comment       0x00000000       0x2b build/obj/adc_lld.o
 .comment       0x00000000       0x2b build/obj/can_lld.o
 .comment       0x00000000       0x2b build/obj/ext_lld.o
 .comment       0x00000000       0x2b build/obj/gpt_lld.o
 .comment       0x00000000       0x2b build/obj/i2c_lld.o
 .comment       0x00000000       0x2b build/obj/icu_lld.o
 .comment       0x00000000       0x2b build/obj/mac_lld.o
 .comment       0x00000000       0x2b build/obj/pwm_lld.o
 .comment       0x00000000       0x2b build/obj/serial_lld.o
 .comment       0x00000000       0x2b build/obj/sdc_lld.o
 .comment       0x00000000       0x2b build/obj/spi_lld.o
 .comment       0x00000000       0x2b build/obj/uart_lld.o
 .comment       0x00000000       0x2b build/obj/pal_lld.o
 .comment       0x00000000       0x2b build/obj/usb_lld.o
 .comment       0x00000000       0x2b build/obj/rtc_lld.o
 .comment       0x00000000       0x2b build/obj/board.o
 .comment       0x00000000       0x2b build/obj/evtimer.o
 .comment       0x00000000       0x2b build/obj/syscalls.o
 .comment       0x00000000       0x2b build/obj/shell.o
 .comment       0x00000000       0x2b build/obj/chprintf.o
 .comment       0x00000000       0x2b build/obj/main.o
 .comment       0x00000000       0x2b build/obj/usb_ctrl.o
 .comment       0x00000000       0x2b build/obj/light_ctrl.o
 .comment       0x00000000       0x2b build/obj/power_ctrl.o
 .comment       0x00000000       0x2b build/obj/moto_ctrl.o
 .comment       0x00000000       0x2b build/obj/adc_ctrl.o
 .comment       0x00000000       0x2b build/obj/conv_ctrl.o

.ARM.attributes
                0x00000000       0x31
 .ARM.attributes
                0x00000000       0x31 build/obj/crt0.o
 .ARM.attributes
                0x00000031       0x31 build/obj/vectors.o
 .ARM.attributes
                0x00000062       0x31 build/obj/chcore.o
 .ARM.attributes
                0x00000093       0x31 build/obj/chcore_v7m.o
 .ARM.attributes
                0x000000c4       0x31 build/obj/nvic.o
 .ARM.attributes
                0x000000f5       0x31 build/obj/chsys.o
 .ARM.attributes
                0x00000126       0x31 build/obj/chdebug.o
 .ARM.attributes
                0x00000157       0x31 build/obj/chlists.o
 .ARM.attributes
                0x00000188       0x31 build/obj/chvt.o
 .ARM.attributes
                0x000001b9       0x31 build/obj/chschd.o
 .ARM.attributes
                0x000001ea       0x31 build/obj/chthreads.o
 .ARM.attributes
                0x0000021b       0x31 build/obj/chdynamic.o
 .ARM.attributes
                0x0000024c       0x31 build/obj/chregistry.o
 .ARM.attributes
                0x0000027d       0x31 build/obj/chsem.o
 .ARM.attributes
                0x000002ae       0x31 build/obj/chmtx.o
 .ARM.attributes
                0x000002df       0x31 build/obj/chcond.o
 .ARM.attributes
                0x00000310       0x31 build/obj/chevents.o
 .ARM.attributes
                0x00000341       0x31 build/obj/chmsg.o
 .ARM.attributes
                0x00000372       0x31 build/obj/chmboxes.o
 .ARM.attributes
                0x000003a3       0x31 build/obj/chqueues.o
 .ARM.attributes
                0x000003d4       0x31 build/obj/chmemcore.o
 .ARM.attributes
                0x00000405       0x31 build/obj/chheap.o
 .ARM.attributes
                0x00000436       0x31 build/obj/chmempools.o
 .ARM.attributes
                0x00000467       0x31 build/obj/hal.o
 .ARM.attributes
                0x00000498       0x31 build/obj/adc.o
 .ARM.attributes
                0x000004c9       0x31 build/obj/can.o
 .ARM.attributes
                0x000004fa       0x31 build/obj/ext.o
 .ARM.attributes
                0x0000052b       0x31 build/obj/gpt.o
 .ARM.attributes
                0x0000055c       0x31 build/obj/i2c.o
 .ARM.attributes
                0x0000058d       0x31 build/obj/icu.o
 .ARM.attributes
                0x000005be       0x31 build/obj/mac.o
 .ARM.attributes
                0x000005ef       0x31 build/obj/pal.o
 .ARM.attributes
                0x00000620       0x31 build/obj/pwm.o
 .ARM.attributes
                0x00000651       0x31 build/obj/sdc.o
 .ARM.attributes
                0x00000682       0x31 build/obj/serial.o
 .ARM.attributes
                0x000006b3       0x31 build/obj/spi.o
 .ARM.attributes
                0x000006e4       0x31 build/obj/uart.o
 .ARM.attributes
                0x00000715       0x31 build/obj/usb.o
 .ARM.attributes
                0x00000746       0x31 build/obj/tm.o
 .ARM.attributes
                0x00000777       0x31 build/obj/mmc_spi.o
 .ARM.attributes
                0x000007a8       0x31 build/obj/serial_usb.o
 .ARM.attributes
                0x000007d9       0x31 build/obj/rtc.o
 .ARM.attributes
                0x0000080a       0x31 build/obj/stm32_dma.o
 .ARM.attributes
                0x0000083b       0x31 build/obj/hal_lld.o
 .ARM.attributes
                0x0000086c       0x31 build/obj/adc_lld.o
 .ARM.attributes
                0x0000089d       0x31 build/obj/can_lld.o
 .ARM.attributes
                0x000008ce       0x31 build/obj/ext_lld.o
 .ARM.attributes
                0x000008ff       0x31 build/obj/gpt_lld.o
 .ARM.attributes
                0x00000930       0x31 build/obj/i2c_lld.o
 .ARM.attributes
                0x00000961       0x31 build/obj/icu_lld.o
 .ARM.attributes
                0x00000992       0x31 build/obj/mac_lld.o
 .ARM.attributes
                0x000009c3       0x31 build/obj/pwm_lld.o
 .ARM.attributes
                0x000009f4       0x31 build/obj/serial_lld.o
 .ARM.attributes
                0x00000a25       0x31 build/obj/sdc_lld.o
 .ARM.attributes
                0x00000a56       0x31 build/obj/spi_lld.o
 .ARM.attributes
                0x00000a87       0x31 build/obj/uart_lld.o
 .ARM.attributes
                0x00000ab8       0x31 build/obj/pal_lld.o
 .ARM.attributes
                0x00000ae9       0x31 build/obj/usb_lld.o
 .ARM.attributes
                0x00000b1a       0x31 build/obj/rtc_lld.o
 .ARM.attributes
                0x00000b4b       0x31 build/obj/board.o
 .ARM.attributes
                0x00000b7c       0x31 build/obj/evtimer.o
 .ARM.attributes
                0x00000bad       0x31 build/obj/syscalls.o
 .ARM.attributes
                0x00000bde       0x31 build/obj/shell.o
 .ARM.attributes
                0x00000c0f       0x31 build/obj/chprintf.o
 .ARM.attributes
                0x00000c40       0x31 build/obj/main.o
 .ARM.attributes
                0x00000c71       0x31 build/obj/usb_ctrl.o
 .ARM.attributes
                0x00000ca2       0x31 build/obj/light_ctrl.o
 .ARM.attributes
                0x00000cd3       0x31 build/obj/power_ctrl.o
 .ARM.attributes
                0x00000d04       0x31 build/obj/moto_ctrl.o
 .ARM.attributes
                0x00000d35       0x31 build/obj/adc_ctrl.o
 .ARM.attributes
                0x00000d66       0x31 build/obj/conv_ctrl.o
 .ARM.attributes
                0x00000d97       0x29 /home/z80/programs/code-sourcery/2011.03-42/bin/../lib/gcc/arm-none-eabi/4.5.2/../../../../arm-none-eabi/lib/thumb2/libc.a(lib_a-atoi.o)
 .ARM.attributes
                0x00000dc0       0x29 /home/z80/programs/code-sourcery/2011.03-42/bin/../lib/gcc/arm-none-eabi/4.5.2/../../../../arm-none-eabi/lib/thumb2/libc.a(lib_a-memset.o)
 .ARM.attributes
                0x00000de9       0x29 /home/z80/programs/code-sourcery/2011.03-42/bin/../lib/gcc/arm-none-eabi/4.5.2/../../../../arm-none-eabi/lib/thumb2/libc.a(lib_a-strcasecmp.o)
 .ARM.attributes
                0x00000e12       0x29 /home/z80/programs/code-sourcery/2011.03-42/bin/../lib/gcc/arm-none-eabi/4.5.2/../../../../arm-none-eabi/lib/thumb2/libc.a(lib_a-strchr.o)
 .ARM.attributes
                0x00000e3b       0x29 /home/z80/programs/code-sourcery/2011.03-42/bin/../lib/gcc/arm-none-eabi/4.5.2/../../../../arm-none-eabi/lib/thumb2/libc.a(lib_a-strlen.o)
 .ARM.attributes
                0x00000e64       0x29 /home/z80/programs/code-sourcery/2011.03-42/bin/../lib/gcc/arm-none-eabi/4.5.2/../../../../arm-none-eabi/lib/thumb2/libc.a(lib_a-strspn.o)
 .ARM.attributes
                0x00000e8d       0x29 /home/z80/programs/code-sourcery/2011.03-42/bin/../lib/gcc/arm-none-eabi/4.5.2/../../../../arm-none-eabi/lib/thumb2/libc.a(lib_a-strtol.o)
 .ARM.attributes
                0x00000eb6       0x29 /home/z80/programs/code-sourcery/2011.03-42/bin/../lib/gcc/arm-none-eabi/4.5.2/../../../../arm-none-eabi/lib/thumb2/libc.a(lib_a-ctype_.o)
 .ARM.attributes
                0x00000edf       0x29 /home/z80/programs/code-sourcery/2011.03-42/bin/../lib/gcc/arm-none-eabi/4.5.2/../../../../arm-none-eabi/lib/thumb2/libc.a(lib_a-impure.o)
 .ARM.attributes
                0x00000f08       0x1b /home/z80/programs/code-sourcery/2011.03-42/bin/../lib/gcc/arm-none-eabi/4.5.2/thumb2/libgcc.a(_udivsi3.o)
 .ARM.attributes
                0x00000f23       0x1b /home/z80/programs/code-sourcery/2011.03-42/bin/../lib/gcc/arm-none-eabi/4.5.2/thumb2/libgcc.a(_dvmd_tls.o)

.debug_frame    0x00000000     0x27b8
 .debug_frame   0x00000000       0x50 build/obj/crt0.o
 .debug_frame   0x00000050       0x20 build/obj/vectors.o
 .debug_frame   0x00000070       0x20 build/obj/chcore.o
 .debug_frame   0x00000090       0xd4 build/obj/chcore_v7m.o
 .debug_frame   0x00000164       0x60 build/obj/nvic.o
 .debug_frame   0x000001c4       0x60 build/obj/chsys.o
 .debug_frame   0x00000224      0x140 build/obj/chdebug.o
 .debug_frame   0x00000364       0x88 build/obj/chlists.o
 .debug_frame   0x000003ec       0x74 build/obj/chvt.o
 .debug_frame   0x00000460       0xf8 build/obj/chschd.o
 .debug_frame   0x00000558      0x198 build/obj/chthreads.o
 .debug_frame   0x000006f0       0xa0 build/obj/chdynamic.o
 .debug_frame   0x00000790       0x4c build/obj/chregistry.o
 .debug_frame   0x000007dc      0x174 build/obj/chsem.o
 .debug_frame   0x00000950      0x100 build/obj/chmtx.o
 .debug_frame   0x00000a50      0x124 build/obj/chcond.o
 .debug_frame   0x00000b74      0x1a4 build/obj/chevents.o
 .debug_frame   0x00000d18       0x6c build/obj/chmsg.o
 .debug_frame   0x00000d84      0x16c build/obj/chmboxes.o
 .debug_frame   0x00000ef0      0x17c build/obj/chqueues.o
 .debug_frame   0x0000106c       0x68 build/obj/chmemcore.o
 .debug_frame   0x000010d4       0xb0 build/obj/chheap.o
 .debug_frame   0x00001184       0xa8 build/obj/chmempools.o
 .debug_frame   0x0000122c       0x4c build/obj/hal.o
 .debug_frame   0x00001278      0x154 build/obj/adc.o
 .debug_frame   0x000013cc       0x6c build/obj/pal.o
 .debug_frame   0x00001438       0xcc build/obj/pwm.o
 .debug_frame   0x00001504      0x1cc build/obj/usb.o
 .debug_frame   0x000016d0       0x5c build/obj/tm.o
 .debug_frame   0x0000172c      0x1dc build/obj/serial_usb.o
 .debug_frame   0x00001908      0x13c build/obj/stm32_dma.o
 .debug_frame   0x00001a44       0x3c build/obj/hal_lld.o
 .debug_frame   0x00001a80       0xd4 build/obj/adc_lld.o
 .debug_frame   0x00001b54       0xb0 build/obj/pwm_lld.o
 .debug_frame   0x00001c04       0x4c build/obj/pal_lld.o
 .debug_frame   0x00001c50      0x210 build/obj/usb_lld.o
 .debug_frame   0x00001e60       0x30 build/obj/board.o
 .debug_frame   0x00001e90       0x64 build/obj/evtimer.o
 .debug_frame   0x00001ef4       0x9c build/obj/syscalls.o
 .debug_frame   0x00001f90      0x144 build/obj/shell.o
 .debug_frame   0x000020d4       0x6c build/obj/chprintf.o
 .debug_frame   0x00002140       0x2c build/obj/main.o
 .debug_frame   0x0000216c       0x88 build/obj/usb_ctrl.o
 .debug_frame   0x000021f4       0x3c build/obj/light_ctrl.o
 .debug_frame   0x00002230      0x104 build/obj/power_ctrl.o
 .debug_frame   0x00002334      0x140 build/obj/moto_ctrl.o
 .debug_frame   0x00002474       0xfc build/obj/adc_ctrl.o
 .debug_frame   0x00002570       0xd4 build/obj/conv_ctrl.o
 .debug_frame   0x00002644       0x30 /home/z80/programs/code-sourcery/2011.03-42/bin/../lib/gcc/arm-none-eabi/4.5.2/../../../../arm-none-eabi/lib/thumb2/libc.a(lib_a-atoi.o)
 .debug_frame   0x00002674       0x2c /home/z80/programs/code-sourcery/2011.03-42/bin/../lib/gcc/arm-none-eabi/4.5.2/../../../../arm-none-eabi/lib/thumb2/libc.a(lib_a-memset.o)
 .debug_frame   0x000026a0       0x2c /home/z80/programs/code-sourcery/2011.03-42/bin/../lib/gcc/arm-none-eabi/4.5.2/../../../../arm-none-eabi/lib/thumb2/libc.a(lib_a-strcasecmp.o)
 .debug_frame   0x000026cc       0x2c /home/z80/programs/code-sourcery/2011.03-42/bin/../lib/gcc/arm-none-eabi/4.5.2/../../../../arm-none-eabi/lib/thumb2/libc.a(lib_a-strchr.o)
 .debug_frame   0x000026f8       0x20 /home/z80/programs/code-sourcery/2011.03-42/bin/../lib/gcc/arm-none-eabi/4.5.2/../../../../arm-none-eabi/lib/thumb2/libc.a(lib_a-strlen.o)
 .debug_frame   0x00002718       0x2c /home/z80/programs/code-sourcery/2011.03-42/bin/../lib/gcc/arm-none-eabi/4.5.2/../../../../arm-none-eabi/lib/thumb2/libc.a(lib_a-strspn.o)
 .debug_frame   0x00002744       0x54 /home/z80/programs/code-sourcery/2011.03-42/bin/../lib/gcc/arm-none-eabi/4.5.2/../../../../arm-none-eabi/lib/thumb2/libc.a(lib_a-strtol.o)
 .debug_frame   0x00002798       0x20 /home/z80/programs/code-sourcery/2011.03-42/bin/../lib/gcc/arm-none-eabi/4.5.2/thumb2/libgcc.a(_udivsi3.o)

Cross Reference Table

Symbol                                            File
ADCD1                                             build/obj/adc_lld.o
                                                  build/obj/conv_ctrl.o
                                                  build/obj/adc_ctrl.o
BusFaultVector                                    build/obj/vectors.o
DebugMonitorVector                                build/obj/vectors.o
HardFaultVector                                   build/obj/vectors.o
MemManageVector                                   build/obj/vectors.o
NMIVector                                         build/obj/vectors.o
PWMD2                                             build/obj/pwm_lld.o
                                                  build/obj/conv_ctrl.o
PendSVVector                                      build/obj/vectors.o
ResetHandler                                      build/obj/crt0.o
                                                  build/obj/vectors.o
SHELL_PTR                                         build/obj/usb_ctrl.o
SVCallVector                                      build/obj/chcore_v7m.o
                                                  build/obj/vectors.o
SysTickVector                                     build/obj/chcore_v7m.o
                                                  build/obj/vectors.o
USBD1                                             build/obj/usb_lld.o
                                                  build/obj/usb_ctrl.o
UsageFaultVector                                  build/obj/vectors.o
Vector1C                                          build/obj/vectors.o
Vector20                                          build/obj/vectors.o
Vector24                                          build/obj/vectors.o
Vector28                                          build/obj/vectors.o
Vector34                                          build/obj/vectors.o
Vector40                                          build/obj/vectors.o
Vector44                                          build/obj/vectors.o
Vector48                                          build/obj/vectors.o
Vector4C                                          build/obj/vectors.o
Vector50                                          build/obj/vectors.o
Vector54                                          build/obj/vectors.o
Vector58                                          build/obj/vectors.o
Vector5C                                          build/obj/vectors.o
Vector60                                          build/obj/vectors.o
Vector64                                          build/obj/vectors.o
Vector68                                          build/obj/vectors.o
Vector6C                                          build/obj/stm32_dma.o
                                                  build/obj/vectors.o
Vector70                                          build/obj/stm32_dma.o
                                                  build/obj/vectors.o
Vector74                                          build/obj/stm32_dma.o
                                                  build/obj/vectors.o
Vector78                                          build/obj/stm32_dma.o
                                                  build/obj/vectors.o
Vector7C                                          build/obj/stm32_dma.o
                                                  build/obj/vectors.o
Vector80                                          build/obj/stm32_dma.o
                                                  build/obj/vectors.o
Vector84                                          build/obj/stm32_dma.o
                                                  build/obj/vectors.o
Vector88                                          build/obj/vectors.o
Vector8C                                          build/obj/usb_lld.o
                                                  build/obj/vectors.o
Vector90                                          build/obj/usb_lld.o
                                                  build/obj/vectors.o
Vector94                                          build/obj/vectors.o
Vector98                                          build/obj/vectors.o
Vector9C                                          build/obj/vectors.o
VectorA0                                          build/obj/vectors.o
VectorA4                                          build/obj/vectors.o
VectorA8                                          build/obj/vectors.o
VectorAC                                          build/obj/vectors.o
VectorB0                                          build/obj/pwm_lld.o
                                                  build/obj/vectors.o
VectorB4                                          build/obj/vectors.o
VectorB8                                          build/obj/vectors.o
VectorBC                                          build/obj/vectors.o
VectorC0                                          build/obj/vectors.o
VectorC4                                          build/obj/vectors.o
VectorC8                                          build/obj/vectors.o
VectorCC                                          build/obj/vectors.o
VectorD0                                          build/obj/vectors.o
VectorD4                                          build/obj/vectors.o
VectorD8                                          build/obj/vectors.o
VectorDC                                          build/obj/vectors.o
VectorE0                                          build/obj/vectors.o
VectorE4                                          build/obj/vectors.o
VectorE8                                          build/obj/vectors.o
__aeabi_idiv0                                     /home/z80/programs/code-sourcery/2011.03-42/bin/../lib/gcc/arm-none-eabi/4.5.2/thumb2/libgcc.a(_dvmd_tls.o)
                                                  /home/z80/programs/code-sourcery/2011.03-42/bin/../lib/gcc/arm-none-eabi/4.5.2/thumb2/libgcc.a(_udivsi3.o)
__aeabi_ldiv0                                     /home/z80/programs/code-sourcery/2011.03-42/bin/../lib/gcc/arm-none-eabi/4.5.2/thumb2/libgcc.a(_dvmd_tls.o)
__aeabi_uidiv                                     /home/z80/programs/code-sourcery/2011.03-42/bin/../lib/gcc/arm-none-eabi/4.5.2/thumb2/libgcc.a(_udivsi3.o)
                                                  /home/z80/programs/code-sourcery/2011.03-42/bin/../lib/gcc/arm-none-eabi/4.5.2/../../../../arm-none-eabi/lib/thumb2/libc.a(lib_a-strtol.o)
__aeabi_uidivmod                                  /home/z80/programs/code-sourcery/2011.03-42/bin/../lib/gcc/arm-none-eabi/4.5.2/thumb2/libgcc.a(_udivsi3.o)
                                                  /home/z80/programs/code-sourcery/2011.03-42/bin/../lib/gcc/arm-none-eabi/4.5.2/../../../../arm-none-eabi/lib/thumb2/libc.a(lib_a-strtol.o)
__ctype_ptr__                                     /home/z80/programs/code-sourcery/2011.03-42/bin/../lib/gcc/arm-none-eabi/4.5.2/../../../../arm-none-eabi/lib/thumb2/libc.a(lib_a-ctype_.o)
                                                  /home/z80/programs/code-sourcery/2011.03-42/bin/../lib/gcc/arm-none-eabi/4.5.2/../../../../arm-none-eabi/lib/thumb2/libc.a(lib_a-strtol.o)
                                                  /home/z80/programs/code-sourcery/2011.03-42/bin/../lib/gcc/arm-none-eabi/4.5.2/../../../../arm-none-eabi/lib/thumb2/libc.a(lib_a-strcasecmp.o)
__early_init                                      build/obj/board.o
                                                  build/obj/crt0.o
__fini_array_end                                  build/obj/crt0.o
__fini_array_start                                build/obj/crt0.o
__heap_base__                                     build/obj/chmemcore.o
__heap_end__                                      build/obj/chmemcore.o
__init_array_end                                  build/obj/crt0.o
__init_array_start                                build/obj/crt0.o
__late_init                                       build/obj/crt0.o
__main_stack_base__                               build/obj/crt0.o
__main_stack_end__                                build/obj/vectors.o
                                                  build/obj/crt0.o
__main_thread_stack_base__                        build/obj/chsys.o
__process_stack_base__                            build/obj/crt0.o
__process_stack_end__                             build/obj/crt0.o
__sf_fake_stderr                                  /home/z80/programs/code-sourcery/2011.03-42/bin/../lib/gcc/arm-none-eabi/4.5.2/../../../../arm-none-eabi/lib/thumb2/libc.a(lib_a-impure.o)
__sf_fake_stdin                                   /home/z80/programs/code-sourcery/2011.03-42/bin/../lib/gcc/arm-none-eabi/4.5.2/../../../../arm-none-eabi/lib/thumb2/libc.a(lib_a-impure.o)
__sf_fake_stdout                                  /home/z80/programs/code-sourcery/2011.03-42/bin/../lib/gcc/arm-none-eabi/4.5.2/../../../../arm-none-eabi/lib/thumb2/libc.a(lib_a-impure.o)
__udivsi3                                         /home/z80/programs/code-sourcery/2011.03-42/bin/../lib/gcc/arm-none-eabi/4.5.2/thumb2/libgcc.a(_udivsi3.o)
_atoi_r                                           /home/z80/programs/code-sourcery/2011.03-42/bin/../lib/gcc/arm-none-eabi/4.5.2/../../../../arm-none-eabi/lib/thumb2/libc.a(lib_a-atoi.o)
_bss_end                                          build/obj/crt0.o
_bss_start                                        build/obj/crt0.o
_close_r                                          build/obj/syscalls.o
_core_init                                        build/obj/chmemcore.o
                                                  build/obj/chsys.o
_ctype_                                           /home/z80/programs/code-sourcery/2011.03-42/bin/../lib/gcc/arm-none-eabi/4.5.2/../../../../arm-none-eabi/lib/thumb2/libc.a(lib_a-ctype_.o)
_data                                             build/obj/crt0.o
_default_exit                                     build/obj/crt0.o
_edata                                            build/obj/crt0.o
_fstat_r                                          build/obj/syscalls.o
_global_impure_ptr                                /home/z80/programs/code-sourcery/2011.03-42/bin/../lib/gcc/arm-none-eabi/4.5.2/../../../../arm-none-eabi/lib/thumb2/libc.a(lib_a-impure.o)
_heap_init                                        build/obj/chheap.o
                                                  build/obj/chsys.o
_idle_thread                                      build/obj/chsys.o
_idle_thread_wa                                   build/obj/chsys.o
_impure_ptr                                       /home/z80/programs/code-sourcery/2011.03-42/bin/../lib/gcc/arm-none-eabi/4.5.2/../../../../arm-none-eabi/lib/thumb2/libc.a(lib_a-impure.o)
                                                  /home/z80/programs/code-sourcery/2011.03-42/bin/../lib/gcc/arm-none-eabi/4.5.2/../../../../arm-none-eabi/lib/thumb2/libc.a(lib_a-strtol.o)
_isatty_r                                         build/obj/syscalls.o
_lseek_r                                          build/obj/syscalls.o
_pal_lld_init                                     build/obj/pal_lld.o
                                                  build/obj/hal.o
_pal_lld_setgroupmode                             build/obj/pal_lld.o
                                                  build/obj/conv_ctrl.o
                                                  build/obj/adc_ctrl.o