Archive member included because of file (symbol)

/home/z80/programs/code-sourcery/2011.03-42/bin/../lib/gcc/arm-none-eabi/4.5.2/../../../../arm-none-eabi/lib/thumb2/libc.a(lib_a-memset.o)
                              build/obj/syscalls.o (memset)
/home/z80/programs/code-sourcery/2011.03-42/bin/../lib/gcc/arm-none-eabi/4.5.2/../../../../arm-none-eabi/lib/thumb2/libc.a(lib_a-strcasecmp.o)
                              build/obj/shell.o (strcasecmp)
/home/z80/programs/code-sourcery/2011.03-42/bin/../lib/gcc/arm-none-eabi/4.5.2/../../../../arm-none-eabi/lib/thumb2/libc.a(lib_a-strchr.o)
                              build/obj/shell.o (strchr)
/home/z80/programs/code-sourcery/2011.03-42/bin/../lib/gcc/arm-none-eabi/4.5.2/../../../../arm-none-eabi/lib/thumb2/libc.a(lib_a-strspn.o)
                              build/obj/shell.o (strspn)
/home/z80/programs/code-sourcery/2011.03-42/bin/../lib/gcc/arm-none-eabi/4.5.2/../../../../arm-none-eabi/lib/thumb2/libc.a(lib_a-ctype_.o)
                              /home/z80/programs/code-sourcery/2011.03-42/bin/../lib/gcc/arm-none-eabi/4.5.2/../../../../arm-none-eabi/lib/thumb2/libc.a(lib_a-strcasecmp.o) (__ctype_ptr__)

Discarded input sections

 .text          0x00000000        0x0 build/obj/crt0.o
 .data          0x00000000        0x0 build/obj/crt0.o
 .bss           0x00000000        0x0 build/obj/crt0.o
 .text.__early_init
                0x00000000       0x10 build/obj/crt0.o
 .text          0x00000000        0x0 build/obj/vectors.o
 .data          0x00000000        0x0 build/obj/vectors.o
 .bss           0x00000000        0x0 build/obj/vectors.o
 .text          0x00000000        0x0 build/obj/chcore.o
 .data          0x00000000        0x0 build/obj/chcore.o
 .bss           0x00000000        0x0 build/obj/chcore.o
 .text          0x00000000        0x0 build/obj/chcore_v7m.o
 .data          0x00000000        0x0 build/obj/chcore_v7m.o
 .bss           0x00000000        0x0 build/obj/chcore_v7m.o
 .text          0x00000000        0x0 build/obj/nvic.o
 .data          0x00000000        0x0 build/obj/nvic.o
 .bss           0x00000000        0x0 build/obj/nvic.o
 .text          0x00000000        0x0 build/obj/chsys.o
 .data          0x00000000        0x0 build/obj/chsys.o
 .bss           0x00000000        0x0 build/obj/chsys.o
 .text          0x00000000        0x0 build/obj/chdebug.o
 .data          0x00000000        0x0 build/obj/chdebug.o
 .bss           0x00000000        0x0 build/obj/chdebug.o
 .text.dbg_check_disable
                0x00000000       0x30 build/obj/chdebug.o
 .text.dbg_check_suspend
                0x00000000       0x30 build/obj/chdebug.o
 .text          0x00000000        0x0 build/obj/chlists.o
 .data          0x00000000        0x0 build/obj/chlists.o
 .bss           0x00000000        0x0 build/obj/chlists.o
 .text.lifo_remove
                0x00000000       0x10 build/obj/chlists.o
 .text.list_insert
                0x00000000       0x10 build/obj/chlists.o
 .text          0x00000000        0x0 build/obj/chvt.o
 .data          0x00000000        0x0 build/obj/chvt.o
 .bss           0x00000000        0x0 build/obj/chvt.o
 .text.chTimeIsWithin
                0x00000000       0x30 build/obj/chvt.o
 .text          0x00000000        0x0 build/obj/chschd.o
 .data          0x00000000        0x0 build/obj/chschd.o
 .bss           0x00000000        0x0 build/obj/chschd.o
 .text.chSchRescheduleS
                0x00000000       0x30 build/obj/chschd.o
 .text          0x00000000        0x0 build/obj/chthreads.o
 .data          0x00000000        0x0 build/obj/chthreads.o
 .bss           0x00000000        0x0 build/obj/chthreads.o
 .text._thread_memfill
                0x00000000       0x40 build/obj/chthreads.o
 .text.chThdSetPriority
                0x00000000       0x50 build/obj/chthreads.o
 .text.chThdResume
                0x00000000       0x40 build/obj/chthreads.o
 .text.chThdTerminate
                0x00000000       0x30 build/obj/chthreads.o
 .text.chThdSleepUntil
                0x00000000       0x30 build/obj/chthreads.o
 .text.chThdYield
                0x00000000       0x30 build/obj/chthreads.o
 .text.chThdWait
                0x00000000       0x70 build/obj/chthreads.o
 .text          0x00000000        0x0 build/obj/chdynamic.o
 .data          0x00000000        0x0 build/obj/chdynamic.o
 .bss           0x00000000        0x0 build/obj/chdynamic.o
 .text.chThdAddRef
                0x00000000       0x50 build/obj/chdynamic.o
 .text.chThdRelease
                0x00000000       0x80 build/obj/chdynamic.o
 .text.chThdCreateFromHeap
                0x00000000       0x60 build/obj/chdynamic.o
 .text.chThdCreateFromMemoryPool
                0x00000000       0x80 build/obj/chdynamic.o
 .rodata.str1.4
                0x00000000       0x48 build/obj/chdynamic.o
 .text          0x00000000        0x0 build/obj/chregistry.o
 .data          0x00000000        0x0 build/obj/chregistry.o
 .bss           0x00000000        0x0 build/obj/chregistry.o
[...]
Memory Configuration

Name             Origin             Length             Attributes
flash            0x08000000         0x00010000
ram              0x20000000         0x00005000
*default*        0x00000000         0xffffffff

Linker script and memory map

LOAD build/obj/crt0.o
LOAD build/obj/vectors.o
LOAD build/obj/chcore.o
LOAD build/obj/chcore_v7m.o
LOAD build/obj/nvic.o
LOAD build/obj/chsys.o
LOAD build/obj/chdebug.o
LOAD build/obj/chlists.o
LOAD build/obj/chvt.o
LOAD build/obj/chschd.o
LOAD build/obj/chthreads.o
LOAD build/obj/chdynamic.o
LOAD build/obj/chregistry.o
LOAD build/obj/chsem.o
LOAD build/obj/chmtx.o
LOAD build/obj/chcond.o
LOAD build/obj/chevents.o
LOAD build/obj/chmsg.o
LOAD build/obj/chmboxes.o
LOAD build/obj/chqueues.o
LOAD build/obj/chmemcore.o
LOAD build/obj/chheap.o
LOAD build/obj/chmempools.o
LOAD build/obj/hal.o
LOAD build/obj/adc.o
LOAD build/obj/can.o
LOAD build/obj/ext.o
LOAD build/obj/gpt.o
LOAD build/obj/i2c.o
LOAD build/obj/icu.o
LOAD build/obj/mac.o
LOAD build/obj/pal.o
LOAD build/obj/pwm.o
LOAD build/obj/sdc.o
LOAD build/obj/serial.o
LOAD build/obj/spi.o
LOAD build/obj/uart.o
LOAD build/obj/usb.o
LOAD build/obj/tm.o
LOAD build/obj/mmc_spi.o
LOAD build/obj/serial_usb.o
LOAD build/obj/rtc.o
LOAD build/obj/stm32_dma.o
LOAD build/obj/hal_lld.o
LOAD build/obj/adc_lld.o
LOAD build/obj/can_lld.o
LOAD build/obj/ext_lld.o
LOAD build/obj/gpt_lld.o
LOAD build/obj/i2c_lld.o
LOAD build/obj/icu_lld.o
LOAD build/obj/mac_lld.o
LOAD build/obj/pwm_lld.o
LOAD build/obj/serial_lld.o
LOAD build/obj/sdc_lld.o
LOAD build/obj/spi_lld.o
LOAD build/obj/uart_lld.o
LOAD build/obj/pal_lld.o
LOAD build/obj/usb_lld.o
LOAD build/obj/rtc_lld.o
LOAD build/obj/board.o
LOAD build/obj/evtimer.o
LOAD build/obj/syscalls.o
LOAD build/obj/shell.o
LOAD build/obj/chprintf.o
LOAD build/obj/stm32f10x_flash.o
LOAD build/obj/main.o
LOAD build/obj/led_ctrl.o
LOAD build/obj/light_ctrl.o
LOAD build/obj/power_ctrl.o
LOAD build/obj/moto_ctrl.o
LOAD build/obj/adc_ctrl.o
LOAD build/obj/conv_ctrl.o
LOAD build/obj/serial_ctrl.o
LOAD build/obj/i2c_slave_ctrl.o
LOAD build/obj/osc_ctrl.o
LOAD build/obj/conf_ctrl.o
START GROUP
LOAD /home/z80/programs/code-sourcery/2011.03-42/bin/../lib/gcc/arm-none-eabi/4.5.2/thumb2/libgcc.a
LOAD /home/z80/programs/code-sourcery/2011.03-42/bin/../lib/gcc/arm-none-eabi/4.5.2/../../../../arm-none-eabi/lib/thumb2/libc.a
END GROUP
                0x00000400                __main_stack_size__ = 0x400
                0x00000400                __process_stack_size__ = 0x400
                0x20000000                __ram_start__ = 0x20000000
                0x00005000                __ram_size__ = 0x5000
                0x20005000                __ram_end__ = (__ram_start__ + __ram_size__)
                0x00000000                . = 0x0
                0x00000000                _text = .

startup         0x08000000       0xec
 *(vectors)
 vectors        0x08000000       0xec build/obj/vectors.o
                0x08000000                _vectors

constructors    0x080000ec        0x0
                0x080000ec                PROVIDE (__init_array_start, .)
 *(SORT(.init_array.*))
 *(.init_array)
                0x080000ec                PROVIDE (__init_array_end, .)

destructors     0x080000ec        0x0
                0x080000ec                PROVIDE (__fini_array_start, .)
 *(.fini_array)
 *(SORT(.fini_array.*))
                0x080000ec                PROVIDE (__fini_array_end, .)

.text           0x080000f0     0x4ca4
 *(.text.startup.*)
 *(.text)
 *(.text.*)
 .text.__late_init
                0x080000f0       0x10 build/obj/crt0.o
                0x080000f0                __late_init
 .text._default_exit
                0x08000100       0x10 build/obj/crt0.o
                0x08000100                _default_exit
 .text.ResetHandler
                0x08000110      0x1d0 build/obj/crt0.o
                0x08000110                ResetHandler
 .text._unhandled_exception
                0x080002e0       0x10 build/obj/vectors.o
                0x080002e0                Vector58
                0x080002e0                VectorE8
                0x080002e0                Vector9C
                0x080002e0                VectorAC
                0x080002e0                Vector5C
                0x080002e0                NMIVector
                0x080002e0                Vector8C
                0x080002e0                Vector94
                0x080002e0                VectorA8
                0x080002e0                VectorB4
                0x080002e0                UsageFaultVector
                0x080002e0                DebugMonitorVector
                0x080002e0                Vector40
                0x080002e0                PendSVVector
                0x080002e0                Vector64
                0x080002e0                VectorCC
                0x080002e0                Vector54
                0x080002e0                Vector98
                0x080002e0                VectorD8
                0x080002e0                Vector24
                0x080002e0                BusFaultVector
                0x080002e0                VectorD0
                0x080002e0                VectorE4
                0x080002e0                HardFaultVector
                0x080002e0                VectorE0
                0x080002e0                MemManageVector
                0x080002e0                VectorA0
                0x080002e0                Vector90
                0x080002e0                Vector60
                0x080002e0                Vector1C
                0x080002e0                Vector48
                0x080002e0                VectorD4
                0x080002e0                Vector68
                0x080002e0                _unhandled_exception
                0x080002e0                Vector88
                0x080002e0                Vector50
                0x080002e0                Vector44
                0x080002e0                Vector28
                0x080002e0                VectorB8
                0x080002e0                Vector34
                0x080002e0                VectorA4
                0x080002e0                Vector20
 .text.port_halt
                0x080002f0       0x10 build/obj/chcore.o
                0x080002f0                port_halt
 .text._port_switch_from_isr
                0x08000300       0x10 build/obj/chcore_v7m.o
                0x08000300                _port_switch_from_isr
 .text.SVCallVector
                0x08000310       0x20 build/obj/chcore_v7m.o
                0x08000310                SVCallVector
 .text._port_init
                0x08000330       0x40 build/obj/chcore_v7m.o
                0x08000330                _port_init
 .text._port_lock
                0x08000370       0x10 build/obj/chcore_v7m.o
                0x08000370                _port_lock
 .text._port_unlock
                0x08000380       0x10 build/obj/chcore_v7m.o
                0x08000380                _port_unlock
 .text._port_irq_epilogue
                0x08000390       0x80 build/obj/chcore_v7m.o
                0x08000390                _port_irq_epilogue
 .text.SysTickVector
                0x08000410       0x30 build/obj/chcore_v7m.o
                0x08000410                SysTickVector
 .text._port_switch
                0x08000440       0x10 build/obj/chcore_v7m.o
                0x08000440                _port_switch
 .text._port_thread_start
                0x08000450       0x20 build/obj/chcore_v7m.o
                0x08000450                _port_thread_start
 .text.nvicEnableVector
                0x08000470       0x50 build/obj/nvic.o
                0x08000470                nvicEnableVector
 .text.nvicDisableVector
                0x080004c0       0x40 build/obj/nvic.o
                0x080004c0                nvicDisableVector
 .text.nvicSetSystemHandlerPriority
                0x08000500       0x30 build/obj/nvic.o
                0x08000500                nvicSetSystemHandlerPriority
 .text._idle_thread
                0x08000530       0x20 build/obj/chsys.o
                0x08000530                _idle_thread
 .text.chSysInit
                0x08000550       0x70 build/obj/chsys.o
                0x08000550                chSysInit
 .text.chSysTimerHandlerI
                0x080005c0       0x60 build/obj/chsys.o
                0x080005c0                chSysTimerHandlerI
 .text.dbg_check_enable
                0x08000620       0x30 build/obj/chdebug.o
                0x08000620                dbg_check_enable
 .text.dbg_check_lock
                0x08000650       0x40 build/obj/chdebug.o
                0x08000650                dbg_check_lock
 .text.dbg_check_unlock
                0x08000690       0x40 build/obj/chdebug.o
                0x08000690                dbg_check_unlock
 .text.dbg_check_lock_from_isr
                0x080006d0       0x40 build/obj/chdebug.o
                0x080006d0                dbg_check_lock_from_isr
 .text.dbg_check_unlock_from_isr
                0x08000710       0x40 build/obj/chdebug.o
                0x08000710                dbg_check_unlock_from_isr
 .text.dbg_check_enter_isr
                0x08000750       0x40 build/obj/chdebug.o
                0x08000750                dbg_check_enter_isr
 .text.dbg_check_leave_isr
                0x08000790       0x40 build/obj/chdebug.o
                0x08000790                dbg_check_leave_isr
 .text.chDbgCheckClassI
                0x080007d0       0x30 build/obj/chdebug.o
                0x080007d0                chDbgCheckClassI
 .text.chDbgCheckClassS
                0x08000800       0x30 build/obj/chdebug.o
                0x08000800                chDbgCheckClassS
 .text._trace_init
                0x08000830       0x20 build/obj/chdebug.o
                0x08000830                _trace_init
 .text.dbg_trace
                0x08000850       0x50 build/obj/chdebug.o
                0x08000850                dbg_trace
 .text.chDbgPanic
                0x080008a0       0x10 build/obj/chdebug.o
                0x080008a0                chDbgPanic
 .text.prio_insert
                0x080008b0       0x30 build/obj/chlists.o
                0x080008b0                prio_insert
 .text.queue_insert
                0x080008e0       0x10 build/obj/chlists.o
                0x080008e0                queue_insert
 .text.fifo_remove
                0x080008f0       0x10 build/obj/chlists.o
                0x080008f0                fifo_remove
 .text.dequeue  0x08000900       0x10 build/obj/chlists.o
                0x08000900                dequeue
 .text.list_remove
                0x08000910       0x10 build/obj/chlists.o
                0x08000910                list_remove
 .text._vt_init
                0x08000920       0x20 build/obj/chvt.o
                0x08000920                _vt_init
 .text.chVTSetI
                0x08000940       0x60 build/obj/chvt.o
                0x08000940                chVTSetI
 .text.chVTResetI
                0x080009a0       0x50 build/obj/chvt.o
                0x080009a0                chVTResetI
 .text._scheduler_init
                0x080009f0       0x20 build/obj/chschd.o
                0x080009f0                _scheduler_init
 .text.chSchReadyI
                0x08000a10       0x40 build/obj/chschd.o
                0x08000a10                chSchReadyI
 .text.wakeup   0x08000a50       0x40 build/obj/chschd.o
 .text.chSchGoSleepS
                0x08000a90       0x50 build/obj/chschd.o
                0x08000a90                chSchGoSleepS
 .text.chSchGoSleepTimeoutS
                0x08000ae0       0x50 build/obj/chschd.o
                0x08000ae0                chSchGoSleepTimeoutS
 .text.chSchWakeupS
                0x08000b30       0x60 build/obj/chschd.o
                0x08000b30                chSchWakeupS
 .text.chSchDoReschedule
                0x08000b90       0x50 build/obj/chschd.o
                0x08000b90                chSchDoReschedule
 .text._thread_init
                0x08000be0       0x50 build/obj/chthreads.o
                0x08000be0                _thread_init
 .text.chThdCreateI
                0x08000c30       0x90 build/obj/chthreads.o
                0x08000c30                chThdCreateI
 .text.chThdCreateStatic
                0x08000cc0       0x80 build/obj/chthreads.o
                0x08000cc0                chThdCreateStatic
 .text.chThdSleep
                0x08000d40       0x30 build/obj/chthreads.o
                0x08000d40                chThdSleep
 .text.chThdExitS
                0x08000d70       0x50 build/obj/chthreads.o
                0x08000d70                chThdExitS
 .text.chThdExit
                0x08000dc0       0x20 build/obj/chthreads.o
                0x08000dc0                chThdExit
 .text.chSemInit
                0x08000de0       0x30 build/obj/chsem.o
                0x08000de0                chSemInit
 .text.chSemWaitS
                0x08000e10       0x70 build/obj/chsem.o
                0x08000e10                chSemWaitS
 .text.chSemWait
                0x08000e80       0x20 build/obj/chsem.o
                0x08000e80                chSemWait
 .text.chSemSignalI
                0x08000ea0       0x60 build/obj/chsem.o
                0x08000ea0                chSemSignalI
 .text.chMtxInit
                0x08000f00       0x30 build/obj/chmtx.o
                0x08000f00                chMtxInit
 .text.chMtxLockS
                0x08000f30       0xc0 build/obj/chmtx.o
                0x08000f30                chMtxLockS
 .text.chMtxLock
                0x08000ff0       0x20 build/obj/chmtx.o
                0x08000ff0                chMtxLock
 .text.chMtxUnlock
                0x08001010       0x90 build/obj/chmtx.o
                0x08001010                chMtxUnlock
 .text.chEvtSignalFlagsI
                0x080010a0       0x50 build/obj/chevents.o
                0x080010a0                chEvtSignalFlagsI
 .text.chEvtBroadcastFlagsI
                0x080010f0       0x40 build/obj/chevents.o
                0x080010f0                chEvtBroadcastFlagsI
 .text.qwait    0x08001130       0x30 build/obj/chqueues.o
 .text.chIQInit
                0x08001160       0x20 build/obj/chqueues.o
                0x08001160                chIQInit
 .text.chIQPutI
                0x08001180       0x50 build/obj/chqueues.o
                0x08001180                chIQPutI
 .text.chIQGetTimeout
                0x080011d0       0x60 build/obj/chqueues.o
                0x080011d0                chIQGetTimeout
 .text.chIQReadTimeout
                0x08001230       0x80 build/obj/chqueues.o
                0x08001230                chIQReadTimeout
 .text.chOQInit
                0x080012b0       0x20 build/obj/chqueues.o
                0x080012b0                chOQInit
 .text.chOQPutTimeout
                0x080012d0       0x60 build/obj/chqueues.o
                0x080012d0                chOQPutTimeout
 .text.chOQGetI
                0x08001330       0x50 build/obj/chqueues.o
                0x08001330                chOQGetI
 .text.chOQWriteTimeout
                0x08001380       0x90 build/obj/chqueues.o
                0x08001380                chOQWriteTimeout
 .text._core_init
                0x08001410       0x30 build/obj/chmemcore.o
                0x08001410                _core_init
 .text.chCoreAllocI
                0x08001440       0x30 build/obj/chmemcore.o
                0x08001440                chCoreAllocI
 .text.chCoreAlloc
                0x08001470       0x20 build/obj/chmemcore.o
                0x08001470                chCoreAlloc
 .text._heap_init
                0x08001490       0x20 build/obj/chheap.o
                0x08001490                _heap_init
 .text.halInit  0x080014b0       0x30 build/obj/hal.o
                0x080014b0                halInit
 .text.adcInit  0x080014e0       0x10 build/obj/adc.o
                0x080014e0                adcInit
 .text.adcObjectInit
                0x080014f0       0x20 build/obj/adc.o
                0x080014f0                adcObjectInit
 .text.adcStart
                0x08001510       0x50 build/obj/adc.o
                0x08001510                adcStart
 .text.adcStop  0x08001560       0x50 build/obj/adc.o
                0x08001560                adcStop
 .text.adcStartConversionI
                0x080015b0       0x60 build/obj/adc.o
                0x080015b0                adcStartConversionI
 .text.adcStartConversion
                0x08001610       0x30 build/obj/adc.o
                0x08001610                adcStartConversion
 .text.adcStopConversion
                0x08001640       0x60 build/obj/adc.o
                0x08001640                adcStopConversion
 .text.adcConvert
                0x080016a0       0x50 build/obj/adc.o
                0x080016a0                adcConvert
 .text.i2cInit  0x080016f0       0x10 build/obj/i2c.o
                0x080016f0                i2cInit
 .text.i2cObjectInit
                0x08001700       0x10 build/obj/i2c.o
                0x08001700                i2cObjectInit
 .text.i2cStart
                0x08001710       0x50 build/obj/i2c.o
                0x08001710                i2cStart
 .text.i2cStop  0x08001760       0x50 build/obj/i2c.o
                0x08001760                i2cStop
 .text.i2cSlaveIoTimeout
                0x080017b0       0x60 build/obj/i2c.o
                0x080017b0                i2cSlaveIoTimeout
 .text.pwmInit  0x08001810       0x10 build/obj/pwm.o
                0x08001810                pwmInit
 .text.pwmObjectInit
                0x08001820       0x10 build/obj/pwm.o
                0x08001820                pwmObjectInit
 .text.pwmStart
                0x08001830       0x50 build/obj/pwm.o
                0x08001830                pwmStart
 .text.pwmEnableChannel
                0x08001880       0x50 build/obj/pwm.o
                0x08001880                pwmEnableChannel
 .text.putwouldblock
                0x080018d0       0x10 build/obj/serial.o
 .text.getwouldblock
                0x080018e0       0x10 build/obj/serial.o
 .text.getflags
                0x080018f0       0x20 build/obj/serial.o
 .text.readt    0x08001910       0x10 build/obj/serial.o
 .text.reads    0x08001920       0x10 build/obj/serial.o
 .text.writet   0x08001930       0x10 build/obj/serial.o
 .text.writes   0x08001940       0x10 build/obj/serial.o
 .text.gett     0x08001950       0x10 build/obj/serial.o
 .text.putt     0x08001960       0x10 build/obj/serial.o
 .text.sdInit   0x08001970       0x10 build/obj/serial.o
                0x08001970                sdInit
 .text.sdObjectInit
                0x08001980       0x40 build/obj/serial.o
                0x08001980                sdObjectInit
 .text.sdIncomingDataI
                0x080019c0       0x60 build/obj/serial.o
                0x080019c0                sdIncomingDataI
 .text.tm_start
                0x08001a20       0x10 build/obj/tm.o
 .text.tm_stop  0x08001a30       0x30 build/obj/tm.o
 .text.tmInit   0x08001a60       0x40 build/obj/tm.o
                0x08001a60                tmInit
 .text.rtcInit  0x08001aa0       0x10 build/obj/rtc.o
                0x08001aa0                rtcInit
 .text.rtcSetTime
                0x08001ab0       0x30 build/obj/rtc.o
                0x08001ab0                rtcSetTime
 .text.rtcGetTime
                0x08001ae0       0x30 build/obj/rtc.o
                0x08001ae0                rtcGetTime
 .text.rtcSetCallback
                0x08001b10       0x30 build/obj/rtc.o
                0x08001b10                rtcSetCallback
 .text.Vector6C
                0x08001b40       0x30 build/obj/stm32_dma.o
                0x08001b40                Vector6C
 .text.Vector70
                0x08001b70       0x30 build/obj/stm32_dma.o
                0x08001b70                Vector70
 .text.Vector74
                0x08001ba0       0x40 build/obj/stm32_dma.o
                0x08001ba0                Vector74
 .text.Vector78
                0x08001be0       0x40 build/obj/stm32_dma.o
                0x08001be0                Vector78
 .text.Vector7C
                0x08001c20       0x40 build/obj/stm32_dma.o
                0x08001c20                Vector7C
 .text.Vector80
                0x08001c60       0x40 build/obj/stm32_dma.o
                0x08001c60                Vector80
 .text.Vector84
                0x08001ca0       0x40 build/obj/stm32_dma.o
                0x08001ca0                Vector84
 .text.dmaInit  0x08001ce0       0x60 build/obj/stm32_dma.o
                0x08001ce0                dmaInit
 .text.dmaStreamAllocate
                0x08001d40       0xa0 build/obj/stm32_dma.o
                0x08001d40                dmaStreamAllocate
 .text.dmaStreamRelease
                0x08001de0       0x60 build/obj/stm32_dma.o
                0x08001de0                dmaStreamRelease
 .text.hal_lld_init
                0x08001e40       0xa0 build/obj/hal_lld.o
                0x08001e40                hal_lld_init
 .text.stm32_clock_init
                0x08001ee0       0x90 build/obj/hal_lld.o
                0x08001ee0                stm32_clock_init
 .text.adc_lld_serve_rx_interrupt
                0x08001f70      0x130 build/obj/adc_lld.o
 .text.adc_lld_init
                0x080020a0       0x70 build/obj/adc_lld.o
                0x080020a0                adc_lld_init
 .text.adc_lld_start
                0x08002110       0x60 build/obj/adc_lld.o
                0x08002110                adc_lld_start
 .text.adc_lld_stop
                0x08002170       0x40 build/obj/adc_lld.o
                0x08002170                adc_lld_stop
 .text.adc_lld_start_conversion
                0x080021b0       0x70 build/obj/adc_lld.o
                0x080021b0                adc_lld_start_conversion
 .text.adc_lld_stop_conversion
                0x08002220       0x30 build/obj/adc_lld.o
                0x08002220                adc_lld_stop_conversion
 .text.i2c_lld_abort_operation
                0x08002250       0x50 build/obj/i2c_lld.o
 .text.i2c_lld_safety_timeout
                0x080022a0       0x30 build/obj/i2c_lld.o
 .text.i2c_lld_serve_tx_end_irq
                0x080022d0       0x40 build/obj/i2c_lld.o
 .text.i2c_lld_serve_rx_end_irq
                0x08002310       0x80 build/obj/i2c_lld.o
 .text.i2c_lld_serve_error_interrupt
                0x08002390      0x170 build/obj/i2c_lld.o
 .text.i2c_lld_serve_event_interrupt
                0x08002500      0x190 build/obj/i2c_lld.o
 .text.VectorBC
                0x08002690       0x20 build/obj/i2c_lld.o
                0x08002690                VectorBC
 .text.VectorC0
                0x080026b0       0x20 build/obj/i2c_lld.o
                0x080026b0                VectorC0
 .text.VectorC4
                0x080026d0       0x20 build/obj/i2c_lld.o
                0x080026d0                VectorC4
 .text.VectorC8
                0x080026f0       0x20 build/obj/i2c_lld.o
                0x080026f0                VectorC8
 .text.i2c_lld_init
                0x08002710       0x50 build/obj/i2c_lld.o
                0x08002710                i2c_lld_init
 .text.i2c_lld_start
                0x08002760      0x370 build/obj/i2c_lld.o
                0x08002760                i2c_lld_start
 .text.i2c_lld_stop
                0x08002ad0       0x70 build/obj/i2c_lld.o
                0x08002ad0                i2c_lld_stop
 .text.i2c_lld_slave_io_timeout
                0x08002b40      0x120 build/obj/i2c_lld.o
                0x08002b40                i2c_lld_slave_io_timeout
 .text.VectorB0
                0x08002c60       0x80 build/obj/pwm_lld.o
                0x08002c60                VectorB0
 .text.pwm_lld_init
                0x08002ce0       0x20 build/obj/pwm_lld.o
                0x08002ce0                pwm_lld_init
 .text.pwm_lld_start
                0x08002d00      0x130 build/obj/pwm_lld.o
                0x08002d00                pwm_lld_start
 .text.pwm_lld_enable_channel
                0x08002e30       0x40 build/obj/pwm_lld.o
                0x08002e30                pwm_lld_enable_channel
 .text.notify3  0x08002e70       0x20 build/obj/serial_lld.o
 .text.VectorDC
                0x08002e90      0x170 build/obj/serial_lld.o
                0x08002e90                VectorDC
 .text.sd_lld_init
                0x08003000       0x20 build/obj/serial_lld.o
                0x08003000                sd_lld_init
 .text._pal_lld_init
                0x08003020       0x70 build/obj/pal_lld.o
                0x08003020                _pal_lld_init
 .text._pal_lld_setgroupmode
                0x08003090      0x150 build/obj/pal_lld.o
                0x08003090                _pal_lld_setgroupmode
 .text.Vector4C
                0x080031e0       0x70 build/obj/rtc_lld.o
                0x080031e0                Vector4C
 .text.rtc_lld_init
                0x08003250       0x80 build/obj/rtc_lld.o
                0x08003250                rtc_lld_init
 .text.rtc_lld_set_time
                0x080032d0       0x40 build/obj/rtc_lld.o
                0x080032d0                rtc_lld_set_time
 .text.rtc_lld_get_time
                0x08003310       0x70 build/obj/rtc_lld.o
                0x08003310                rtc_lld_get_time
 .text.rtc_lld_set_callback
                0x08003380       0x40 build/obj/rtc_lld.o
                0x08003380                rtc_lld_set_callback
 .text.__early_init
                0x080033c0       0x10 build/obj/board.o
                0x080033c0                __early_init
 .text.boardInit
                0x080033d0       0x10 build/obj/board.o
                0x080033d0                boardInit
 .text.main     0x080033e0       0x30 build/obj/main.o
                0x080033e0                main
 .text.Leds     0x08003410       0x80 build/obj/led_ctrl.o
 .text.initLed  0x08003490       0x50 build/obj/led_ctrl.o
                0x08003490                initLed
 .text.setLed   0x080034e0       0x40 build/obj/led_ctrl.o
                0x080034e0                setLed
 .text.setLight
                0x08003520       0x30 build/obj/light_ctrl.o
                0x08003520                setLight
 .text.initLight
                0x08003550       0x10 build/obj/light_ctrl.o
                0x08003550                initLight
 .text.setPower
                0x08003560       0x40 build/obj/power_ctrl.o
 .text.rtcCb    0x080035a0      0x120 build/obj/power_ctrl.o
 .text.setPowerTimeout
                0x080036c0       0x20 build/obj/power_ctrl.o
                0x080036c0                setPowerTimeout
 .text.powerOffReset
                0x080036e0       0x30 build/obj/power_ctrl.o
                0x080036e0                powerOffReset
 .text.powerHandler
                0x08003710       0xa0 build/obj/power_ctrl.o
                0x08003710                powerHandler
 .text.initPower
                0x080037b0       0x80 build/obj/power_ctrl.o
                0x080037b0                initPower
 .text.setSecondsPerDay
                0x08003830       0x20 build/obj/power_ctrl.o
                0x08003830                setSecondsPerDay
 .text.setCurrentTime
                0x08003850       0x30 build/obj/power_ctrl.o
                0x08003850                setCurrentTime
 .text.currentTime
                0x08003880       0x20 build/obj/power_ctrl.o
                0x08003880                currentTime
 .text.setWakeupsCnt
                0x080038a0       0x20 build/obj/power_ctrl.o
                0x080038a0                setWakeupsCnt
 .text.setWakeup
                0x080038c0       0x30 build/obj/power_ctrl.o
                0x080038c0                setWakeup
 .text.motoSetEn
                0x080038f0       0x40 build/obj/moto_ctrl.o
                0x080038f0                motoSetEn
 .text.initMoto
                0x08003930       0x10 build/obj/moto_ctrl.o
                0x08003930                initMoto
 .text.motoSet  0x08003940       0xb0 build/obj/moto_ctrl.o
                0x08003940                motoSet
 .text.contAdcReadyCb
                0x080039f0      0x120 build/obj/conv_ctrl.o
 .text.convStart
                0x08003b10       0x80 build/obj/conv_ctrl.o
                0x08003b10                convStart
 .text.convSetBuckEn
                0x08003b90       0x50 build/obj/conv_ctrl.o
                0x08003b90                convSetBuckEn
 .text.convSetBoost
                0x08003be0       0x20 build/obj/conv_ctrl.o
                0x08003be0                convSetBoost
 .text.convSetSolar
                0x08003c00       0x20 build/obj/conv_ctrl.o
                0x08003c00                convSetSolar
 .text.adcCurrent
                0x08003c20       0x70 build/obj/conv_ctrl.o
                0x08003c20                adcCurrent
 .text.adcTemperature
                0x08003c90       0x70 build/obj/conv_ctrl.o
                0x08003c90                adcTemperature
 .text.adcBoostFb
                0x08003d00       0x20 build/obj/conv_ctrl.o
                0x08003d00                adcBoostFb
 .text.adcBuckFb
                0x08003d20       0x20 build/obj/conv_ctrl.o
                0x08003d20                adcBuckFb
 .text.adcSolarFb
                0x08003d40       0x20 build/obj/conv_ctrl.o
                0x08003d40                adcSolarFb
 .text.i2cTxCb  0x08003d60       0x10 build/obj/i2c_slave_ctrl.o
 .text.i2cRxCb  0x08003d70       0x50 build/obj/i2c_slave_ctrl.o
 .text.execThread
                0x08003dc0      0x210 build/obj/i2c_slave_ctrl.o
 .text.initI2cSlave
                0x08003fd0       0x50 build/obj/i2c_slave_ctrl.o
                0x08003fd0                initI2cSlave
 .text.startI2cSlave
                0x08004020       0x90 build/obj/i2c_slave_ctrl.o
                0x08004020                startI2cSlave
 .text.stopI2cSlave
                0x080040b0       0x30 build/obj/i2c_slave_ctrl.o
                0x080040b0                stopI2cSlave
 .text.execThread
                0x080040e0       0x70 build/obj/osc_ctrl.o
 .text.initOsc  0x08004150       0x30 build/obj/osc_ctrl.o
                0x08004150                initOsc
 .text.oscSetup
                0x08004180       0x40 build/obj/osc_ctrl.o
                0x08004180                oscSetup
 .text.oscMeasuresCnt
                0x080041c0       0x30 build/obj/osc_ctrl.o
                0x080041c0                oscMeasuresCnt
 .text.oscValue
                0x080041f0       0x50 build/obj/osc_ctrl.o
                0x080041f0                oscValue
 *(.rodata)
 *(.rodata.*)
 .rodata.str1.4
                0x08004240        0xd build/obj/chsys.o
                                 0x10 (size before relaxing)
 *fill*         0x0800424d        0x3 00
 .rodata.str1.4
                0x08004250       0x56 build/obj/chdebug.o
                                 0x58 (size before relaxing)
 *fill*         0x080042a6        0xa 00
 .rodata.str1.4
                0x080042b0       0x31 build/obj/chvt.o
                                 0x34 (size before relaxing)
 *fill*         0x080042e1        0xf 00
 .rodata.str1.4
                0x080042f0       0x23 build/obj/chschd.o
                                 0x24 (size before relaxing)
 *fill*         0x08004313        0xd 00
 .rodata.str1.4
                0x08004320       0x94 build/obj/chthreads.o
 *fill*         0x080043b4        0xc 00
 .rodata.str1.4
                0x080043c0      0x146 build/obj/chsem.o
                                0x148 (size before relaxing)
 *fill*         0x08004506        0xa 00
 .rodata.str1.4
                0x08004510       0xab build/obj/chmtx.o
                                 0xac (size before relaxing)
 *fill*         0x080045bb        0x5 00
 .rodata.str1.4
                0x080045c0       0x90 build/obj/chevents.o
 .rodata.str1.4
                0x08004650       0x29 build/obj/chqueues.o
                                 0x2c (size before relaxing)
 *fill*         0x08004679        0x7 00
 .rodata.str1.4
                0x08004680      0x10e build/obj/adc.o
                                0x110 (size before relaxing)
 *fill*         0x0800478e        0x2 00
 .rodata.str1.4
                0x08004790       0xea build/obj/i2c.o
                                 0xec (size before relaxing)
 *fill*         0x0800487a        0x6 00
 .rodata.str1.4
                0x08004880       0xb0 build/obj/pwm.o
 .rodata.str1.4
                0x08004930       0x5f build/obj/serial.o
                                 0x60 (size before relaxing)
 *fill*         0x0800498f        0x1 00
 .rodata.vmt    0x08004990       0x24 build/obj/serial.o
 *fill*         0x080049b4        0xc 00
 .rodata.str1.4
                0x080049c0       0x53 build/obj/rtc.o
                                 0x54 (size before relaxing)
 *fill*         0x08004a13        0xd 00
 .rodata.str1.4
                0x08004a20       0x31 build/obj/stm32_dma.o
                                 0x34 (size before relaxing)
 *fill*         0x08004a51        0xf 00
 .rodata._stm32_dma_streams
                0x08004a60       0x54 build/obj/stm32_dma.o
                0x08004a60                _stm32_dma_streams
 *fill*         0x08004ab4        0xc 00
 .rodata.str1.4
                0x08004ac0       0x14 build/obj/adc_lld.o
 *fill*         0x08004ad4        0xc 00
 .rodata.str1.4
                0x08004ae0      0x170 build/obj/i2c_lld.o
 .rodata.str1.4
                0x08004c50       0x14 build/obj/pwm_lld.o
 *fill*         0x08004c64        0xc 00
 .rodata.cfgtab.6140
                0x08004c70       0x14 build/obj/pal_lld.o
 *fill*         0x08004c84        0xc 00
 .rodata.pal_default_config
                0x08004c90       0x3c build/obj/board.o
                0x08004c90                pal_default_config
 *fill*         0x08004ccc        0x4 00
 .rodata.str1.4
                0x08004cd0        0x4 build/obj/led_ctrl.o
 *fill*         0x08004cd4        0xc 00
 .rodata.str1.4
                0x08004ce0        0x2 build/obj/power_ctrl.o
                                  0x4 (size before relaxing)
 *fill*         0x08004ce2        0xe 00
 .rodata.grpTemperature
                0x08004cf0       0x2c build/obj/conv_ctrl.o
 *fill*         0x08004d1c        0x4 00
 .rodata.adcGroup
                0x08004d20       0x2c build/obj/conv_ctrl.o
 *fill*         0x08004d4c        0x4 00
 .rodata.grpCurrent
                0x08004d50       0x2c build/obj/conv_ctrl.o
 *fill*         0x08004d7c        0x4 00
 .rodata.i2cfg1
                0x08004d80        0xc build/obj/i2c_slave_ctrl.o
 *fill*         0x08004d8c        0x4 00
 .rodata.str1.4
                0x08004d90        0x4 build/obj/i2c_slave_ctrl.o
 *(.glue_7t)
 .glue_7t       0x00000000        0x0 linker stubs
 *(.glue_7)
 .glue_7        0x00000000        0x0 linker stubs
 *(.gcc*)

.vfp11_veneer   0x08004d94        0x0
 .vfp11_veneer  0x00000000        0x0 linker stubs

.v4_bx          0x08004d94        0x0
 .v4_bx         0x00000000        0x0 linker stubs

.ARM.extab
 *(.ARM.extab* .gnu.linkonce.armextab.*)

.ARM.exidx      0x08004d94        0x0
                0x08004d94                PROVIDE (__exidx_start, .)
 *(.ARM.exidx* .gnu.linkonce.armexidx.*)
                0x08004d94                PROVIDE (__exidx_end, .)

.eh_frame_hdr
 *(.eh_frame_hdr)

.eh_frame
 *(.eh_frame)

.textalign      0x08004d94        0x4
                0x08004d98                . = ALIGN (0x8)
 *fill*         0x08004d94        0x4 00
                0x08004d98                _etext = .
                0x08004d98                _textdata = _etext

.stacks         0x20000000      0x800
                0x20000000                . = ALIGN (0x8)
                0x20000000                __main_stack_base__ = .
                0x20000400                . = (. + __main_stack_size__)
 *fill*         0x20000000      0x400 00
                0x20000400                . = ALIGN (0x8)
                0x20000400                __main_stack_end__ = .
                0x20000400                __process_stack_base__ = .
                0x20000400                __main_thread_stack_base__ = .
                0x20000800                . = (. + __process_stack_size__)
 *fill*         0x20000400      0x400 00
                0x20000800                . = ALIGN (0x8)
                0x20000800                __process_stack_end__ = .
                0x20000800                __main_thread_stack_end__ = .

.data           0x20000800       0x50 load address 0x08004d98
                0x20000800                . = ALIGN (0x4)
                0x20000800                PROVIDE (_data, .)
 *(.data)
                0x20000800                . = ALIGN (0x4)
 *(.data.*)
 .data.wakeupsCnt
                0x20000800        0x1 build/obj/power_ctrl.o
 *fill*         0x20000801        0x3 00
 .data.activeTime
                0x20000804        0x4 build/obj/power_ctrl.o
 .data.secondsPerDay
                0x20000808        0x4 build/obj/power_ctrl.o
 .data.timeout  0x2000080c        0x4 build/obj/power_ctrl.o
 .data.boostSp  0x20000810        0x2 build/obj/conv_ctrl.o
 .data.buckGain
                0x20000812        0x2 build/obj/conv_ctrl.o
 .data.pwmCfg   0x20000814       0x30 build/obj/conv_ctrl.o
 .data.buckSp   0x20000844        0x2 build/obj/conv_ctrl.o
 .data.boostGain
                0x20000846        0x2 build/obj/conv_ctrl.o
 .data.solarSp  0x20000848        0x2 build/obj/conv_ctrl.o
 .data.signals  0x2000084a        0x1 build/obj/osc_ctrl.o
 *fill*         0x2000084b        0x1 00
 .data.measurePeriod
                0x2000084c        0x2 build/obj/osc_ctrl.o
                0x20000850                . = ALIGN (0x4)
 *fill*         0x2000084e        0x2 00
 *(.ramtext)
                0x20000850                . = ALIGN (0x4)
                0x20000850                PROVIDE (_edata, .)

.bss            0x20000850     0x1b24 load address 0x08004de8
                0x20000850                . = ALIGN (0x4)
                0x20000850                PROVIDE (_bss_start, .)
 *(.bss)
                0x20000850                . = ALIGN (0x4)
 *(.bss.*)
 .bss.mainthread.4697
                0x20000850       0x4c build/obj/chsys.o
 *fill*         0x2000089c        0x4 00
 .bss._idle_thread_wa
                0x200008a0       0xc0 build/obj/chsys.o
                0x200008a0                _idle_thread_wa
 .bss.dbg_isr_cnt
                0x20000960        0x4 build/obj/chdebug.o
                0x20000960                dbg_isr_cnt
 .bss.dbg_trace_buffer
                0x20000964      0x408 build/obj/chdebug.o
                0x20000964                dbg_trace_buffer
 .bss.dbg_lock_cnt
                0x20000d6c        0x4 build/obj/chdebug.o
                0x20000d6c                dbg_lock_cnt
 .bss.dbg_panic_msg
                0x20000d70        0x4 build/obj/chdebug.o
                0x20000d70                dbg_panic_msg
 .bss.vtlist    0x20000d74       0x10 build/obj/chvt.o
                0x20000d74                vtlist
 .bss.rlist     0x20000d84       0x20 build/obj/chschd.o
                0x20000d84                rlist
 .bss.endmem    0x20000da4        0x4 build/obj/chmemcore.o
 .bss.nextmem   0x20000da8        0x4 build/obj/chmemcore.o
 *fill*         0x20000dac        0x4 00
 .bss.default_heap
                0x20000db0       0x20 build/obj/chheap.o
 .bss.measurement_offset
                0x20000dd0        0x4 build/obj/tm.o
 .bss.dma_isr_redir
                0x20000dd4       0x38 build/obj/stm32_dma.o
 .bss.dma_streams_mask
                0x20000e0c        0x4 build/obj/stm32_dma.o
 .bss.ADCD1     0x20000e10       0x34 build/obj/adc_lld.o
                0x20000e10                ADCD1
 .bss.I2CD1     0x20000e44       0x58 build/obj/i2c_lld.o
                0x20000e44                I2CD1
 .bss.I2CD2     0x20000e9c       0x58 build/obj/i2c_lld.o
                0x20000e9c                I2CD2
 .bss.PWMD2     0x20000ef4       0x14 build/obj/pwm_lld.o
                0x20000ef4                PWMD2
 .bss.SD3       0x20000f08       0x74 build/obj/serial_lld.o
                0x20000f08                SD3
 .bss.RTCD1     0x20000f7c        0x4 build/obj/rtc_lld.o
                0x20000f7c                RTCD1
 .bss.leds      0x20000f80        0x1 build/obj/led_ctrl.o
                0x20000f80                leds
 *fill*         0x20000f81        0x7 00
 .bss.waLeds    0x20000f88      0x1b0 build/obj/led_ctrl.o
 .bss.mutex     0x20001138       0x10 build/obj/power_ctrl.o
 .bss.wakeups   0x20001148       0x50 build/obj/power_ctrl.o
 .bss.rtcSem    0x20001198        0xc build/obj/power_ctrl.o
 .bss.rtcTime   0x200011a4        0x8 build/obj/power_ctrl.o
 .bss.t.6283    0x200011ac        0x8 build/obj/power_ctrl.o
 .bss.buckSpSave
                0x200011b4        0x2 build/obj/conv_ctrl.o
 .bss.valTemperature
                0x200011b6        0x2 build/obj/conv_ctrl.o
 .bss.adcSamples
                0x200011b8        0xc build/obj/conv_ctrl.o
 .bss.boostPwm  0x200011c4        0x2 build/obj/conv_ctrl.o
 .bss.valCurrect
                0x200011c6        0x2 build/obj/conv_ctrl.o
 .bss.buckPwm   0x200011c8        0x2 build/obj/conv_ctrl.o
 .bss.uvalue8Out.6277
                0x200011ca        0x1 build/obj/i2c_slave_ctrl.o
 *fill*         0x200011cb        0x5 00
 .bss.waExec    0x200011d0      0x4b0 build/obj/i2c_slave_ctrl.o
 .bss.i.6262    0x20001680        0x4 build/obj/i2c_slave_ctrl.o
 .bss.queue     0x20001684       0x18 build/obj/i2c_slave_ctrl.o
 .bss.inBuffer  0x2000169c        0x8 build/obj/i2c_slave_ctrl.o
 .bss.inputQueue
                0x200016a4       0x20 build/obj/i2c_slave_ctrl.o
 .bss.buffer.6274
                0x200016c4        0x8 build/obj/i2c_slave_ctrl.o
 .bss.outBuffer
                0x200016cc       0x10 build/obj/i2c_slave_ctrl.o
 .bss.tmo.6253  0x200016dc        0x4 build/obj/i2c_slave_ctrl.o
 .bss.mutex     0x200016e0       0x10 build/obj/osc_ctrl.o
 .bss.measuresCnt
                0x200016f0        0x2 build/obj/osc_ctrl.o
 .bss.index     0x200016f2        0x2 build/obj/osc_ctrl.o
 .bss.measures  0x200016f4      0xb40 build/obj/osc_ctrl.o
                0x200016f4                measures
 .bss.cnt.6196  0x20002234        0x2 build/obj/osc_ctrl.o
 *fill*         0x20002236        0x2 00
 .bss.period.6198
                0x20002238        0x4 build/obj/osc_ctrl.o
 .bss.ind.6195  0x2000223c        0x2 build/obj/osc_ctrl.o
 *fill*         0x2000223e        0x2 00
 .bss.waExec    0x20002240      0x130 build/obj/osc_ctrl.o
 .bss.i.6190    0x20002370        0x2 build/obj/osc_ctrl.o
                0x20002374                . = ALIGN (0x4)
 *fill*         0x20002372        0x2 00
 *(COMMON)
                0x20002374                . = ALIGN (0x4)
                0x20002374                PROVIDE (_bss_end, .)
                0x20002374                PROVIDE (end, .)
                0x20002374                _end = .
                0x20002374                __heap_base__ = _end
                0x20005000                __heap_end__ = __ram_end__
OUTPUT(build/ch.elf elf32-littlearm)

.debug_abbrev   0x00000000     0x5d3a
 .debug_abbrev  0x00000000      0x121 build/obj/crt0.o
 .debug_abbrev  0x00000121       0x74 build/obj/vectors.o
 .debug_abbrev  0x00000195       0x41 build/obj/chcore.o
 .debug_abbrev  0x000001d6      0x18d build/obj/chcore_v7m.o
 .debug_abbrev  0x00000363       0xec build/obj/nvic.o
 .debug_abbrev  0x0000044f      0x17c build/obj/chsys.o
 .debug_abbrev  0x000005cb      0x1dc build/obj/chdebug.o
 .debug_abbrev  0x000007a7      0x163 build/obj/chlists.o
 .debug_abbrev  0x0000090a      0x13d build/obj/chvt.o
 .debug_abbrev  0x00000a47      0x1eb build/obj/chschd.o
 .debug_abbrev  0x00000c32      0x27e build/obj/chthreads.o
 .debug_abbrev  0x00000eb0      0x172 build/obj/chdynamic.o
 .debug_abbrev  0x00001022      0x111 build/obj/chregistry.o
 .debug_abbrev  0x00001133      0x1a4 build/obj/chsem.o
 .debug_abbrev  0x000012d7      0x195 build/obj/chmtx.o
 .debug_abbrev  0x0000146c      0x17d build/obj/chcond.o
 .debug_abbrev  0x000015e9      0x1a4 build/obj/chevents.o
 .debug_abbrev  0x0000178d      0x128 build/obj/chmsg.o
 .debug_abbrev  0x000018b5      0x183 build/obj/chmboxes.o
 .debug_abbrev  0x00001a38      0x20d build/obj/chqueues.o
 .debug_abbrev  0x00001c45       0xdc build/obj/chmemcore.o
 .debug_abbrev  0x00001d21      0x1a3 build/obj/chheap.o
 .debug_abbrev  0x00001ec4      0x107 build/obj/chmempools.o
 .debug_abbrev  0x00001fcb      0x174 build/obj/hal.o
 .debug_abbrev  0x0000213f      0x1f9 build/obj/adc.o
 .debug_abbrev  0x00002338       0x4f build/obj/can.o
 .debug_abbrev  0x00002387       0x4f build/obj/ext.o
 .debug_abbrev  0x000023d6       0x4f build/obj/gpt.o
 .debug_abbrev  0x00002425      0x21c build/obj/i2c.o
 .debug_abbrev  0x00002641       0x4f build/obj/icu.o
 .debug_abbrev  0x00002690       0x4f build/obj/mac.o
 .debug_abbrev  0x000026df       0xfc build/obj/pal.o
 .debug_abbrev  0x000027db      0x16c build/obj/pwm.o
 .debug_abbrev  0x00002947       0x4f build/obj/sdc.o
 .debug_abbrev  0x00002996      0x222 build/obj/serial.o
 .debug_abbrev  0x00002bb8       0x4f build/obj/spi.o
 .debug_abbrev  0x00002c07       0x4f build/obj/uart.o
 .debug_abbrev  0x00002c56       0x4f build/obj/usb.o
 .debug_abbrev  0x00002ca5      0x169 build/obj/tm.o
 .debug_abbrev  0x00002e0e       0x4f build/obj/mmc_spi.o
 .debug_abbrev  0x00002e5d       0x4f build/obj/serial_usb.o
 .debug_abbrev  0x00002eac       0xe0 build/obj/rtc.o
 .debug_abbrev  0x00002f8c      0x18a build/obj/stm32_dma.o
 .debug_abbrev  0x00003116       0xf6 build/obj/hal_lld.o
 .debug_abbrev  0x0000320c      0x224 build/obj/adc_lld.o
 .debug_abbrev  0x00003430       0x4f build/obj/can_lld.o
 .debug_abbrev  0x0000347f       0x4f build/obj/ext_lld.o
 .debug_abbrev  0x000034ce       0x4f build/obj/gpt_lld.o
 .debug_abbrev  0x0000351d      0x31b build/obj/i2c_lld.o
 .debug_abbrev  0x00003838       0x4f build/obj/icu_lld.o
 .debug_abbrev  0x00003887       0x4f build/obj/mac_lld.o
 .debug_abbrev  0x000038d6      0x20e build/obj/pwm_lld.o
 .debug_abbrev  0x00003ae4      0x2a3 build/obj/serial_lld.o
 .debug_abbrev  0x00003d87       0x4f build/obj/sdc_lld.o
 .debug_abbrev  0x00003dd6       0x4f build/obj/spi_lld.o
 .debug_abbrev  0x00003e25       0x4f build/obj/uart_lld.o
 .debug_abbrev  0x00003e74      0x129 build/obj/pal_lld.o
 .debug_abbrev  0x00003f9d       0x4f build/obj/usb_lld.o
 .debug_abbrev  0x00003fec      0x1d9 build/obj/rtc_lld.o
 .debug_abbrev  0x000041c5       0xa9 build/obj/board.o
 .debug_abbrev  0x0000426e      0x138 build/obj/evtimer.o
 .debug_abbrev  0x000043a6      0x1b5 build/obj/syscalls.o
 .debug_abbrev  0x0000455b      0x2ea build/obj/shell.o
 .debug_abbrev  0x00004845      0x153 build/obj/chprintf.o
 .debug_abbrev  0x00004998      0x1e5 build/obj/stm32f10x_flash.o
 .debug_abbrev  0x00004b7d       0x68 build/obj/main.o
 .debug_abbrev  0x00004be5      0x20f build/obj/led_ctrl.o
 .debug_abbrev  0x00004df4       0xc4 build/obj/light_ctrl.o
 .debug_abbrev  0x00004eb8      0x24a build/obj/power_ctrl.o
 .debug_abbrev  0x00005102       0xea build/obj/moto_ctrl.o
 .debug_abbrev  0x000051ec      0x1ee build/obj/adc_ctrl.o
 .debug_abbrev  0x000053da      0x1ed build/obj/conv_ctrl.o
 .debug_abbrev  0x000055c7      0x1f4 build/obj/serial_ctrl.o
 .debug_abbrev  0x000057bb      0x232 build/obj/i2c_slave_ctrl.o
 .debug_abbrev  0x000059ed      0x1d2 build/obj/osc_ctrl.o
 .debug_abbrev  0x00005bbf      0x17b build/obj/conf_ctrl.o

.debug_info     0x00000000    0x18782
 .debug_info    0x00000000      0x37b build/obj/crt0.o
 .debug_info    0x0000037b       0xb5 build/obj/vectors.o
 .debug_info    0x00000430       0x8b build/obj/chcore.o
 .debug_info    0x000004bb      0x7ba build/obj/chcore_v7m.o
 .debug_info    0x00000c75      0x439 build/obj/nvic.o
 .debug_info    0x000010ae      0x67a build/obj/chsys.o
 .debug_info    0x00001728      0x92e build/obj/chdebug.o
 .debug_info    0x00002056      0x55c build/obj/chlists.o
 .debug_info    0x000025b2      0x280 build/obj/chvt.o
 .debug_info    0x00002832      0x702 build/obj/chschd.o
 .debug_info    0x00002f34      0x934 build/obj/chthreads.o
 .debug_info    0x00003868      0x698 build/obj/chdynamic.o
 .debug_info    0x00003f00      0x4db build/obj/chregistry.o
 .debug_info    0x000043db      0x750 build/obj/chsem.o
 .debug_info    0x00004b2b      0x6c1 build/obj/chmtx.o
 .debug_info    0x000051ec      0x6a2 build/obj/chcond.o
 .debug_info    0x0000588e      0x852 build/obj/chevents.o
 .debug_info    0x000060e0      0x521 build/obj/chmsg.o
 .debug_info    0x00006601      0x7d6 build/obj/chmboxes.o
 .debug_info    0x00006dd7      0x8ac build/obj/chqueues.o
 .debug_info    0x00007683      0x19b build/obj/chmemcore.o
 .debug_info    0x0000781e      0x64d build/obj/chheap.o
 .debug_info    0x00007e6b      0x23f build/obj/chmempools.o
 .debug_info    0x000080aa      0x2f6 build/obj/hal.o
 .debug_info    0x000083a0      0xba6 build/obj/adc.o
 .debug_info    0x00008f46       0x9f build/obj/can.o
 .debug_info    0x00008fe5       0x9f build/obj/ext.o
 .debug_info    0x00009084       0x9f build/obj/gpt.o
 .debug_info    0x00009123      0xb44 build/obj/i2c.o
 .debug_info    0x00009c67       0x9f build/obj/icu.o
 .debug_info    0x00009d06       0x9f build/obj/mac.o
 .debug_info    0x00009da5      0x245 build/obj/pal.o
 .debug_info    0x00009fea      0x598 build/obj/pwm.o
 .debug_info    0x0000a582       0x9f build/obj/sdc.o
 .debug_info    0x0000a621      0xd48 build/obj/serial.o
 .debug_info    0x0000b369       0x9f build/obj/spi.o
 .debug_info    0x0000b408       0x9f build/obj/uart.o
 .debug_info    0x0000b4a7       0x9f build/obj/usb.o
 .debug_info    0x0000b546      0x2a2 build/obj/tm.o
 .debug_info    0x0000b7e8       0x9f build/obj/mmc_spi.o
 .debug_info    0x0000b887       0x9f build/obj/serial_usb.o
 .debug_info    0x0000b926      0x2f3 build/obj/rtc.o
 .debug_info    0x0000bc19      0x647 build/obj/stm32_dma.o
 .debug_info    0x0000c260      0x3b2 build/obj/hal_lld.o
 .debug_info    0x0000c612      0xba1 build/obj/adc_lld.o
 .debug_info    0x0000d1b3       0x9f build/obj/can_lld.o
 .debug_info    0x0000d252       0x9f build/obj/ext_lld.o
 .debug_info    0x0000d2f1       0x9f build/obj/gpt_lld.o
 .debug_info    0x0000d390     0x1241 build/obj/i2c_lld.o
 .debug_info    0x0000e5d1       0x9f build/obj/icu_lld.o
 .debug_info    0x0000e670       0x9f build/obj/mac_lld.o
 .debug_info    0x0000e70f      0x7e3 build/obj/pwm_lld.o
 .debug_info    0x0000eef2      0xd6b build/obj/serial_lld.o
 .debug_info    0x0000fc5d       0x9f build/obj/sdc_lld.o
 .debug_info    0x0000fcfc       0x9f build/obj/spi_lld.o
 .debug_info    0x0000fd9b       0x9f build/obj/uart_lld.o
 .debug_info    0x0000fe3a      0x39a build/obj/pal_lld.o
 .debug_info    0x000101d4       0x9f build/obj/usb_lld.o
 .debug_info    0x00010273      0x5e4 build/obj/rtc_lld.o
 .debug_info    0x00010857      0x185 build/obj/board.o
 .debug_info    0x000109dc      0x58f build/obj/evtimer.o
 .debug_info    0x00010f6b      0xc31 build/obj/syscalls.o
 .debug_info    0x00011b9c      0xcc2 build/obj/shell.o
 .debug_info    0x0001285e      0x3fc build/obj/chprintf.o
 .debug_info    0x00012c5a      0x85e build/obj/stm32f10x_flash.o
 .debug_info    0x000134b8       0xbc build/obj/main.o
 .debug_info    0x00013574      0x653 build/obj/led_ctrl.o
 .debug_info    0x00013bc7      0x183 build/obj/light_ctrl.o
 .debug_info    0x00013d4a      0x91a build/obj/power_ctrl.o
 .debug_info    0x00014664      0x1b8 build/obj/moto_ctrl.o
 .debug_info    0x0001481c      0xd31 build/obj/adc_ctrl.o
 .debug_info    0x0001554d      0xfff build/obj/conv_ctrl.o
 .debug_info    0x0001654c      0xd4b build/obj/serial_ctrl.o
 .debug_info    0x00017297      0xc30 build/obj/i2c_slave_ctrl.o
 .debug_info    0x00017ec7      0x5f8 build/obj/osc_ctrl.o
 .debug_info    0x000184bf      0x2c3 build/obj/conf_ctrl.o

.debug_line     0x00000000     0xa134
 .debug_line    0x00000000      0x15b build/obj/crt0.o
 .debug_line    0x0000015b       0x63 build/obj/vectors.o
 .debug_line    0x000001be       0x58 build/obj/chcore.o
 .debug_line    0x00000216      0x23d build/obj/chcore_v7m.o
 .debug_line    0x00000453      0x11c build/obj/nvic.o
 .debug_line    0x0000056f      0x1b8 build/obj/chsys.o
 .debug_line    0x00000727      0x338 build/obj/chdebug.o
 .debug_line    0x00000a5f      0x1de build/obj/chlists.o
 .debug_line    0x00000c3d      0x1a8 build/obj/chvt.o
 .debug_line    0x00000de5      0x29e build/obj/chschd.o
 .debug_line    0x00001083      0x3a9 build/obj/chthreads.o
 .debug_line    0x0000142c      0x279 build/obj/chdynamic.o
 .debug_line    0x000016a5      0x18b build/obj/chregistry.o
 .debug_line    0x00001830      0x38d build/obj/chsem.o
 .debug_line    0x00001bbd      0x2dc build/obj/chmtx.o
 .debug_line    0x00001e99      0x26d build/obj/chcond.o
 .debug_line    0x00002106      0x308 build/obj/chevents.o
 .debug_line    0x0000240e      0x1aa build/obj/chmsg.o
 .debug_line    0x000025b8      0x2e7 build/obj/chmboxes.o
 .debug_line    0x0000289f      0x38e build/obj/chqueues.o
 .debug_line    0x00002c2d      0x17c build/obj/chmemcore.o
 .debug_line    0x00002da9      0x2cf build/obj/chheap.o
 .debug_line    0x00003078      0x178 build/obj/chmempools.o
 .debug_line    0x000031f0      0x224 build/obj/hal.o
 .debug_line    0x00003414      0x3f4 build/obj/adc.o
 .debug_line    0x00003808       0xd8 build/obj/can.o
 .debug_line    0x000038e0       0xd8 build/obj/ext.o
 .debug_line    0x000039b8       0xd8 build/obj/gpt.o
 .debug_line    0x00003a90      0x405 build/obj/i2c.o
 .debug_line    0x00003e95       0xd8 build/obj/icu.o
 .debug_line    0x00003f6d       0xd8 build/obj/mac.o
 .debug_line    0x00004045      0x1e7 build/obj/pal.o
 .debug_line    0x0000422c      0x252 build/obj/pwm.o
 .debug_line    0x0000447e       0xd8 build/obj/sdc.o
 .debug_line    0x00004556      0x3f8 build/obj/serial.o
 .debug_line    0x0000494e       0xd8 build/obj/spi.o
 .debug_line    0x00004a26       0xd8 build/obj/uart.o
 .debug_line    0x00004afe       0xd8 build/obj/usb.o
 .debug_line    0x00004bd6      0x1ef build/obj/tm.o
 .debug_line    0x00004dc5       0xd8 build/obj/mmc_spi.o
 .debug_line    0x00004e9d       0xd8 build/obj/serial_usb.o
 .debug_line    0x00004f75      0x210 build/obj/rtc.o
 .debug_line    0x00005185      0x296 build/obj/stm32_dma.o
 .debug_line    0x0000541b      0x1cb build/obj/hal_lld.o
 .debug_line    0x000055e6      0x3b7 build/obj/adc_lld.o
 .debug_line    0x0000599d       0xd8 build/obj/can_lld.o
 .debug_line    0x00005a75       0xd8 build/obj/ext_lld.o
 .debug_line    0x00005b4d       0xd8 build/obj/gpt_lld.o
 .debug_line    0x00005c25      0x6e3 build/obj/i2c_lld.o
 .debug_line    0x00006308       0xd8 build/obj/icu_lld.o
 .debug_line    0x000063e0       0xd8 build/obj/mac_lld.o
 .debug_line    0x000064b8      0x28e build/obj/pwm_lld.o
 .debug_line    0x00006746      0x36f build/obj/serial_lld.o
 .debug_line    0x00006ab5       0xd8 build/obj/sdc_lld.o
 .debug_line    0x00006b8d       0xd8 build/obj/spi_lld.o
 .debug_line    0x00006c65       0xd8 build/obj/uart_lld.o
 .debug_line    0x00006d3d      0x215 build/obj/pal_lld.o
 .debug_line    0x00006f52       0xd8 build/obj/usb_lld.o
 .debug_line    0x0000702a      0x2f5 build/obj/rtc_lld.o
 .debug_line    0x0000731f      0x142 build/obj/board.o
 .debug_line    0x00007461      0x1a4 build/obj/evtimer.o
 .debug_line    0x00007605      0x1e8 build/obj/syscalls.o
 .debug_line    0x000077ed      0x39d build/obj/shell.o
 .debug_line    0x00007b8a      0x32b build/obj/chprintf.o
 .debug_line    0x00007eb5      0x4be build/obj/stm32f10x_flash.o
 .debug_line    0x00008373       0xfb build/obj/main.o
 .debug_line    0x0000846e      0x29b build/obj/led_ctrl.o
 .debug_line    0x00008709      0x1a6 build/obj/light_ctrl.o
 .debug_line    0x000088af      0x3d0 build/obj/power_ctrl.o
 .debug_line    0x00008c7f      0x1cf build/obj/moto_ctrl.o
 .debug_line    0x00008e4e      0x35a build/obj/adc_ctrl.o
 .debug_line    0x000091a8      0x438 build/obj/conv_ctrl.o
 .debug_line    0x000095e0      0x397 build/obj/serial_ctrl.o
 .debug_line    0x00009977      0x408 build/obj/i2c_slave_ctrl.o
 .debug_line    0x00009d7f      0x1e4 build/obj/osc_ctrl.o
 .debug_line    0x00009f63      0x1d1 build/obj/conf_ctrl.o

.debug_loc      0x00000000     0x8a5a
 .debug_loc     0x00000000       0x72 build/obj/crt0.o
 .debug_loc     0x00000072      0x10f build/obj/chcore_v7m.o
 .debug_loc     0x00000181      0x10a build/obj/nvic.o
 .debug_loc     0x0000028b       0xbc build/obj/chsys.o
 .debug_loc     0x00000347      0x1ae build/obj/chdebug.o
 .debug_loc     0x000004f5       0xcc build/obj/chlists.o
 .debug_loc     0x000005c1      0x14e build/obj/chvt.o
 .debug_loc     0x0000070f      0x277 build/obj/chschd.o
 .debug_loc     0x00000986      0x505 build/obj/chthreads.o
 .debug_loc     0x00000e8b      0x276 build/obj/chdynamic.o
 .debug_loc     0x00001101       0xa7 build/obj/chregistry.o
 .debug_loc     0x000011a8      0x479 build/obj/chsem.o
 .debug_loc     0x00001621      0x353 build/obj/chmtx.o
 .debug_loc     0x00001974      0x348 build/obj/chcond.o
 .debug_loc     0x00001cbc      0x5cf build/obj/chevents.o
 .debug_loc     0x0000228b      0x136 build/obj/chmsg.o
 .debug_loc     0x000023c1      0x57d build/obj/chmboxes.o
 .debug_loc     0x0000293e      0x520 build/obj/chqueues.o
 .debug_loc     0x00002e5e       0xc7 build/obj/chmemcore.o
 .debug_loc     0x00002f25      0x2d3 build/obj/chheap.o
 .debug_loc     0x000031f8      0x216 build/obj/chmempools.o
 .debug_loc     0x0000340e       0x5c build/obj/hal.o
 .debug_loc     0x0000346a      0x3c4 build/obj/adc.o
 .debug_loc     0x0000382e      0x3e6 build/obj/i2c.o
 .debug_loc     0x00003c14       0xf6 build/obj/pal.o
 .debug_loc     0x00003d0a      0x1ee build/obj/pwm.o
 .debug_loc     0x00003ef8      0x304 build/obj/serial.o
 .debug_loc     0x000041fc       0x77 build/obj/tm.o
 .debug_loc     0x00004273      0x208 build/obj/rtc.o
 .debug_loc     0x0000447b      0x2ae build/obj/stm32_dma.o
 .debug_loc     0x00004729       0x20 build/obj/hal_lld.o
 .debug_loc     0x00004749      0x2ca build/obj/adc_lld.o
 .debug_loc     0x00004a13      0xa5c build/obj/i2c_lld.o
 .debug_loc     0x0000546f      0x241 build/obj/pwm_lld.o
 .debug_loc     0x000056b0      0x1b5 build/obj/serial_lld.o
 .debug_loc     0x00005865      0x511 build/obj/pal_lld.o
 .debug_loc     0x00005d76      0x15b build/obj/rtc_lld.o
 .debug_loc     0x00005ed1       0xd8 build/obj/evtimer.o
 .debug_loc     0x00005fa9      0x15b build/obj/syscalls.o
 .debug_loc     0x00006104      0x6d2 build/obj/shell.o
 .debug_loc     0x000067d6      0x779 build/obj/chprintf.o
 .debug_loc     0x00006f4f      0x876 build/obj/stm32f10x_flash.o
 .debug_loc     0x000077c5       0x20 build/obj/main.o
 .debug_loc     0x000077e5       0x89 build/obj/led_ctrl.o
 .debug_loc     0x0000786e       0x1e build/obj/light_ctrl.o
 .debug_loc     0x0000788c      0x2bb build/obj/power_ctrl.o
 .debug_loc     0x00007b47       0x5c build/obj/moto_ctrl.o
 .debug_loc     0x00007ba3      0x226 build/obj/adc_ctrl.o
 .debug_loc     0x00007dc9      0x297 build/obj/conv_ctrl.o
 .debug_loc     0x00008060      0x2cf build/obj/serial_ctrl.o
 .debug_loc     0x0000832f       0xde build/obj/i2c_slave_ctrl.o
 .debug_loc     0x0000840d      0x116 build/obj/osc_ctrl.o
 .debug_loc     0x00008523      0x537 build/obj/conf_ctrl.o

.debug_pubnames
                0x00000000     0x1cda
 .debug_pubnames
                0x00000000       0x56 build/obj/crt0.o
 .debug_pubnames
                0x00000056       0x38 build/obj/vectors.o
 .debug_pubnames
                0x0000008e       0x20 build/obj/chcore.o
 .debug_pubnames
                0x000000ae       0xbd build/obj/chcore_v7m.o
 .debug_pubnames
                0x0000016b       0x5e build/obj/nvic.o
 .debug_pubnames
                0x000001c9       0x5c build/obj/chsys.o
 .debug_pubnames
                0x00000225      0x184 build/obj/chdebug.o
 .debug_pubnames
                0x000003a9       0x7f build/obj/chlists.o
 .debug_pubnames
                0x00000428       0x59 build/obj/chvt.o
 .debug_pubnames
                0x00000481       0xa7 build/obj/chschd.o
 .debug_pubnames
                0x00000528       0xf3 build/obj/chthreads.o
 .debug_pubnames
                0x0000061b       0x69 build/obj/chdynamic.o
 .debug_pubnames
                0x00000684       0x3b build/obj/chregistry.o
 .debug_pubnames
                0x000006bf       0xd1 build/obj/chsem.o
 .debug_pubnames
                0x00000790       0x94 build/obj/chmtx.o
 .debug_pubnames
                0x00000824       0xb9 build/obj/chcond.o
 .debug_pubnames
                0x000008dd      0x118 build/obj/chevents.o
 .debug_pubnames
                0x000009f5       0x3f build/obj/chmsg.o
 .debug_pubnames
                0x00000a34       0xba build/obj/chmboxes.o
 .debug_pubnames
                0x00000aee       0xb3 build/obj/chqueues.o
 .debug_pubnames
                0x00000ba1       0x53 build/obj/chmemcore.o
 .debug_pubnames
                0x00000bf4       0x60 build/obj/chheap.o
 .debug_pubnames
                0x00000c54       0x61 build/obj/chmempools.o
 .debug_pubnames
                0x00000cb5       0x48 build/obj/hal.o
 .debug_pubnames
                0x00000cfd       0xd8 build/obj/adc.o
 .debug_pubnames
                0x00000dd5       0xcd build/obj/i2c.o
 .debug_pubnames
                0x00000ea2       0x43 build/obj/pal.o
 .debug_pubnames
                0x00000ee5       0x88 build/obj/pwm.o
 .debug_pubnames
                0x00000f6d       0x6c build/obj/serial.o
 .debug_pubnames
                0x00000fd9       0x2e build/obj/tm.o
 .debug_pubnames
                0x00001007       0x6f build/obj/rtc.o
 .debug_pubnames
                0x00001076       0xbb build/obj/stm32_dma.o
 .debug_pubnames
                0x00001131       0x38 build/obj/hal_lld.o
 .debug_pubnames
                0x00001169       0x89 build/obj/adc_lld.o
 .debug_pubnames
                0x000011f2       0xf2 build/obj/i2c_lld.o
 .debug_pubnames
                0x000012e4       0x94 build/obj/pwm_lld.o
 .debug_pubnames
                0x00001378       0x58 build/obj/serial_lld.o
 .debug_pubnames
                0x000013d0       0x3e build/obj/pal_lld.o
 .debug_pubnames
                0x0000140e       0xa9 build/obj/rtc_lld.o
 .debug_pubnames
                0x000014b7       0x48 build/obj/board.o
 .debug_pubnames
                0x000014ff       0x2b build/obj/evtimer.o
 .debug_pubnames
                0x0000152a       0x6c build/obj/syscalls.o
 .debug_pubnames
                0x00001596       0x6c build/obj/shell.o
 .debug_pubnames
                0x00001602       0x1f build/obj/chprintf.o
 .debug_pubnames
                0x00001621      0x2f2 build/obj/stm32f10x_flash.o
 .debug_pubnames
                0x00001913       0x1b build/obj/main.o
 .debug_pubnames
                0x0000192e       0x32 build/obj/led_ctrl.o
 .debug_pubnames
                0x00001960       0x2d build/obj/light_ctrl.o
 .debug_pubnames
                0x0000198d       0xba build/obj/power_ctrl.o
 .debug_pubnames
                0x00001a47       0x39 build/obj/moto_ctrl.o
 .debug_pubnames
                0x00001a80       0x69 build/obj/adc_ctrl.o
 .debug_pubnames
                0x00001ae9       0xe8 build/obj/conv_ctrl.o
 .debug_pubnames
                0x00001bd1       0x3f build/obj/serial_ctrl.o
 .debug_pubnames
                0x00001c10       0x46 build/obj/i2c_slave_ctrl.o
 .debug_pubnames
                0x00001c56       0x58 build/obj/osc_ctrl.o
 .debug_pubnames
                0x00001cae       0x2c build/obj/conf_ctrl.o

.debug_pubtypes
                0x00000000     0x45e6
 .debug_pubtypes
                0x00000000       0x44 build/obj/crt0.o
 .debug_pubtypes
                0x00000044       0x12 build/obj/vectors.o
 .debug_pubtypes
                0x00000056       0x12 build/obj/chcore.o
 .debug_pubtypes
                0x00000068      0x14a build/obj/chcore_v7m.o
 .debug_pubtypes
                0x000001b2       0x38 build/obj/nvic.o
 .debug_pubtypes
                0x000001ea      0x179 build/obj/chsys.o
 .debug_pubtypes
                0x00000363      0x196 build/obj/chdebug.o
 .debug_pubtypes
                0x000004f9      0x11b build/obj/chlists.o
 .debug_pubtypes
                0x00000614       0x7e build/obj/chvt.o
 .debug_pubtypes
                0x00000692      0x17e build/obj/chschd.o
 .debug_pubtypes
                0x00000810      0x184 build/obj/chthreads.o
 .debug_pubtypes
                0x00000994      0x191 build/obj/chdynamic.o
 .debug_pubtypes
                0x00000b25      0x133 build/obj/chregistry.o
 .debug_pubtypes
                0x00000c58      0x14f build/obj/chsem.o
 .debug_pubtypes
                0x00000da7      0x13e build/obj/chmtx.o
 .debug_pubtypes
                0x00000ee5      0x14b build/obj/chcond.o
 .debug_pubtypes
                0x00001030      0x195 build/obj/chevents.o
 .debug_pubtypes
                0x000011c5      0x133 build/obj/chmsg.o
 .debug_pubtypes
                0x000012f8      0x14d build/obj/chmboxes.o
 .debug_pubtypes
                0x00001445      0x198 build/obj/chqueues.o
 .debug_pubtypes
                0x000015dd       0x29 build/obj/chmemcore.o
 .debug_pubtypes
                0x00001606      0x166 build/obj/chheap.o
 .debug_pubtypes
                0x0000176c       0x4d build/obj/chmempools.o
 .debug_pubtypes
                0x000017b9       0x76 build/obj/hal.o
 .debug_pubtypes
                0x0000182f      0x244 build/obj/adc.o
 .debug_pubtypes
                0x00001a73       0x1e build/obj/can.o
 .debug_pubtypes
                0x00001a91       0x1e build/obj/ext.o
 .debug_pubtypes
                0x00001aaf       0x1e build/obj/gpt.o
 .debug_pubtypes
                0x00001acd      0x1fb build/obj/i2c.o
 .debug_pubtypes
                0x00001cc8       0x1e build/obj/icu.o
 .debug_pubtypes
                0x00001ce6       0x1e build/obj/mac.o
 .debug_pubtypes
                0x00001d04       0x84 build/obj/pal.o
 .debug_pubtypes
                0x00001d88       0xe0 build/obj/pwm.o
 .debug_pubtypes
                0x00001e68       0x1e build/obj/sdc.o
 .debug_pubtypes
                0x00001e86      0x293 build/obj/serial.o
 .debug_pubtypes
                0x00002119       0x1e build/obj/spi.o
 .debug_pubtypes
                0x00002137       0x1e build/obj/uart.o
 .debug_pubtypes
                0x00002155       0x1e build/obj/usb.o
 .debug_pubtypes
                0x00002173       0x6e build/obj/tm.o
 .debug_pubtypes
                0x000021e1       0x1e build/obj/mmc_spi.o
 .debug_pubtypes
                0x000021ff       0x1e build/obj/serial_usb.o
 .debug_pubtypes
                0x0000221d       0xa3 build/obj/rtc.o
 .debug_pubtypes
                0x000022c0       0xce build/obj/stm32_dma.o
 .debug_pubtypes
                0x0000238e       0x93 build/obj/hal_lld.o
 .debug_pubtypes
                0x00002421      0x24f build/obj/adc_lld.o
 .debug_pubtypes
                0x00002670       0x1e build/obj/can_lld.o
 .debug_pubtypes
                0x0000268e       0x1e build/obj/ext_lld.o
 .debug_pubtypes
                0x000026ac       0x1e build/obj/gpt_lld.o
 .debug_pubtypes
                0x000026ca      0x279 build/obj/i2c_lld.o
 .debug_pubtypes
                0x00002943       0x1e build/obj/icu_lld.o
 .debug_pubtypes
                0x00002961       0x1e build/obj/mac_lld.o
 .debug_pubtypes
                0x0000297f       0xf9 build/obj/pwm_lld.o
 .debug_pubtypes
                0x00002a78      0x271 build/obj/serial_lld.o
 .debug_pubtypes
                0x00002ce9       0x1e build/obj/sdc_lld.o
 .debug_pubtypes
                0x00002d07       0x1e build/obj/spi_lld.o
 .debug_pubtypes
                0x00002d25       0x1e build/obj/uart_lld.o
 .debug_pubtypes
                0x00002d43       0xaa build/obj/pal_lld.o
 .debug_pubtypes
                0x00002ded       0x1e build/obj/usb_lld.o
 .debug_pubtypes
                0x00002e0b       0xd5 build/obj/rtc_lld.o
 .debug_pubtypes
                0x00002ee0       0x50 build/obj/board.o
 .debug_pubtypes
                0x00002f30      0x19a build/obj/evtimer.o
 .debug_pubtypes
                0x000030ca      0x19b build/obj/syscalls.o
 .debug_pubtypes
                0x00003265      0x21a build/obj/shell.o
 .debug_pubtypes
                0x0000347f       0xb5 build/obj/chprintf.o
 .debug_pubtypes
                0x00003534       0x99 build/obj/stm32f10x_flash.o
 .debug_pubtypes
                0x000035cd       0x1e build/obj/main.o
 .debug_pubtypes
                0x000035eb      0x162 build/obj/led_ctrl.o
 .debug_pubtypes
                0x0000374d       0x58 build/obj/light_ctrl.o
 .debug_pubtypes
                0x000037a5      0x1ec build/obj/power_ctrl.o
 .debug_pubtypes
                0x00003991       0x5a build/obj/moto_ctrl.o
 .debug_pubtypes
                0x000039eb      0x271 build/obj/adc_ctrl.o
 .debug_pubtypes
                0x00003c5c      0x2d9 build/obj/conv_ctrl.o
 .debug_pubtypes
                0x00003f35      0x2cd build/obj/serial_ctrl.o
 .debug_pubtypes
                0x00004202      0x274 build/obj/i2c_slave_ctrl.o
 .debug_pubtypes
                0x00004476      0x128 build/obj/osc_ctrl.o
 .debug_pubtypes
                0x0000459e       0x48 build/obj/conf_ctrl.o

.debug_aranges  0x00000000     0x1128
 .debug_aranges
                0x00000000       0x38 build/obj/crt0.o
 .debug_aranges
                0x00000038       0x20 build/obj/vectors.o
 .debug_aranges
                0x00000058       0x20 build/obj/chcore.o
 .debug_aranges
                0x00000078       0x60 build/obj/chcore_v7m.o
 .debug_aranges
                0x000000d8       0x30 build/obj/nvic.o
 .debug_aranges
                0x00000108       0x30 build/obj/chsys.o
 .debug_aranges
                0x00000138       0x88 build/obj/chdebug.o
 .debug_aranges
                0x000001c0       0x50 build/obj/chlists.o
 .debug_aranges
                0x00000210       0x38 build/obj/chvt.o
 .debug_aranges
                0x00000248       0x58 build/obj/chschd.o
 .debug_aranges
                0x000002a0       0x80 build/obj/chthreads.o
 .debug_aranges
                0x00000320       0x38 build/obj/chdynamic.o
 .debug_aranges
                0x00000358       0x28 build/obj/chregistry.o
 .debug_aranges
                0x00000380       0x70 build/obj/chsem.o
 .debug_aranges
                0x000003f0       0x58 build/obj/chmtx.o
 .debug_aranges
                0x00000448       0x60 build/obj/chcond.o
 .debug_aranges
                0x000004a8       0x78 build/obj/chevents.o
 .debug_aranges
                0x00000520       0x30 build/obj/chmsg.o
 .debug_aranges
                0x00000550       0x70 build/obj/chmboxes.o
 .debug_aranges
                0x000005c0       0x70 build/obj/chqueues.o
 .debug_aranges
                0x00000630       0x38 build/obj/chmemcore.o
 .debug_aranges
                0x00000668       0x40 build/obj/chheap.o
 .debug_aranges
                0x000006a8       0x40 build/obj/chmempools.o
 .debug_aranges
                0x000006e8       0x30 build/obj/hal.o
 .debug_aranges
                0x00000718       0x70 build/obj/adc.o
 .debug_aranges
                0x00000788       0x68 build/obj/i2c.o
 .debug_aranges
                0x000007f0       0x30 build/obj/pal.o
 .debug_aranges
                0x00000820       0x50 build/obj/pwm.o
 .debug_aranges
                0x00000870       0x90 build/obj/serial.o
 .debug_aranges
                0x00000900       0x38 build/obj/tm.o
 .debug_aranges
                0x00000938       0x48 build/obj/rtc.o
 .debug_aranges
                0x00000980       0x68 build/obj/stm32_dma.o
 .debug_aranges
                0x000009e8       0x28 build/obj/hal_lld.o
 .debug_aranges
                0x00000a10       0x48 build/obj/adc_lld.o
 .debug_aranges
                0x00000a58       0x98 build/obj/i2c_lld.o
 .debug_aranges
                0x00000af0       0x48 build/obj/pwm_lld.o
 .debug_aranges
                0x00000b38       0x40 build/obj/serial_lld.o
 .debug_aranges
                0x00000b78       0x28 build/obj/pal_lld.o
 .debug_aranges
                0x00000ba0       0x50 build/obj/rtc_lld.o
 .debug_aranges
                0x00000bf0       0x28 build/obj/board.o
 .debug_aranges
                0x00000c18       0x30 build/obj/evtimer.o
 .debug_aranges
                0x00000c48       0x50 build/obj/syscalls.o
 .debug_aranges
                0x00000c98       0x68 build/obj/shell.o
 .debug_aranges
                0x00000d00       0x28 build/obj/chprintf.o
 .debug_aranges
                0x00000d28       0xf8 build/obj/stm32f10x_flash.o
 .debug_aranges
                0x00000e20       0x20 build/obj/main.o
 .debug_aranges
                0x00000e40       0x30 build/obj/led_ctrl.o
 .debug_aranges
                0x00000e70       0x28 build/obj/light_ctrl.o
 .debug_aranges
                0x00000e98       0x78 build/obj/power_ctrl.o
 .debug_aranges
                0x00000f10       0x30 build/obj/moto_ctrl.o
 .debug_aranges
                0x00000f40       0x58 build/obj/adc_ctrl.o
 .debug_aranges
                0x00000f98       0x88 build/obj/conv_ctrl.o
 .debug_aranges
                0x00001020       0x58 build/obj/serial_ctrl.o
 .debug_aranges
                0x00001078       0x48 build/obj/i2c_slave_ctrl.o
 .debug_aranges
                0x000010c0       0x40 build/obj/osc_ctrl.o
 .debug_aranges
                0x00001100       0x28 build/obj/conf_ctrl.o

.debug_ranges   0x00000000     0x1428
 .debug_ranges  0x00000000       0x58 build/obj/crt0.o
 .debug_ranges  0x00000058       0x10 build/obj/vectors.o
 .debug_ranges  0x00000068       0x10 build/obj/chcore.o
 .debug_ranges  0x00000078       0x68 build/obj/chcore_v7m.o
 .debug_ranges  0x000000e0       0x20 build/obj/nvic.o
 .debug_ranges  0x00000100       0x20 build/obj/chsys.o
 .debug_ranges  0x00000120       0xf0 build/obj/chdebug.o
 .debug_ranges  0x00000210       0x40 build/obj/chlists.o
 .debug_ranges  0x00000250       0x28 build/obj/chvt.o
 .debug_ranges  0x00000278       0xb8 build/obj/chschd.o
 .debug_ranges  0x00000330       0x88 build/obj/chthreads.o
 .debug_ranges  0x000003b8       0x28 build/obj/chdynamic.o
 .debug_ranges  0x000003e0       0x18 build/obj/chregistry.o
 .debug_ranges  0x000003f8       0x78 build/obj/chsem.o
 .debug_ranges  0x00000470       0x80 build/obj/chmtx.o
 .debug_ranges  0x000004f0       0x50 build/obj/chcond.o
 .debug_ranges  0x00000540       0x68 build/obj/chevents.o
 .debug_ranges  0x000005a8       0x20 build/obj/chmsg.o
 .debug_ranges  0x000005c8       0x60 build/obj/chmboxes.o
 .debug_ranges  0x00000628       0x90 build/obj/chqueues.o
 .debug_ranges  0x000006b8       0x28 build/obj/chmemcore.o
 .debug_ranges  0x000006e0       0x30 build/obj/chheap.o
 .debug_ranges  0x00000710       0x30 build/obj/chmempools.o
 .debug_ranges  0x00000740       0x20 build/obj/hal.o
 .debug_ranges  0x00000760       0x78 build/obj/adc.o
 .debug_ranges  0x000007d8       0x58 build/obj/i2c.o
 .debug_ranges  0x00000830       0x20 build/obj/pal.o
 .debug_ranges  0x00000850       0x40 build/obj/pwm.o
 .debug_ranges  0x00000890       0x80 build/obj/serial.o
 .debug_ranges  0x00000910       0x50 build/obj/tm.o
 .debug_ranges  0x00000960       0x38 build/obj/rtc.o
 .debug_ranges  0x00000998       0x58 build/obj/stm32_dma.o
 .debug_ranges  0x000009f0       0x30 build/obj/hal_lld.o
 .debug_ranges  0x00000a20       0x70 build/obj/adc_lld.o
 .debug_ranges  0x00000a90      0x240 build/obj/i2c_lld.o
 .debug_ranges  0x00000cd0       0x78 build/obj/pwm_lld.o
 .debug_ranges  0x00000d48       0xb8 build/obj/serial_lld.o
 .debug_ranges  0x00000e00       0x18 build/obj/pal_lld.o
 .debug_ranges  0x00000e18       0x40 build/obj/rtc_lld.o
 .debug_ranges  0x00000e58       0x18 build/obj/board.o
 .debug_ranges  0x00000e70       0x20 build/obj/evtimer.o
 .debug_ranges  0x00000e90       0x40 build/obj/syscalls.o
 .debug_ranges  0x00000ed0       0xa8 build/obj/shell.o
 .debug_ranges  0x00000f78       0x18 build/obj/chprintf.o
 .debug_ranges  0x00000f90      0x118 build/obj/stm32f10x_flash.o
 .debug_ranges  0x000010a8       0x10 build/obj/main.o
 .debug_ranges  0x000010b8       0x50 build/obj/led_ctrl.o
 .debug_ranges  0x00001108       0x18 build/obj/light_ctrl.o
 .debug_ranges  0x00001120       0xe0 build/obj/power_ctrl.o
 .debug_ranges  0x00001200       0x20 build/obj/moto_ctrl.o
 .debug_ranges  0x00001220       0x60 build/obj/adc_ctrl.o
 .debug_ranges  0x00001280       0x78 build/obj/conv_ctrl.o
 .debug_ranges  0x000012f8       0x48 build/obj/serial_ctrl.o
 .debug_ranges  0x00001340       0x50 build/obj/i2c_slave_ctrl.o
 .debug_ranges  0x00001390       0x30 build/obj/osc_ctrl.o
 .debug_ranges  0x000013c0       0x68 build/obj/conf_ctrl.o

.debug_str      0x00000000     0x3b80
 .debug_str     0x00000000      0x1f2 build/obj/crt0.o
                                0x231 (size before relaxing)
 .debug_str     0x000001f2       0x51 build/obj/vectors.o
                                0x12b (size before relaxing)
 .debug_str     0x00000243       0x32 build/obj/chcore.o
                                0x10c (size before relaxing)
 .debug_str     0x00000275      0x2bc build/obj/chcore_v7m.o
                                0x3ca (size before relaxing)
 .debug_str     0x00000531       0xc0 build/obj/nvic.o
                                0x203 (size before relaxing)
 .debug_str     0x000005f1       0xd7 build/obj/chsys.o
                                0x383 (size before relaxing)
 .debug_str     0x000006c8      0x1a8 build/obj/chdebug.o
                                0x4a2 (size before relaxing)
 .debug_str     0x00000870       0x74 build/obj/chlists.o
                                0x2c9 (size before relaxing)
 .debug_str     0x000008e4       0x5a build/obj/chvt.o
                                0x1b0 (size before relaxing)
 .debug_str     0x0000093e       0xaf build/obj/chschd.o
                                0x39f (size before relaxing)
 .debug_str     0x000009ed       0xf5 build/obj/chthreads.o
                                0x406 (size before relaxing)
 .debug_str     0x00000ae2       0xf1 build/obj/chdynamic.o
                                0x37f (size before relaxing)
 .debug_str     0x00000bd3       0x47 build/obj/chregistry.o
                                0x2eb (size before relaxing)
 .debug_str     0x00000c1a       0xb4 build/obj/chsem.o
                                0x375 (size before relaxing)
 .debug_str     0x00000cce       0x83 build/obj/chmtx.o
                                0x336 (size before relaxing)
 .debug_str     0x00000d51       0xb5 build/obj/chcond.o
                                0x35e (size before relaxing)
 .debug_str     0x00000e06      0x157 build/obj/chevents.o
                                0x405 (size before relaxing)
 .debug_str     0x00000f5d       0x42 build/obj/chmsg.o
                                0x2e6 (size before relaxing)
 .debug_str     0x00000f9f       0xe7 build/obj/chmboxes.o
                                0x35f (size before relaxing)
 .debug_str     0x00001086      0x117 build/obj/chqueues.o
                                0x3d3 (size before relaxing)
 .debug_str     0x0000119d       0x80 build/obj/chmemcore.o
                                0x16e (size before relaxing)
 .debug_str     0x0000121d       0x6f build/obj/chheap.o
                                0x32e (size before relaxing)
 .debug_str     0x0000128c       0x61 build/obj/chmempools.o
                                0x1a4 (size before relaxing)
 .debug_str     0x000012ed       0xf6 build/obj/hal.o
                                0x1f6 (size before relaxing)
 .debug_str     0x000013e3      0x2a9 build/obj/adc.o
                                0x58a (size before relaxing)
 .debug_str     0x0000168c       0x1c build/obj/can.o
                                0x10b (size before relaxing)
 .debug_str     0x000016a8       0x1c build/obj/ext.o
                                0x10b (size before relaxing)
 .debug_str     0x000016c4       0x1c build/obj/gpt.o
                                0x10b (size before relaxing)
 .debug_str     0x000016e0      0x2a5 build/obj/i2c.o
                                0x59d (size before relaxing)
 .debug_str     0x00001985       0x1c build/obj/icu.o
                                0x10b (size before relaxing)
 .debug_str     0x000019a1       0x1c build/obj/mac.o
                                0x10b (size before relaxing)
 .debug_str     0x000019bd       0x98 build/obj/pal.o
                                0x1a1 (size before relaxing)
 .debug_str     0x00001a55      0x1bc build/obj/pwm.o
                                0x2f7 (size before relaxing)
 .debug_str     0x00001c11       0x1c build/obj/sdc.o
                                0x10b (size before relaxing)
 .debug_str     0x00001c2d      0x19f build/obj/serial.o
                                0x536 (size before relaxing)
 .debug_str     0x00001dcc       0x1c build/obj/spi.o
                                0x10b (size before relaxing)
 .debug_str     0x00001de8       0x1d build/obj/uart.o
                                0x10c (size before relaxing)
 .debug_str     0x00001e05       0x1c build/obj/usb.o
                                0x10b (size before relaxing)
 .debug_str     0x00001e21       0x6e build/obj/tm.o
                                0x1c0 (size before relaxing)
 .debug_str     0x00001e8f       0x20 build/obj/mmc_spi.o
                                0x10f (size before relaxing)
 .debug_str     0x00001eaf       0x23 build/obj/serial_usb.o
                                0x112 (size before relaxing)
 .debug_str     0x00001ed2       0xf5 build/obj/rtc.o
                                0x1fc (size before relaxing)
 .debug_str     0x00001fc7      0x421 build/obj/stm32_dma.o
                                0x5aa (size before relaxing)
 .debug_str     0x000023e8       0xd1 build/obj/hal_lld.o
                                0x255 (size before relaxing)
 .debug_str     0x000024b9       0xba build/obj/adc_lld.o
                                0x5ab (size before relaxing)
 .debug_str     0x00002573       0x2c build/obj/can_lld.o
                                0x11b (size before relaxing)
 .debug_str     0x0000259f       0x2c build/obj/ext_lld.o
                                0x11b (size before relaxing)
 .debug_str     0x000025cb       0x2c build/obj/gpt_lld.o
                                0x11b (size before relaxing)
 .debug_str     0x000025f7      0x1dd build/obj/i2c_lld.o
                                0xa9f (size before relaxing)
 .debug_str     0x000027d4       0x2c build/obj/icu_lld.o
                                0x11b (size before relaxing)
 .debug_str     0x00002800       0x2c build/obj/mac_lld.o
                                0x11b (size before relaxing)
 .debug_str     0x0000282c       0xac build/obj/pwm_lld.o
                                0x639 (size before relaxing)
 .debug_str     0x000028d8       0x87 build/obj/serial_lld.o
                                0x81b (size before relaxing)
 .debug_str     0x0000295f       0x2c build/obj/sdc_lld.o
                                0x11b (size before relaxing)
 .debug_str     0x0000298b       0x2c build/obj/spi_lld.o
                                0x11b (size before relaxing)
 .debug_str     0x000029b7       0x2d build/obj/uart_lld.o
                                0x11c (size before relaxing)
 .debug_str     0x000029e4       0x63 build/obj/pal_lld.o
                                0x22b (size before relaxing)
 .debug_str     0x00002a47       0x32 build/obj/usb_lld.o
                                0x121 (size before relaxing)
 .debug_str     0x00002a79       0xf1 build/obj/rtc_lld.o
                                0x5ca (size before relaxing)
 .debug_str     0x00002b6a       0x1a build/obj/board.o
                                0x172 (size before relaxing)
 .debug_str     0x00002b84       0x57 build/obj/evtimer.o
                                0x327 (size before relaxing)
 .debug_str     0x00002bdb      0x49b build/obj/syscalls.o
                                0x5e6 (size before relaxing)
 .debug_str     0x00003076      0x14b build/obj/shell.o
                                0x4e6 (size before relaxing)
 .debug_str     0x000031c1       0x87 build/obj/chprintf.o
                                0x1fc (size before relaxing)
 .debug_str     0x00003248      0x40d build/obj/stm32f10x_flash.o
                                0x561 (size before relaxing)
 .debug_str     0x00003655        0xc build/obj/main.o
                                 0xfb (size before relaxing)
 .debug_str     0x00003661       0x2f build/obj/led_ctrl.o
                                0x312 (size before relaxing)
 .debug_str     0x00003690       0x20 build/obj/light_ctrl.o
                                0x143 (size before relaxing)
 .debug_str     0x000036b0       0xfc build/obj/power_ctrl.o
                                0x48f (size before relaxing)
 .debug_str     0x000037ac       0x27 build/obj/moto_ctrl.o
                                0x14c (size before relaxing)
 .debug_str     0x000037d3       0x80 build/obj/adc_ctrl.o
                                0x597 (size before relaxing)
 .debug_str     0x00003853      0x14c build/obj/conv_ctrl.o
                                0x762 (size before relaxing)
 .debug_str     0x0000399f       0x7b build/obj/serial_ctrl.o
                                0x58a (size before relaxing)
 .debug_str     0x00003a1a       0xaf build/obj/i2c_slave_ctrl.o
                                0x680 (size before relaxing)
 .debug_str     0x00003ac9       0x64 build/obj/osc_ctrl.o
                                0x2f4 (size before relaxing)
 .debug_str     0x00003b2d       0x53 build/obj/conf_ctrl.o
                                0x1ac (size before relaxing)

.comment        0x00000000       0x2a
 .comment       0x00000000       0x2a build/obj/crt0.o
                                 0x2b (size before relaxing)
 .comment       0x00000000       0x2b build/obj/vectors.o
 .comment       0x00000000       0x2b build/obj/chcore.o
 .comment       0x00000000       0x2b build/obj/chcore_v7m.o
 .comment       0x00000000       0x2b build/obj/nvic.o
 .comment       0x00000000       0x2b build/obj/chsys.o
 .comment       0x00000000       0x2b build/obj/chdebug.o
 .comment       0x00000000       0x2b build/obj/chlists.o
 .comment       0x00000000       0x2b build/obj/chvt.o
 .comment       0x00000000       0x2b build/obj/chschd.o
 .comment       0x00000000       0x2b build/obj/chthreads.o
 .comment       0x00000000       0x2b build/obj/chdynamic.o
 .comment       0x00000000       0x2b build/obj/chregistry.o
 .comment       0x00000000       0x2b build/obj/chsem.o
 .comment       0x00000000       0x2b build/obj/chmtx.o
 .comment       0x00000000       0x2b build/obj/chcond.o
 .comment       0x00000000       0x2b build/obj/chevents.o
 .comment       0x00000000       0x2b build/obj/chmsg.o
 .comment       0x00000000       0x2b build/obj/chmboxes.o
 .comment       0x00000000       0x2b build/obj/chqueues.o
 .comment       0x00000000       0x2b build/obj/chmemcore.o
 .comment       0x00000000       0x2b build/obj/chheap.o
 .comment       0x00000000       0x2b build/obj/chmempools.o
 .comment       0x00000000       0x2b build/obj/hal.o
 .comment       0x00000000       0x2b build/obj/adc.o
 .comment       0x00000000       0x2b build/obj/can.o
 .comment       0x00000000       0x2b build/obj/ext.o
 .comment       0x00000000       0x2b build/obj/gpt.o
 .comment       0x00000000       0x2b build/obj/i2c.o
 .comment       0x00000000       0x2b build/obj/icu.o
 .comment       0x00000000       0x2b build/obj/mac.o
 .comment       0x00000000       0x2b build/obj/pal.o
 .comment       0x00000000       0x2b build/obj/pwm.o
 .comment       0x00000000       0x2b build/obj/sdc.o
 .comment       0x00000000       0x2b build/obj/serial.o
 .comment       0x00000000       0x2b build/obj/spi.o
 .comment       0x00000000       0x2b build/obj/uart.o
 .comment       0x00000000       0x2b build/obj/usb.o
 .comment       0x00000000       0x2b build/obj/tm.o
 .comment       0x00000000       0x2b build/obj/mmc_spi.o
 .comment       0x00000000       0x2b build/obj/serial_usb.o
 .comment       0x00000000       0x2b build/obj/rtc.o
 .comment       0x00000000       0x2b build/obj/stm32_dma.o
 .comment       0x00000000       0x2b build/obj/hal_lld.o
 .comment       0x00000000       0x2b build/obj/adc_lld.o
 .comment       0x00000000       0x2b build/obj/can_lld.o
 .comment       0x00000000       0x2b build/obj/ext_lld.o
 .comment       0x00000000       0x2b build/obj/gpt_lld.o
 .comment       0x00000000       0x2b build/obj/i2c_lld.o
 .comment       0x00000000       0x2b build/obj/icu_lld.o
 .comment       0x00000000       0x2b build/obj/mac_lld.o
 .comment       0x00000000       0x2b build/obj/pwm_lld.o
 .comment       0x00000000       0x2b build/obj/serial_lld.o
 .comment       0x00000000       0x2b build/obj/sdc_lld.o
 .comment       0x00000000       0x2b build/obj/spi_lld.o
 .comment       0x00000000       0x2b build/obj/uart_lld.o
 .comment       0x00000000       0x2b build/obj/pal_lld.o
 .comment       0x00000000       0x2b build/obj/usb_lld.o
 .comment       0x00000000       0x2b build/obj/rtc_lld.o
 .comment       0x00000000       0x2b build/obj/board.o
 .comment       0x00000000       0x2b build/obj/evtimer.o
 .comment       0x00000000       0x2b build/obj/syscalls.o
 .comment       0x00000000       0x2b build/obj/shell.o
 .comment       0x00000000       0x2b build/obj/chprintf.o
 .comment       0x00000000       0x2b build/obj/stm32f10x_flash.o
 .comment       0x00000000       0x2b build/obj/main.o
 .comment       0x00000000       0x2b build/obj/led_ctrl.o
 .comment       0x00000000       0x2b build/obj/light_ctrl.o
 .comment       0x00000000       0x2b build/obj/power_ctrl.o
 .comment       0x00000000       0x2b build/obj/moto_ctrl.o
 .comment       0x00000000       0x2b build/obj/adc_ctrl.o
 .comment       0x00000000       0x2b build/obj/conv_ctrl.o
 .comment       0x00000000       0x2b build/obj/serial_ctrl.o
 .comment       0x00000000       0x2b build/obj/i2c_slave_ctrl.o
 .comment       0x00000000       0x2b build/obj/osc_ctrl.o
 .comment       0x00000000       0x2b build/obj/conf_ctrl.o

.ARM.attributes
                0x00000000       0x31
 .ARM.attributes
                0x00000000       0x31 build/obj/crt0.o
 .ARM.attributes
                0x00000031       0x31 build/obj/vectors.o
 .ARM.attributes
                0x00000062       0x31 build/obj/chcore.o
 .ARM.attributes
                0x00000093       0x31 build/obj/chcore_v7m.o
 .ARM.attributes
                0x000000c4       0x31 build/obj/nvic.o
 .ARM.attributes
                0x000000f5       0x31 build/obj/chsys.o
 .ARM.attributes
                0x00000126       0x31 build/obj/chdebug.o
 .ARM.attributes
                0x00000157       0x31 build/obj/chlists.o
 .ARM.attributes
                0x00000188       0x31 build/obj/chvt.o
 .ARM.attributes
                0x000001b9       0x31 build/obj/chschd.o
 .ARM.attributes
                0x000001ea       0x31 build/obj/chthreads.o
 .ARM.attributes
                0x0000021b       0x31 build/obj/chdynamic.o
 .ARM.attributes
                0x0000024c       0x31 build/obj/chregistry.o
 .ARM.attributes
                0x0000027d       0x31 build/obj/chsem.o
 .ARM.attributes
                0x000002ae       0x31 build/obj/chmtx.o
 .ARM.attributes
                0x000002df       0x31 build/obj/chcond.o
 .ARM.attributes
                0x00000310       0x31 build/obj/chevents.o
 .ARM.attributes
                0x00000341       0x31 build/obj/chmsg.o
 .ARM.attributes
                0x00000372       0x31 build/obj/chmboxes.o
 .ARM.attributes
                0x000003a3       0x31 build/obj/chqueues.o
 .ARM.attributes
                0x000003d4       0x31 build/obj/chmemcore.o
 .ARM.attributes
                0x00000405       0x31 build/obj/chheap.o
 .ARM.attributes
                0x00000436       0x31 build/obj/chmempools.o
 .ARM.attributes
                0x00000467       0x31 build/obj/hal.o
 .ARM.attributes
                0x00000498       0x31 build/obj/adc.o
 .ARM.attributes
                0x000004c9       0x31 build/obj/can.o
 .ARM.attributes
                0x000004fa       0x31 build/obj/ext.o
 .ARM.attributes
                0x0000052b       0x31 build/obj/gpt.o
 .ARM.attributes
                0x0000055c       0x31 build/obj/i2c.o
 .ARM.attributes
                0x0000058d       0x31 build/obj/icu.o
 .ARM.attributes
                0x000005be       0x31 build/obj/mac.o
 .ARM.attributes
                0x000005ef       0x31 build/obj/pal.o
 .ARM.attributes
                0x00000620       0x31 build/obj/pwm.o
 .ARM.attributes
                0x00000651       0x31 build/obj/sdc.o
 .ARM.attributes
                0x00000682       0x31 build/obj/serial.o
 .ARM.attributes
                0x000006b3       0x31 build/obj/spi.o
 .ARM.attributes
                0x000006e4       0x31 build/obj/uart.o
 .ARM.attributes
                0x00000715       0x31 build/obj/usb.o
 .ARM.attributes
                0x00000746       0x31 build/obj/tm.o
 .ARM.attributes
                0x00000777       0x31 build/obj/mmc_spi.o
 .ARM.attributes
                0x000007a8       0x31 build/obj/serial_usb.o
 .ARM.attributes
                0x000007d9       0x31 build/obj/rtc.o
 .ARM.attributes
                0x0000080a       0x31 build/obj/stm32_dma.o
 .ARM.attributes
                0x0000083b       0x31 build/obj/hal_lld.o
 .ARM.attributes
                0x0000086c       0x31 build/obj/adc_lld.o
 .ARM.attributes
                0x0000089d       0x31 build/obj/can_lld.o
 .ARM.attributes
                0x000008ce       0x31 build/obj/ext_lld.o
 .ARM.attributes
                0x000008ff       0x31 build/obj/gpt_lld.o
 .ARM.attributes
                0x00000930       0x31 build/obj/i2c_lld.o
 .ARM.attributes
                0x00000961       0x31 build/obj/icu_lld.o
 .ARM.attributes
                0x00000992       0x31 build/obj/mac_lld.o
 .ARM.attributes
                0x000009c3       0x31 build/obj/pwm_lld.o
 .ARM.attributes
                0x000009f4       0x31 build/obj/serial_lld.o
 .ARM.attributes
                0x00000a25       0x31 build/obj/sdc_lld.o
 .ARM.attributes
                0x00000a56       0x31 build/obj/spi_lld.o
 .ARM.attributes
                0x00000a87       0x31 build/obj/uart_lld.o
 .ARM.attributes
                0x00000ab8       0x31 build/obj/pal_lld.o
 .ARM.attributes
                0x00000ae9       0x31 build/obj/usb_lld.o
 .ARM.attributes
                0x00000b1a       0x31 build/obj/rtc_lld.o
 .ARM.attributes
                0x00000b4b       0x31 build/obj/board.o
 .ARM.attributes