Archive member included because of file (symbol)

/home/z80/programs/code-sourcery/2011.03-42/bin/../lib/gcc/arm-none-eabi/4.5.2/../../../../arm-none-eabi/lib/thumb2/libc.a(lib_a-atoi.o)
                              build/obj/power_ctrl.o (atoi)
/home/z80/programs/code-sourcery/2011.03-42/bin/../lib/gcc/arm-none-eabi/4.5.2/../../../../arm-none-eabi/lib/thumb2/libc.a(lib_a-memset.o)
                              build/obj/usb.o (memset)
/home/z80/programs/code-sourcery/2011.03-42/bin/../lib/gcc/arm-none-eabi/4.5.2/../../../../arm-none-eabi/lib/thumb2/libc.a(lib_a-strcasecmp.o)
                              build/obj/shell.o (strcasecmp)
/home/z80/programs/code-sourcery/2011.03-42/bin/../lib/gcc/arm-none-eabi/4.5.2/../../../../arm-none-eabi/lib/thumb2/libc.a(lib_a-strpbrk.o)
                              build/obj/shell.o (strpbrk)
/home/z80/programs/code-sourcery/2011.03-42/bin/../lib/gcc/arm-none-eabi/4.5.2/../../../../arm-none-eabi/lib/thumb2/libc.a(lib_a-strspn.o)
                              build/obj/shell.o (strspn)
/home/z80/programs/code-sourcery/2011.03-42/bin/../lib/gcc/arm-none-eabi/4.5.2/../../../../arm-none-eabi/lib/thumb2/libc.a(lib_a-strtol.o)
                              /home/z80/programs/code-sourcery/2011.03-42/bin/../lib/gcc/arm-none-eabi/4.5.2/../../../../arm-none-eabi/lib/thumb2/libc.a(lib_a-atoi.o) (_strtol_r)
/home/z80/programs/code-sourcery/2011.03-42/bin/../lib/gcc/arm-none-eabi/4.5.2/../../../../arm-none-eabi/lib/thumb2/libc.a(lib_a-ctype_.o)
                              /home/z80/programs/code-sourcery/2011.03-42/bin/../lib/gcc/arm-none-eabi/4.5.2/../../../../arm-none-eabi/lib/thumb2/libc.a(lib_a-strcasecmp.o) (__ctype_ptr__)
/home/z80/programs/code-sourcery/2011.03-42/bin/../lib/gcc/arm-none-eabi/4.5.2/../../../../arm-none-eabi/lib/thumb2/libc.a(lib_a-impure.o)
                              /home/z80/programs/code-sourcery/2011.03-42/bin/../lib/gcc/arm-none-eabi/4.5.2/../../../../arm-none-eabi/lib/thumb2/libc.a(lib_a-strtol.o) (_impure_ptr)
/home/z80/programs/code-sourcery/2011.03-42/bin/../lib/gcc/arm-none-eabi/4.5.2/thumb2/libgcc.a(_udivsi3.o)
                              /home/z80/programs/code-sourcery/2011.03-42/bin/../lib/gcc/arm-none-eabi/4.5.2/../../../../arm-none-eabi/lib/thumb2/libc.a(lib_a-strtol.o) (__aeabi_uidiv)
/home/z80/programs/code-sourcery/2011.03-42/bin/../lib/gcc/arm-none-eabi/4.5.2/thumb2/libgcc.a(_dvmd_tls.o)
                              /home/z80/programs/code-sourcery/2011.03-42/bin/../lib/gcc/arm-none-eabi/4.5.2/thumb2/libgcc.a(_udivsi3.o) (__aeabi_idiv0)

Discarded input sections

 .text          0x00000000        0x0 build/obj/crt0.o
 .data          0x00000000        0x0 build/obj/crt0.o
 .bss           0x00000000        0x0 build/obj/crt0.o
 .text.__early_init
                0x00000000       0x10 build/obj/crt0.o
 .text          0x00000000        0x0 build/obj/vectors.o
 .data          0x00000000        0x0 build/obj/vectors.o
 .bss           0x00000000        0x0 build/obj/vectors.o
 .text          0x00000000        0x0 build/obj/chcore.o
 .data          0x00000000        0x0 build/obj/chcore.o
 .bss           0x00000000        0x0 build/obj/chcore.o
 .text          0x00000000        0x0 build/obj/chcore_v7m.o
 .data          0x00000000        0x0 build/obj/chcore_v7m.o
 .bss           0x00000000        0x0 build/obj/chcore_v7m.o
 .text          0x00000000        0x0 build/obj/nvic.o
 .data          0x00000000        0x0 build/obj/nvic.o
 .bss           0x00000000        0x0 build/obj/nvic.o
 .text.nvicDisableVector
                0x00000000       0x70 build/obj/nvic.o
 .text          0x00000000        0x0 build/obj/chsys.o
 .data          0x00000000        0x0 build/obj/chsys.o
 .bss           0x00000000        0x0 build/obj/chsys.o
 .text          0x00000000        0x0 build/obj/chdebug.o
 .data          0x00000000        0x0 build/obj/chdebug.o
 .bss           0x00000000        0x0 build/obj/chdebug.o
 .text.dbg_check_disable
                0x00000000       0x30 build/obj/chdebug.o
 .text.dbg_check_suspend
                0x00000000       0x30 build/obj/chdebug.o
 .text          0x00000000        0x0 build/obj/chlists.o
 .data          0x00000000        0x0 build/obj/chlists.o
 .bss           0x00000000        0x0 build/obj/chlists.o
 .text.prio_insert
                0x00000000       0x50 build/obj/chlists.o
 .text.queue_insert
                0x00000000       0x30 build/obj/chlists.o
 .text.lifo_remove
                0x00000000       0x30 build/obj/chlists.o
 .text.list_insert
                0x00000000       0x20 build/obj/chlists.o
 .text          0x00000000        0x0 build/obj/chvt.o
 .data          0x00000000        0x0 build/obj/chvt.o
 .bss           0x00000000        0x0 build/obj/chvt.o
 .text.chTimeIsWithin
                0x00000000       0x60 build/obj/chvt.o
 .text          0x00000000        0x0 build/obj/chschd.o
 .data          0x00000000        0x0 build/obj/chschd.o
[...]
Memory Configuration

Name             Origin             Length             Attributes
flash            0x08000000         0x00010000
ram              0x20000000         0x00002800
*default*        0x00000000         0xffffffff

Linker script and memory map

LOAD build/obj/crt0.o
LOAD build/obj/vectors.o
LOAD build/obj/chcore.o
LOAD build/obj/chcore_v7m.o
LOAD build/obj/nvic.o
LOAD build/obj/chsys.o
LOAD build/obj/chdebug.o
LOAD build/obj/chlists.o
LOAD build/obj/chvt.o
LOAD build/obj/chschd.o
LOAD build/obj/chthreads.o
LOAD build/obj/chdynamic.o
LOAD build/obj/chregistry.o
LOAD build/obj/chsem.o
LOAD build/obj/chmtx.o
LOAD build/obj/chcond.o
LOAD build/obj/chevents.o
LOAD build/obj/chmsg.o
LOAD build/obj/chmboxes.o
LOAD build/obj/chqueues.o
LOAD build/obj/chmemcore.o
LOAD build/obj/chheap.o
LOAD build/obj/chmempools.o
LOAD build/obj/hal.o
LOAD build/obj/adc.o
LOAD build/obj/can.o
LOAD build/obj/ext.o
LOAD build/obj/gpt.o
LOAD build/obj/i2c.o
LOAD build/obj/icu.o
LOAD build/obj/mac.o
LOAD build/obj/pal.o
LOAD build/obj/pwm.o
LOAD build/obj/sdc.o
LOAD build/obj/serial.o
LOAD build/obj/spi.o
LOAD build/obj/uart.o
LOAD build/obj/usb.o
LOAD build/obj/tm.o
LOAD build/obj/mmc_spi.o
LOAD build/obj/serial_usb.o
LOAD build/obj/rtc.o
LOAD build/obj/stm32_dma.o
LOAD build/obj/hal_lld.o
LOAD build/obj/adc_lld.o
LOAD build/obj/can_lld.o
LOAD build/obj/ext_lld.o
LOAD build/obj/gpt_lld.o
LOAD build/obj/i2c_lld.o
LOAD build/obj/icu_lld.o
LOAD build/obj/mac_lld.o
LOAD build/obj/pwm_lld.o
LOAD build/obj/serial_lld.o
LOAD build/obj/sdc_lld.o
LOAD build/obj/spi_lld.o
LOAD build/obj/uart_lld.o
LOAD build/obj/pal_lld.o
LOAD build/obj/usb_lld.o
LOAD build/obj/rtc_lld.o
LOAD build/obj/board.o
LOAD build/obj/evtimer.o
LOAD build/obj/syscalls.o
LOAD build/obj/shell.o
LOAD build/obj/chprintf.o
LOAD build/obj/main.o
LOAD build/obj/usb_ctrl.o
LOAD build/obj/light_ctrl.o
LOAD build/obj/power_ctrl.o
LOAD build/obj/moto_ctrl.o
LOAD build/obj/adc_ctrl.o
LOAD build/obj/conv_ctrl.o
START GROUP
LOAD /home/z80/programs/code-sourcery/2011.03-42/bin/../lib/gcc/arm-none-eabi/4.5.2/thumb2/libgcc.a
LOAD /home/z80/programs/code-sourcery/2011.03-42/bin/../lib/gcc/arm-none-eabi/4.5.2/../../../../arm-none-eabi/lib/thumb2/libc.a
END GROUP
                0x00000400                __main_stack_size__ = 0x400
                0x00000400                __process_stack_size__ = 0x400
                0x20000000                __ram_start__ = 0x20000000
                0x00002800                __ram_size__ = 0x2800
                0x20002800                __ram_end__ = (__ram_start__ + __ram_size__)
                0x00000000                . = 0x0
                0x00000000                _text = .

startup         0x08000000       0xec
 *(vectors)
 vectors        0x08000000       0xec build/obj/vectors.o
                0x08000000                _vectors

constructors    0x080000ec        0x0
                0x080000ec                PROVIDE (__init_array_start, .)
 *(SORT(.init_array.*))
 *(.init_array)
                0x080000ec                PROVIDE (__init_array_end, .)

destructors     0x080000ec        0x0
                0x080000ec                PROVIDE (__fini_array_start, .)
 *(.fini_array)
 *(SORT(.fini_array.*))
                0x080000ec                PROVIDE (__fini_array_end, .)

.text           0x080000f0     0x3e0c
 *(.text.startup.*)
 *(.text)
 *(.text.*)
 .text.__late_init
                0x080000f0       0x10 build/obj/crt0.o
                0x080000f0                __late_init
 .text._default_exit
                0x08000100       0x10 build/obj/crt0.o
                0x08000100                _default_exit
 .text.fill32   0x08000110       0x30 build/obj/crt0.o
 .text.ResetHandler
                0x08000140       0xc0 build/obj/crt0.o
                0x08000140                ResetHandler
 .text._unhandled_exception
                0x08000200       0x10 build/obj/vectors.o
                0x08000200                Vector58
                0x08000200                VectorE8
                0x08000200                Vector9C
                0x08000200                VectorAC
                0x08000200                Vector5C
                0x08000200                NMIVector
                0x08000200                VectorDC
                0x08000200                VectorC8
                0x08000200                Vector94
                0x08000200                VectorA8
                0x08000200                VectorB4
                0x08000200                UsageFaultVector
                0x08000200                DebugMonitorVector
                0x08000200                Vector40
                0x08000200                VectorBC
                0x08000200                PendSVVector
                0x08000200                Vector64
                0x08000200                VectorCC
                0x08000200                Vector54
                0x08000200                Vector98
                0x08000200                VectorD8
                0x08000200                Vector24
                0x08000200                BusFaultVector
                0x08000200                VectorD0
                0x08000200                VectorE4
                0x08000200                VectorC0
                0x08000200                HardFaultVector
                0x08000200                VectorE0
                0x08000200                MemManageVector
                0x08000200                VectorA0
                0x08000200                VectorC4
                0x08000200                Vector60
                0x08000200                Vector1C
                0x08000200                Vector48
                0x08000200                VectorD4
                0x08000200                Vector4C
                0x08000200                Vector68
                0x08000200                _unhandled_exception
                0x08000200                Vector88
                0x08000200                Vector50
                0x08000200                Vector44
                0x08000200                Vector28
                0x08000200                VectorB8
                0x08000200                Vector34
                0x08000200                VectorA4
                0x08000200                Vector20
 .text.port_halt
                0x08000210       0x10 build/obj/chcore.o
                0x08000210                port_halt
 .text.SysTickVector
                0x08000220       0x30 build/obj/chcore_v7m.o
                0x08000220                SysTickVector
 .text.SVCallVector
                0x08000250       0x20 build/obj/chcore_v7m.o
                0x08000250                SVCallVector
 .text._port_init
                0x08000270       0x40 build/obj/chcore_v7m.o
                0x08000270                _port_init
 .text._port_lock
                0x080002b0       0x10 build/obj/chcore_v7m.o
                0x080002b0                _port_lock
 .text._port_unlock
                0x080002c0       0x10 build/obj/chcore_v7m.o
                0x080002c0                _port_unlock
 .text._port_irq_epilogue
                0x080002d0       0xa0 build/obj/chcore_v7m.o
                0x080002d0                _port_irq_epilogue
 .text._port_switch_from_isr
                0x08000370       0x10 build/obj/chcore_v7m.o
                0x08000370                _port_switch_from_isr
 .text._port_switch
                0x08000380       0x20 build/obj/chcore_v7m.o
                0x08000380                _port_switch
 .text._port_thread_start
                0x080003a0       0x20 build/obj/chcore_v7m.o
                0x080003a0                _port_thread_start
 .text.nvicEnableVector
                0x080003c0       0xa0 build/obj/nvic.o
                0x080003c0                nvicEnableVector
 .text.nvicSetSystemHandlerPriority
                0x08000460       0x60 build/obj/nvic.o
                0x08000460                nvicSetSystemHandlerPriority
 .text._idle_thread
                0x080004c0       0x20 build/obj/chsys.o
                0x080004c0                _idle_thread
 .text.chSysInit
                0x080004e0       0x90 build/obj/chsys.o
                0x080004e0                chSysInit
 .text.chSysTimerHandlerI
                0x08000570       0x90 build/obj/chsys.o
                0x08000570                chSysTimerHandlerI
 .text.dbg_check_enable
                0x08000600       0x30 build/obj/chdebug.o
                0x08000600                dbg_check_enable
 .text.dbg_check_lock
                0x08000630       0x30 build/obj/chdebug.o
                0x08000630                dbg_check_lock
 .text.dbg_check_unlock
                0x08000660       0x30 build/obj/chdebug.o
                0x08000660                dbg_check_unlock
 .text.dbg_check_lock_from_isr
                0x08000690       0x30 build/obj/chdebug.o
                0x08000690                dbg_check_lock_from_isr
 .text.dbg_check_unlock_from_isr
                0x080006c0       0x30 build/obj/chdebug.o
                0x080006c0                dbg_check_unlock_from_isr
 .text.dbg_check_enter_isr
                0x080006f0       0x40 build/obj/chdebug.o
                0x080006f0                dbg_check_enter_isr
 .text.dbg_check_leave_isr
                0x08000730       0x40 build/obj/chdebug.o
                0x08000730                dbg_check_leave_isr
 .text.chDbgCheckClassI
                0x08000770       0x30 build/obj/chdebug.o
                0x08000770                chDbgCheckClassI
 .text.chDbgCheckClassS
                0x080007a0       0x30 build/obj/chdebug.o
                0x080007a0                chDbgCheckClassS
 .text._trace_init
                0x080007d0       0x20 build/obj/chdebug.o
                0x080007d0                _trace_init
 .text.dbg_trace
                0x080007f0       0x70 build/obj/chdebug.o
                0x080007f0                dbg_trace
 .text.chDbgPanic
                0x08000860       0x20 build/obj/chdebug.o
                0x08000860                chDbgPanic
 .text.fifo_remove
                0x08000880       0x30 build/obj/chlists.o
                0x08000880                fifo_remove
 .text.dequeue  0x080008b0       0x20 build/obj/chlists.o
                0x080008b0                dequeue
 .text.list_remove
                0x080008d0       0x20 build/obj/chlists.o
                0x080008d0                list_remove
 .text._vt_init
                0x080008f0       0x30 build/obj/chvt.o
                0x080008f0                _vt_init
 .text.chVTSetI
                0x08000920       0xa0 build/obj/chvt.o
                0x08000920                chVTSetI
 .text.chVTResetI
                0x080009c0       0x70 build/obj/chvt.o
                0x080009c0                chVTResetI
 .text._scheduler_init
                0x08000a30       0x40 build/obj/chschd.o
                0x08000a30                _scheduler_init
 .text.chSchReadyI
                0x08000a70       0x70 build/obj/chschd.o
                0x08000a70                chSchReadyI
 .text.chSchGoSleepS
                0x08000ae0       0x70 build/obj/chschd.o
                0x08000ae0                chSchGoSleepS
 .text.wakeup   0x08000b50       0x80 build/obj/chschd.o
 .text.chSchGoSleepTimeoutS
                0x08000bd0       0x60 build/obj/chschd.o
                0x08000bd0                chSchGoSleepTimeoutS
 .text.chSchWakeupS
                0x08000c30       0x80 build/obj/chschd.o
                0x08000c30                chSchWakeupS
 .text.chSchDoReschedule
                0x08000cb0       0x70 build/obj/chschd.o
                0x08000cb0                chSchDoReschedule
 .text._thread_init
                0x08000d20       0xb0 build/obj/chthreads.o
                0x08000d20                _thread_init
 .text._thread_memfill
                0x08000dd0       0x30 build/obj/chthreads.o
                0x08000dd0                _thread_memfill
 .text.chThdCreateI
                0x08000e00       0x70 build/obj/chthreads.o
                0x08000e00                chThdCreateI
 .text.chThdCreateStatic
                0x08000e70       0x70 build/obj/chthreads.o
                0x08000e70                chThdCreateStatic
 .text.chThdSleep
                0x08000ee0       0x40 build/obj/chthreads.o
                0x08000ee0                chThdSleep
 .text.chThdExit
                0x08000f20       0x20 build/obj/chthreads.o
                0x08000f20                chThdExit
 .text.chThdExitS
                0x08000f40       0x80 build/obj/chthreads.o
                0x08000f40                chThdExitS
 .text.chMtxInit
                0x08000fc0       0x40 build/obj/chmtx.o
                0x08000fc0                chMtxInit
 .text._core_init
                0x08001000       0x30 build/obj/chmemcore.o
                0x08001000                _core_init
 .text.chCoreAlloc
                0x08001030       0x30 build/obj/chmemcore.o
                0x08001030                chCoreAlloc
 .text.chCoreAllocI
                0x08001060       0x60 build/obj/chmemcore.o
                0x08001060                chCoreAllocI
 .text._heap_init
                0x080010c0       0x30 build/obj/chheap.o
                0x080010c0                _heap_init
 .text.halInit  0x080010f0       0x30 build/obj/hal.o
                0x080010f0                halInit
 .text.adcInit  0x08001120       0x10 build/obj/adc.o
                0x08001120                adcInit
 .text.adcObjectInit
                0x08001130       0x50 build/obj/adc.o
                0x08001130                adcObjectInit
 .text.adcStart
                0x08001180       0x60 build/obj/adc.o
                0x08001180                adcStart
 .text.adcStartConversion
                0x080011e0       0x30 build/obj/adc.o
                0x080011e0                adcStartConversion
 .text.adcStartConversionI
                0x08001210       0x90 build/obj/adc.o
                0x08001210                adcStartConversionI
 .text.pwmInit  0x080012a0       0x10 build/obj/pwm.o
                0x080012a0                pwmInit
 .text.pwmObjectInit
                0x080012b0       0x20 build/obj/pwm.o
                0x080012b0                pwmObjectInit
 .text.pwmStart
                0x080012d0       0x70 build/obj/pwm.o
                0x080012d0                pwmStart
 .text.pwmEnableChannel
                0x08001340       0x70 build/obj/pwm.o
                0x08001340                pwmEnableChannel
 .text.set_address
                0x080013b0       0x40 build/obj/usb.o
 .text.default_handler
                0x080013f0      0x400 build/obj/usb.o
 .text.usbInit  0x080017f0       0x10 build/obj/usb.o
                0x080017f0                usbInit
 .text.usbObjectInit
                0x08001800       0x30 build/obj/usb.o
                0x08001800                usbObjectInit
 .text._usb_reset
                0x08001830       0x80 build/obj/usb.o
                0x08001830                _usb_reset
 .text._usb_ep0setup
                0x080018b0      0x180 build/obj/usb.o
                0x080018b0                _usb_ep0setup
 .text._usb_ep0in
                0x08001a30       0xf0 build/obj/usb.o
                0x08001a30                _usb_ep0in
 .text._usb_ep0out
                0x08001b20       0xb0 build/obj/usb.o
                0x08001b20                _usb_ep0out
 .text.tm_start
                0x08001bd0       0x20 build/obj/tm.o
 .text.tm_stop  0x08001bf0       0x60 build/obj/tm.o
 .text.tmInit   0x08001c50       0x40 build/obj/tm.o
                0x08001c50                tmInit
 .text.tmObjectInit
                0x08001c90       0x40 build/obj/tm.o
                0x08001c90                tmObjectInit
 .text.sduInit  0x08001cd0       0x10 build/obj/serial_usb.o
                0x08001cd0                sduInit
 .text.Vector6C
                0x08001ce0       0x50 build/obj/stm32_dma.o
                0x08001ce0                Vector6C
 .text.Vector70
                0x08001d30       0x50 build/obj/stm32_dma.o
                0x08001d30                Vector70
 .text.Vector74
                0x08001d80       0x50 build/obj/stm32_dma.o
                0x08001d80                Vector74
 .text.Vector78
                0x08001dd0       0x50 build/obj/stm32_dma.o
                0x08001dd0                Vector78
 .text.Vector7C
                0x08001e20       0x50 build/obj/stm32_dma.o
                0x08001e20                Vector7C
 .text.Vector80
                0x08001e70       0x50 build/obj/stm32_dma.o
                0x08001e70                Vector80
 .text.Vector84
                0x08001ec0       0x50 build/obj/stm32_dma.o
                0x08001ec0                Vector84
 .text.dmaInit  0x08001f10       0x70 build/obj/stm32_dma.o
                0x08001f10                dmaInit
 .text.dmaStreamAllocate
                0x08001f80       0xf0 build/obj/stm32_dma.o
                0x08001f80                dmaStreamAllocate
 .text.hal_lld_backup_domain_init
                0x08002070       0x60 build/obj/hal_lld.o
 .text.hal_lld_init
                0x080020d0       0x90 build/obj/hal_lld.o
                0x080020d0                hal_lld_init
 .text.stm32_clock_init
                0x08002160       0xc0 build/obj/hal_lld.o
                0x08002160                stm32_clock_init
 .text.adc_lld_serve_rx_interrupt
                0x08002220      0x1f0 build/obj/adc_lld.o
 .text.adc_lld_init
                0x08002410       0x90 build/obj/adc_lld.o
                0x08002410                adc_lld_init
 .text.adc_lld_start
                0x080024a0       0x80 build/obj/adc_lld.o
                0x080024a0                adc_lld_start
 .text.adc_lld_start_conversion
                0x08002520       0xf0 build/obj/adc_lld.o
                0x08002520                adc_lld_start_conversion
 .text.adc_lld_stop_conversion
                0x08002610       0x40 build/obj/adc_lld.o
                0x08002610                adc_lld_stop_conversion
 .text.serve_interrupt
                0x08002650       0xb0 build/obj/pwm_lld.o
 .text.VectorB0
                0x08002700       0x20 build/obj/pwm_lld.o
                0x08002700                VectorB0
 .text.pwm_lld_init
                0x08002720       0x20 build/obj/pwm_lld.o
                0x08002720                pwm_lld_init
 .text.pwm_lld_start
                0x08002740      0x220 build/obj/pwm_lld.o
                0x08002740                pwm_lld_start
 .text.pwm_lld_enable_channel
                0x08002960       0xa0 build/obj/pwm_lld.o
                0x08002960                pwm_lld_enable_channel
 .text._pal_lld_init
                0x08002a00       0xb0 build/obj/pal_lld.o
                0x08002a00                _pal_lld_init
 .text._pal_lld_setgroupmode
                0x08002ab0       0xe0 build/obj/pal_lld.o
                0x08002ab0                _pal_lld_setgroupmode
 .text.pm_reset
                0x08002b90       0x10 build/obj/usb_lld.o
 .text.pm_alloc
                0x08002ba0       0x40 build/obj/usb_lld.o
 .text.Vector8C
                0x08002be0       0x10 build/obj/usb_lld.o
                0x08002be0                Vector8C
 .text.Vector90
                0x08002bf0      0x3e0 build/obj/usb_lld.o
                0x08002bf0                Vector90
 .text.usb_lld_init
                0x08002fd0       0x10 build/obj/usb_lld.o
                0x08002fd0                usb_lld_init
 .text.usb_lld_reset
                0x08002fe0       0x60 build/obj/usb_lld.o
                0x08002fe0                usb_lld_reset
 .text.usb_lld_set_address
                0x08003040       0x20 build/obj/usb_lld.o
                0x08003040                usb_lld_set_address
 .text.usb_lld_init_endpoint
                0x08003060      0x1b0 build/obj/usb_lld.o
                0x08003060                usb_lld_init_endpoint
 .text.usb_lld_get_status_out
                0x08003210       0x40 build/obj/usb_lld.o
                0x08003210                usb_lld_get_status_out
 .text.usb_lld_get_status_in
                0x08003250       0x40 build/obj/usb_lld.o
                0x08003250                usb_lld_get_status_in
 .text.usb_lld_read_setup
                0x08003290       0x80 build/obj/usb_lld.o
                0x08003290                usb_lld_read_setup
 .text.usb_lld_read_packet_buffer
                0x08003310       0xa0 build/obj/usb_lld.o
                0x08003310                usb_lld_read_packet_buffer
 .text.usb_lld_write_packet_buffer
                0x080033b0       0x90 build/obj/usb_lld.o
                0x080033b0                usb_lld_write_packet_buffer
 .text.usb_lld_prepare_receive
                0x08003440       0x80 build/obj/usb_lld.o
                0x08003440                usb_lld_prepare_receive
 .text.usb_lld_prepare_transmit
                0x080034c0       0x80 build/obj/usb_lld.o
                0x080034c0                usb_lld_prepare_transmit
 .text.usb_lld_start_out
                0x08003540       0x40 build/obj/usb_lld.o
                0x08003540                usb_lld_start_out
 .text.usb_lld_start_in
                0x08003580       0x40 build/obj/usb_lld.o
                0x08003580                usb_lld_start_in
 .text.usb_lld_stall_out
                0x080035c0       0x40 build/obj/usb_lld.o
                0x080035c0                usb_lld_stall_out
 .text.usb_lld_stall_in
                0x08003600       0x40 build/obj/usb_lld.o
                0x08003600                usb_lld_stall_in
 .text.usb_lld_clear_out
                0x08003640       0x50 build/obj/usb_lld.o
                0x08003640                usb_lld_clear_out
 .text.usb_lld_clear_in
                0x08003690       0x50 build/obj/usb_lld.o
                0x08003690                usb_lld_clear_in
 .text.__early_init
                0x080036e0       0x10 build/obj/board.o
                0x080036e0                __early_init
 .text.boardInit
                0x080036f0       0x10 build/obj/board.o
                0x080036f0                boardInit
 .text.Leds     0x08003700       0x70 build/obj/main.o
 .text.initLeds
                0x08003770       0x30 build/obj/main.o
                0x08003770                initLeds
 .text.main     0x080037a0       0x20 build/obj/main.o
                0x080037a0                main
 .text.contAdcReadyCb
                0x080037c0       0xe0 build/obj/conv_ctrl.o
 .text.convStart
                0x080038a0       0x90 build/obj/conv_ctrl.o
                0x080038a0                convStart
 *(.rodata)
 .rodata        0x08003930       0x10 build/obj/chsys.o
 .rodata        0x08003940       0x58 build/obj/chdebug.o
 *fill*         0x08003998        0x8 00
 .rodata        0x080039a0       0x34 build/obj/chvt.o
 *fill*         0x080039d4        0xc 00
 .rodata        0x080039e0       0x24 build/obj/chschd.o
 *fill*         0x08003a04        0xc 00
 .rodata        0x08003a10       0x94 build/obj/chthreads.o
 *fill*         0x08003aa4        0xc 00
 .rodata        0x08003ab0       0xac build/obj/chmtx.o
 *fill*         0x08003b5c        0x4 00
 .rodata        0x08003b60      0x110 build/obj/adc.o
 .rodata        0x08003c70       0xb0 build/obj/pwm.o
 .rodata        0x08003d20       0x34 build/obj/stm32_dma.o
 *fill*         0x08003d54        0xc 00
 .rodata        0x08003d60       0x14 build/obj/adc_lld.o
 *fill*         0x08003d74        0xc 00
 .rodata        0x08003d80       0x14 build/obj/pwm_lld.o
 *fill*         0x08003d94        0xc 00
 .rodata        0x08003da0       0x10 build/obj/usb_lld.o
 .rodata        0x08003db0        0x4 build/obj/main.o
 *(.rodata.*)
 *fill*         0x08003db4        0xc 00
 .rodata.zero_status
                0x08003dc0        0x4 build/obj/usb.o
 *fill*         0x08003dc4        0xc 00
 .rodata.active_status
                0x08003dd0        0x4 build/obj/usb.o
 *fill*         0x08003dd4        0xc 00
 .rodata.halted_status
                0x08003de0        0x4 build/obj/usb.o
 *fill*         0x08003de4        0xc 00
 .rodata._stm32_dma_streams
                0x08003df0       0x54 build/obj/stm32_dma.o
                0x08003df0                _stm32_dma_streams
 *fill*         0x08003e44        0xc 00
 .rodata.cfgtab.6169
                0x08003e50       0x14 build/obj/pal_lld.o
 *fill*         0x08003e64        0xc 00
 .rodata.ep0config
                0x08003e70       0x1c build/obj/usb_lld.o
 *fill*         0x08003e8c        0x4 00
 .rodata.pal_default_config
                0x08003e90       0x3c build/obj/board.o
                0x08003e90                pal_default_config
 *fill*         0x08003ecc        0x4 00
 .rodata.adcGroup
                0x08003ed0       0x2c build/obj/conv_ctrl.o
 *(.glue_7t)
 .glue_7t       0x00000000        0x0 linker stubs
 *(.glue_7)
 .glue_7        0x00000000        0x0 linker stubs
 *(.gcc*)

.vfp11_veneer   0x08003efc        0x0
 .vfp11_veneer  0x00000000        0x0 linker stubs

.v4_bx          0x08003efc        0x0
 .v4_bx         0x00000000        0x0 linker stubs

.ARM.extab
 *(.ARM.extab* .gnu.linkonce.armextab.*)

.ARM.exidx      0x08003efc        0x0
                0x08003efc                PROVIDE (__exidx_start, .)
 *(.ARM.exidx* .gnu.linkonce.armexidx.*)
                0x08003efc                PROVIDE (__exidx_end, .)

.eh_frame_hdr
 *(.eh_frame_hdr)

.eh_frame
 *(.eh_frame)

.textalign      0x08003efc        0x4
                0x08003f00                . = ALIGN (0x8)
 *fill*         0x08003efc        0x4 00
                0x08003f00                _etext = .
                0x08003f00                _textdata = _etext

.stacks         0x20000000      0x800
                0x20000000                . = ALIGN (0x8)
                0x20000000                __main_stack_base__ = .
                0x20000400                . = (. + __main_stack_size__)
 *fill*         0x20000000      0x400 00
                0x20000400                . = ALIGN (0x8)
                0x20000400                __main_stack_end__ = .
                0x20000400                __process_stack_base__ = .
                0x20000400                __main_thread_stack_base__ = .
                0x20000800                . = (. + __process_stack_size__)
 *fill*         0x20000400      0x400 00
                0x20000800                . = ALIGN (0x8)
                0x20000800                __process_stack_end__ = .
                0x20000800                __main_thread_stack_end__ = .

.data           0x20000800       0x34 load address 0x08003f00
                0x20000800                . = ALIGN (0x4)
                0x20000800                PROVIDE (_data, .)
 *(.data)
                0x20000800                . = ALIGN (0x4)
 *(.data.*)
 .data.buckGain
                0x20000800        0x2 build/obj/conv_ctrl.o
 .data.buckSp   0x20000802        0x2 build/obj/conv_ctrl.o
 .data.pwmCfg   0x20000804       0x30 build/obj/conv_ctrl.o
                0x20000834                . = ALIGN (0x4)
 *(.ramtext)
                0x20000834                . = ALIGN (0x4)
                0x20000834                PROVIDE (_edata, .)

.bss            0x20000838      0x820 load address 0x08003f34
                0x20000838                . = ALIGN (0x4)
                0x20000838                PROVIDE (_bss_start, .)
 *(.bss)
                0x20000838                . = ALIGN (0x4)
 *(.bss.*)
 .bss._idle_thread_wa
                0x20000838       0xc0 build/obj/chsys.o
                0x20000838                _idle_thread_wa
 .bss.mainthread.4697
                0x200008f8       0x4c build/obj/chsys.o
 .bss.dbg_isr_cnt
                0x20000944        0x4 build/obj/chdebug.o
                0x20000944                dbg_isr_cnt
 .bss.dbg_lock_cnt
                0x20000948        0x4 build/obj/chdebug.o
                0x20000948                dbg_lock_cnt
 .bss.dbg_trace_buffer
                0x2000094c      0x408 build/obj/chdebug.o
                0x2000094c                dbg_trace_buffer
 .bss.dbg_panic_msg
                0x20000d54        0x4 build/obj/chdebug.o
                0x20000d54                dbg_panic_msg
 .bss.vtlist    0x20000d58       0x10 build/obj/chvt.o
                0x20000d58                vtlist
 .bss.rlist     0x20000d68       0x20 build/obj/chschd.o
                0x20000d68                rlist
 .bss.nextmem   0x20000d88        0x4 build/obj/chmemcore.o
 .bss.endmem    0x20000d8c        0x4 build/obj/chmemcore.o
 .bss.default_heap
                0x20000d90       0x20 build/obj/chheap.o
 .bss.measurement_offset
                0x20000db0        0x4 build/obj/tm.o
 .bss.dma_streams_mask
                0x20000db4        0x4 build/obj/stm32_dma.o
 .bss.dma_isr_redir
                0x20000db8       0x38 build/obj/stm32_dma.o
 .bss.ADCD1     0x20000df0       0x34 build/obj/adc_lld.o
                0x20000df0                ADCD1
 .bss.PWMD2     0x20000e24       0x14 build/obj/pwm_lld.o
                0x20000e24                PWMD2
 .bss.USBD1     0x20000e38       0x50 build/obj/usb_lld.o
                0x20000e38                USBD1
 .bss.ep0_state
                0x20000e88       0x10 build/obj/usb_lld.o
 .bss.waLeds    0x20000e98      0x1b0 build/obj/main.o
 .bss.buckPwm   0x20001048        0x2 build/obj/conv_ctrl.o
 *fill*         0x2000104a        0x2 00
 .bss.adcSamples
                0x2000104c        0xc build/obj/conv_ctrl.o
                0x20001058                . = ALIGN (0x4)
 *(COMMON)
                0x20001058                . = ALIGN (0x4)
                0x20001058                PROVIDE (_bss_end, .)
                0x20001058                PROVIDE (end, .)
                0x20001058                _end = .
                0x20001058                __heap_base__ = _end
                0x20002800                __heap_end__ = __ram_end__
OUTPUT(build/ch.elf elf32-littlearm)

.debug_abbrev   0x00000000     0x4a8e
 .debug_abbrev  0x00000000       0xdc build/obj/crt0.o
 .debug_abbrev  0x000000dc       0x74 build/obj/vectors.o
 .debug_abbrev  0x00000150       0x41 build/obj/chcore.o
 .debug_abbrev  0x00000191      0x18f build/obj/chcore_v7m.o
 .debug_abbrev  0x00000320       0xec build/obj/nvic.o
 .debug_abbrev  0x0000040c      0x165 build/obj/chsys.o
 .debug_abbrev  0x00000571      0x1a1 build/obj/chdebug.o
 .debug_abbrev  0x00000712      0x12e build/obj/chlists.o
 .debug_abbrev  0x00000840      0x12e build/obj/chvt.o
 .debug_abbrev  0x0000096e      0x1c6 build/obj/chschd.o
 .debug_abbrev  0x00000b34      0x1d3 build/obj/chthreads.o
 .debug_abbrev  0x00000d07      0x163 build/obj/chdynamic.o
 .debug_abbrev  0x00000e6a      0x111 build/obj/chregistry.o
 .debug_abbrev  0x00000f7b      0x18e build/obj/chsem.o
 .debug_abbrev  0x00001109      0x17f build/obj/chmtx.o
 .debug_abbrev  0x00001288      0x17d build/obj/chcond.o
 .debug_abbrev  0x00001405      0x195 build/obj/chevents.o
 .debug_abbrev  0x0000159a      0x128 build/obj/chmsg.o
 .debug_abbrev  0x000016c2      0x183 build/obj/chmboxes.o
 .debug_abbrev  0x00001845      0x1c4 build/obj/chqueues.o
 .debug_abbrev  0x00001a09       0xdc build/obj/chmemcore.o
 .debug_abbrev  0x00001ae5      0x178 build/obj/chheap.o
 .debug_abbrev  0x00001c5d      0x107 build/obj/chmempools.o
 .debug_abbrev  0x00001d64      0x12d build/obj/hal.o
 .debug_abbrev  0x00001e91      0x1db build/obj/adc.o
 .debug_abbrev  0x0000206c       0x4f build/obj/can.o
 .debug_abbrev  0x000020bb       0x4f build/obj/ext.o
 .debug_abbrev  0x0000210a       0x4f build/obj/gpt.o
 .debug_abbrev  0x00002159       0x4f build/obj/i2c.o
 .debug_abbrev  0x000021a8       0x4f build/obj/icu.o
 .debug_abbrev  0x000021f7       0x4f build/obj/mac.o
 .debug_abbrev  0x00002246       0xfc build/obj/pal.o
 .debug_abbrev  0x00002342      0x146 build/obj/pwm.o
 .debug_abbrev  0x00002488       0x4f build/obj/sdc.o
 .debug_abbrev  0x000024d7       0x4f build/obj/serial.o
 .debug_abbrev  0x00002526       0x4f build/obj/spi.o
 .debug_abbrev  0x00002575       0x4f build/obj/uart.o
 .debug_abbrev  0x000025c4      0x1f0 build/obj/usb.o
 .debug_abbrev  0x000027b4      0x10a build/obj/tm.o
 .debug_abbrev  0x000028be       0x4f build/obj/mmc_spi.o
 .debug_abbrev  0x0000290d      0x24f build/obj/serial_usb.o
 .debug_abbrev  0x00002b5c       0x4f build/obj/rtc.o
 .debug_abbrev  0x00002bab      0x17b build/obj/stm32_dma.o
 .debug_abbrev  0x00002d26       0xe9 build/obj/hal_lld.o
 .debug_abbrev  0x00002e0f      0x1ce build/obj/adc_lld.o
 .debug_abbrev  0x00002fdd       0x4f build/obj/can_lld.o
 .debug_abbrev  0x0000302c       0x4f build/obj/ext_lld.o
 .debug_abbrev  0x0000307b       0x4f build/obj/gpt_lld.o
 .debug_abbrev  0x000030ca       0x4f build/obj/i2c_lld.o
 .debug_abbrev  0x00003119       0x4f build/obj/icu_lld.o
 .debug_abbrev  0x00003168       0x4f build/obj/mac_lld.o
 .debug_abbrev  0x000031b7      0x1d5 build/obj/pwm_lld.o
 .debug_abbrev  0x0000338c       0x4f build/obj/serial_lld.o
 .debug_abbrev  0x000033db       0x4f build/obj/sdc_lld.o
 .debug_abbrev  0x0000342a       0x4f build/obj/spi_lld.o
 .debug_abbrev  0x00003479       0x4f build/obj/uart_lld.o
 .debug_abbrev  0x000034c8      0x11a build/obj/pal_lld.o
 .debug_abbrev  0x000035e2      0x262 build/obj/usb_lld.o
 .debug_abbrev  0x00003844       0x4f build/obj/rtc_lld.o
 .debug_abbrev  0x00003893       0xbe build/obj/board.o
 .debug_abbrev  0x00003951      0x138 build/obj/evtimer.o
 .debug_abbrev  0x00003a89      0x17e build/obj/syscalls.o
 .debug_abbrev  0x00003c07      0x20e build/obj/shell.o
 .debug_abbrev  0x00003e15      0x135 build/obj/chprintf.o
 .debug_abbrev  0x00003f4a      0x187 build/obj/main.o
 .debug_abbrev  0x000040d1      0x1fb build/obj/usb_ctrl.o
 .debug_abbrev  0x000042cc       0xaf build/obj/light_ctrl.o
 .debug_abbrev  0x0000437b      0x1e6 build/obj/power_ctrl.o
 .debug_abbrev  0x00004561      0x15c build/obj/moto_ctrl.o
 .debug_abbrev  0x000046bd      0x1e3 build/obj/adc_ctrl.o
 .debug_abbrev  0x000048a0      0x1ee build/obj/conv_ctrl.o

.debug_info     0x00000000    0x15404
 .debug_info    0x00000000      0x31a build/obj/crt0.o
 .debug_info    0x0000031a       0xb5 build/obj/vectors.o
 .debug_info    0x000003cf       0x8b build/obj/chcore.o
 .debug_info    0x0000045a      0x7b8 build/obj/chcore_v7m.o
 .debug_info    0x00000c12      0x431 build/obj/nvic.o
 .debug_info    0x00001043      0x676 build/obj/chsys.o
 .debug_info    0x000016b9      0x7cc build/obj/chdebug.o
 .debug_info    0x00001e85      0x563 build/obj/chlists.o
 .debug_info    0x000023e8      0x278 build/obj/chvt.o
 .debug_info    0x00002660      0x706 build/obj/chschd.o
 .debug_info    0x00002d66      0x87e build/obj/chthreads.o
 .debug_info    0x000035e4      0x689 build/obj/chdynamic.o
 .debug_info    0x00003c6d      0x4d8 build/obj/chregistry.o
 .debug_info    0x00004145      0x73e build/obj/chsem.o
 .debug_info    0x00004883      0x6ba build/obj/chmtx.o
 .debug_info    0x00004f3d      0x690 build/obj/chcond.o
 .debug_info    0x000055cd      0x82f build/obj/chevents.o
 .debug_info    0x00005dfc      0x51b build/obj/chmsg.o
 .debug_info    0x00006317      0x7b4 build/obj/chmboxes.o
 .debug_info    0x00006acb      0x8a0 build/obj/chqueues.o
 .debug_info    0x0000736b      0x197 build/obj/chmemcore.o
 .debug_info    0x00007502      0x642 build/obj/chheap.o
 .debug_info    0x00007b44      0x233 build/obj/chmempools.o
 .debug_info    0x00007d77      0x2b1 build/obj/hal.o
 .debug_info    0x00008028      0xb95 build/obj/adc.o
 .debug_info    0x00008bbd       0x9f build/obj/can.o
 .debug_info    0x00008c5c       0x9f build/obj/ext.o
 .debug_info    0x00008cfb       0x9f build/obj/gpt.o
 .debug_info    0x00008d9a       0x9f build/obj/i2c.o
 .debug_info    0x00008e39       0x9f build/obj/icu.o
 .debug_info    0x00008ed8       0x9f build/obj/mac.o
 .debug_info    0x00008f77      0x240 build/obj/pal.o
 .debug_info    0x000091b7      0x591 build/obj/pwm.o
 .debug_info    0x00009748       0x9f build/obj/sdc.o
 .debug_info    0x000097e7       0x9f build/obj/serial.o
 .debug_info    0x00009886       0x9f build/obj/spi.o
 .debug_info    0x00009925       0x9f build/obj/uart.o
 .debug_info    0x000099c4      0x90d build/obj/usb.o
 .debug_info    0x0000a2d1      0x27e build/obj/tm.o
 .debug_info    0x0000a54f       0x9f build/obj/mmc_spi.o
 .debug_info    0x0000a5ee     0x1201 build/obj/serial_usb.o
 .debug_info    0x0000b7ef       0x9f build/obj/rtc.o
 .debug_info    0x0000b88e      0x63a build/obj/stm32_dma.o
 .debug_info    0x0000bec8      0x3a8 build/obj/hal_lld.o
 .debug_info    0x0000c270      0xb4f build/obj/adc_lld.o
 .debug_info    0x0000cdbf       0x9f build/obj/can_lld.o
 .debug_info    0x0000ce5e       0x9f build/obj/ext_lld.o
 .debug_info    0x0000cefd       0x9f build/obj/gpt_lld.o
 .debug_info    0x0000cf9c       0x9f build/obj/i2c_lld.o
 .debug_info    0x0000d03b       0x9f build/obj/icu_lld.o
 .debug_info    0x0000d0da       0x9f build/obj/mac_lld.o
 .debug_info    0x0000d179      0x7bb build/obj/pwm_lld.o
 .debug_info    0x0000d934       0x9f build/obj/serial_lld.o
 .debug_info    0x0000d9d3       0x9f build/obj/sdc_lld.o
 .debug_info    0x0000da72       0x9f build/obj/spi_lld.o
 .debug_info    0x0000db11       0x9f build/obj/uart_lld.o
 .debug_info    0x0000dbb0      0x394 build/obj/pal_lld.o
 .debug_info    0x0000df44      0xdea build/obj/usb_lld.o
 .debug_info    0x0000ed2e       0x9f build/obj/rtc_lld.o
 .debug_info    0x0000edcd      0x186 build/obj/board.o
 .debug_info    0x0000ef53      0x58b build/obj/evtimer.o
 .debug_info    0x0000f4de      0xc34 build/obj/syscalls.o
 .debug_info    0x00010112      0xc14 build/obj/shell.o
 .debug_info    0x00010d26      0x3ed build/obj/chprintf.o
 .debug_info    0x00011113      0x59e build/obj/main.o
 .debug_info    0x000116b1     0x10c1 build/obj/usb_ctrl.o
 .debug_info    0x00012772      0x16f build/obj/light_ctrl.o
 .debug_info    0x000128e1      0x96a build/obj/power_ctrl.o
 .debug_info    0x0001324b      0x55e build/obj/moto_ctrl.o
 .debug_info    0x000137a9      0xd2f build/obj/adc_ctrl.o
 .debug_info    0x000144d8      0xf2c build/obj/conv_ctrl.o

.debug_line     0x00000000     0x85c9
 .debug_line    0x00000000      0x14e build/obj/crt0.o
 .debug_line    0x0000014e       0x68 build/obj/vectors.o
 .debug_line    0x000001b6       0x5d build/obj/chcore.o
 .debug_line    0x00000213      0x23b build/obj/chcore_v7m.o
 .debug_line    0x0000044e      0x110 build/obj/nvic.o
 .debug_line    0x0000055e      0x1b6 build/obj/chsys.o
 .debug_line    0x00000714      0x2ca build/obj/chdebug.o
 .debug_line    0x000009de      0x1d5 build/obj/chlists.o
 .debug_line    0x00000bb3      0x1b9 build/obj/chvt.o
 .debug_line    0x00000d6c      0x265 build/obj/chschd.o
 .debug_line    0x00000fd1      0x341 build/obj/chthreads.o
 .debug_line    0x00001312      0x260 build/obj/chdynamic.o
 .debug_line    0x00001572      0x186 build/obj/chregistry.o
 .debug_line    0x000016f8      0x368 build/obj/chsem.o
 .debug_line    0x00001a60      0x2a5 build/obj/chmtx.o
 .debug_line    0x00001d05      0x268 build/obj/chcond.o
 .debug_line    0x00001f6d      0x2e2 build/obj/chevents.o
 .debug_line    0x0000224f      0x1a2 build/obj/chmsg.o
 .debug_line    0x000023f1      0x2b5 build/obj/chmboxes.o
 .debug_line    0x000026a6      0x32f build/obj/chqueues.o
 .debug_line    0x000029d5      0x177 build/obj/chmemcore.o
 .debug_line    0x00002b4c      0x29f build/obj/chheap.o
 .debug_line    0x00002deb      0x174 build/obj/chmempools.o
 .debug_line    0x00002f5f      0x22b build/obj/hal.o
 .debug_line    0x0000318a      0x3f2 build/obj/adc.o
 .debug_line    0x0000357c       0xd8 build/obj/can.o
 .debug_line    0x00003654       0xd8 build/obj/ext.o
 .debug_line    0x0000372c       0xd8 build/obj/gpt.o
 .debug_line    0x00003804       0xd8 build/obj/i2c.o
 .debug_line    0x000038dc       0xd8 build/obj/icu.o
 .debug_line    0x000039b4       0xd8 build/obj/mac.o
 .debug_line    0x00003a8c      0x1e3 build/obj/pal.o
 .debug_line    0x00003c6f      0x24a build/obj/pwm.o
 .debug_line    0x00003eb9       0xd8 build/obj/sdc.o
 .debug_line    0x00003f91       0xd8 build/obj/serial.o
 .debug_line    0x00004069       0xd8 build/obj/spi.o
 .debug_line    0x00004141       0xd8 build/obj/uart.o
 .debug_line    0x00004219      0x4a6 build/obj/usb.o
 .debug_line    0x000046bf      0x1cc build/obj/tm.o
 .debug_line    0x0000488b       0xd8 build/obj/mmc_spi.o
 .debug_line    0x00004963      0x460 build/obj/serial_usb.o
 .debug_line    0x00004dc3       0xd8 build/obj/rtc.o
 .debug_line    0x00004e9b      0x26d build/obj/stm32_dma.o
 .debug_line    0x00005108      0x1c1 build/obj/hal_lld.o
 .debug_line    0x000052c9      0x35a build/obj/adc_lld.o
 .debug_line    0x00005623       0xd8 build/obj/can_lld.o
 .debug_line    0x000056fb       0xd8 build/obj/ext_lld.o
 .debug_line    0x000057d3       0xd8 build/obj/gpt_lld.o
 .debug_line    0x000058ab       0xd8 build/obj/i2c_lld.o
 .debug_line    0x00005983       0xd8 build/obj/icu_lld.o
 .debug_line    0x00005a5b       0xd8 build/obj/mac_lld.o
 .debug_line    0x00005b33      0x253 build/obj/pwm_lld.o
 .debug_line    0x00005d86       0xd8 build/obj/serial_lld.o
 .debug_line    0x00005e5e       0xd8 build/obj/sdc_lld.o
 .debug_line    0x00005f36       0xd8 build/obj/spi_lld.o
 .debug_line    0x0000600e       0xd8 build/obj/uart_lld.o
 .debug_line    0x000060e6      0x1a6 build/obj/pal_lld.o
 .debug_line    0x0000628c      0x4c6 build/obj/usb_lld.o
 .debug_line    0x00006752       0xd8 build/obj/rtc_lld.o
 .debug_line    0x0000682a      0x142 build/obj/board.o
 .debug_line    0x0000696c      0x19e build/obj/evtimer.o
 .debug_line    0x00006b0a      0x1e0 build/obj/syscalls.o
 .debug_line    0x00006cea      0x36f build/obj/shell.o
 .debug_line    0x00007059      0x27d build/obj/chprintf.o
 .debug_line    0x000072d6      0x23c build/obj/main.o
 .debug_line    0x00007512      0x308 build/obj/usb_ctrl.o
 .debug_line    0x0000781a      0x193 build/obj/light_ctrl.o
 .debug_line    0x000079ad      0x318 build/obj/power_ctrl.o
 .debug_line    0x00007cc5      0x234 build/obj/moto_ctrl.o
 .debug_line    0x00007ef9      0x33c build/obj/adc_ctrl.o
 .debug_line    0x00008235      0x394 build/obj/conv_ctrl.o

.debug_loc      0x00000000     0x312a
 .debug_loc     0x00000000       0x20 build/obj/crt0.o
 .debug_loc     0x00000020       0xb8 build/obj/chcore_v7m.o
 .debug_loc     0x000000d8       0x84 build/obj/nvic.o
 .debug_loc     0x0000015c       0x78 build/obj/chsys.o
 .debug_loc     0x000001d4      0x1ac build/obj/chdebug.o
 .debug_loc     0x00000380       0xe0 build/obj/chlists.o
 .debug_loc     0x00000460       0x78 build/obj/chvt.o
 .debug_loc     0x000004d8      0x128 build/obj/chschd.o
 .debug_loc     0x00000600      0x218 build/obj/chthreads.o
 .debug_loc     0x00000818       0xb0 build/obj/chdynamic.o
 .debug_loc     0x000008c8       0x58 build/obj/chregistry.o
 .debug_loc     0x00000920      0x1e4 build/obj/chsem.o
 .debug_loc     0x00000b04      0x160 build/obj/chmtx.o
 .debug_loc     0x00000c64      0x18c build/obj/chcond.o
 .debug_loc     0x00000df0      0x210 build/obj/chevents.o
 .debug_loc     0x00001000       0x84 build/obj/chmsg.o
 .debug_loc     0x00001084      0x1e4 build/obj/chmboxes.o
 .debug_loc     0x00001268      0x1cc build/obj/chqueues.o
 .debug_loc     0x00001434       0x58 build/obj/chmemcore.o
 .debug_loc     0x0000148c       0xd0 build/obj/chheap.o
 .debug_loc     0x0000155c       0xdc build/obj/chmempools.o
 .debug_loc     0x00001638       0x6c build/obj/hal.o
 .debug_loc     0x000016a4      0x1d8 build/obj/adc.o
 .debug_loc     0x0000187c       0x84 build/obj/pal.o
 .debug_loc     0x00001900      0x11c build/obj/pwm.o
 .debug_loc     0x00001a1c      0x2a8 build/obj/usb.o
 .debug_loc     0x00001cc4       0x8c build/obj/tm.o
 .debug_loc     0x00001d50      0x2e8 build/obj/serial_usb.o
 .debug_loc     0x00002038      0x1ac build/obj/stm32_dma.o
 .debug_loc     0x000021e4       0x20 build/obj/hal_lld.o
 .debug_loc     0x00002204       0xe4 build/obj/adc_lld.o
 .debug_loc     0x000022e8      0x104 build/obj/pwm_lld.o
 .debug_loc     0x000023ec       0x40 build/obj/pal_lld.o
 .debug_loc     0x0000242c      0x360 build/obj/usb_lld.o
 .debug_loc     0x0000278c       0x20 build/obj/board.o
 .debug_loc     0x000027ac       0x84 build/obj/evtimer.o
 .debug_loc     0x00002830       0xf8 build/obj/syscalls.o
 .debug_loc     0x00002928      0x1b9 build/obj/shell.o
 .debug_loc     0x00002ae1       0x59 build/obj/chprintf.o
 .debug_loc     0x00002b3a       0x78 build/obj/main.o
 .debug_loc     0x00002bb2       0xd8 build/obj/usb_ctrl.o
 .debug_loc     0x00002c8a       0x2c build/obj/light_ctrl.o
 .debug_loc     0x00002cb6      0x154 build/obj/power_ctrl.o
 .debug_loc     0x00002e0a       0x98 build/obj/moto_ctrl.o
 .debug_loc     0x00002ea2      0x13c build/obj/adc_ctrl.o
 .debug_loc     0x00002fde      0x14c build/obj/conv_ctrl.o

.debug_pubnames
                0x00000000     0x190b
 .debug_pubnames
                0x00000000       0x56 build/obj/crt0.o
 .debug_pubnames
                0x00000056       0x38 build/obj/vectors.o
 .debug_pubnames
                0x0000008e       0x20 build/obj/chcore.o
 .debug_pubnames
                0x000000ae       0xbd build/obj/chcore_v7m.o
 .debug_pubnames
                0x0000016b       0x5e build/obj/nvic.o
 .debug_pubnames
                0x000001c9       0x5c build/obj/chsys.o
 .debug_pubnames
                0x00000225      0x184 build/obj/chdebug.o
 .debug_pubnames
                0x000003a9       0x7f build/obj/chlists.o
 .debug_pubnames
                0x00000428       0x59 build/obj/chvt.o
 .debug_pubnames
                0x00000481       0xa7 build/obj/chschd.o
 .debug_pubnames
                0x00000528       0xf3 build/obj/chthreads.o
 .debug_pubnames
                0x0000061b       0x69 build/obj/chdynamic.o
 .debug_pubnames
                0x00000684       0x3b build/obj/chregistry.o
 .debug_pubnames
                0x000006bf       0xd1 build/obj/chsem.o
 .debug_pubnames
                0x00000790       0x94 build/obj/chmtx.o
 .debug_pubnames
                0x00000824       0xb9 build/obj/chcond.o
 .debug_pubnames
                0x000008dd      0x118 build/obj/chevents.o
 .debug_pubnames
                0x000009f5       0x3f build/obj/chmsg.o
 .debug_pubnames
                0x00000a34       0xba build/obj/chmboxes.o
 .debug_pubnames
                0x00000aee       0xb3 build/obj/chqueues.o
 .debug_pubnames
                0x00000ba1       0x53 build/obj/chmemcore.o
 .debug_pubnames
                0x00000bf4       0x60 build/obj/chheap.o
 .debug_pubnames
                0x00000c54       0x61 build/obj/chmempools.o
 .debug_pubnames
                0x00000cb5       0x48 build/obj/hal.o
 .debug_pubnames
                0x00000cfd       0xd8 build/obj/adc.o
 .debug_pubnames
                0x00000dd5       0x43 build/obj/pal.o
 .debug_pubnames
                0x00000e18       0x88 build/obj/pwm.o
 .debug_pubnames
                0x00000ea0      0x10d build/obj/usb.o
 .debug_pubnames
                0x00000fad       0x2e build/obj/tm.o
 .debug_pubnames
                0x00000fdb       0xa4 build/obj/serial_usb.o
 .debug_pubnames
                0x0000107f       0xbb build/obj/stm32_dma.o
 .debug_pubnames
                0x0000113a       0x38 build/obj/hal_lld.o
 .debug_pubnames
                0x00001172       0x89 build/obj/adc_lld.o
 .debug_pubnames
                0x000011fb       0x94 build/obj/pwm_lld.o
 .debug_pubnames
                0x0000128f       0x3e build/obj/pal_lld.o
 .debug_pubnames
                0x000012cd      0x211 build/obj/usb_lld.o
 .debug_pubnames
                0x000014de       0x48 build/obj/board.o
 .debug_pubnames
                0x00001526       0x2b build/obj/evtimer.o
 .debug_pubnames
                0x00001551       0x6c build/obj/syscalls.o
 .debug_pubnames
                0x000015bd       0x6c build/obj/shell.o
 .debug_pubnames
                0x00001629       0x1f build/obj/chprintf.o
 .debug_pubnames
                0x00001648       0x28 build/obj/main.o
 .debug_pubnames
                0x00001670       0x56 build/obj/usb_ctrl.o
 .debug_pubnames
                0x000016c6       0x1f build/obj/light_ctrl.o
 .debug_pubnames
                0x000016e5       0xbf build/obj/power_ctrl.o
 .debug_pubnames
                0x000017a4       0x49 build/obj/moto_ctrl.o
 .debug_pubnames
                0x000017ed       0x69 build/obj/adc_ctrl.o
 .debug_pubnames
                0x00001856       0xb5 build/obj/conv_ctrl.o

.debug_pubtypes
                0x00000000     0x3f31
 .debug_pubtypes
                0x00000000       0x44 build/obj/crt0.o
 .debug_pubtypes
                0x00000044       0x12 build/obj/vectors.o
 .debug_pubtypes
                0x00000056       0x12 build/obj/chcore.o
 .debug_pubtypes
                0x00000068      0x14a build/obj/chcore_v7m.o
 .debug_pubtypes
                0x000001b2       0x38 build/obj/nvic.o
 .debug_pubtypes
                0x000001ea      0x179 build/obj/chsys.o
 .debug_pubtypes
                0x00000363      0x196 build/obj/chdebug.o
 .debug_pubtypes
                0x000004f9      0x11b build/obj/chlists.o
 .debug_pubtypes
                0x00000614       0x7e build/obj/chvt.o
 .debug_pubtypes
                0x00000692      0x17e build/obj/chschd.o
 .debug_pubtypes
                0x00000810      0x184 build/obj/chthreads.o
 .debug_pubtypes
                0x00000994      0x191 build/obj/chdynamic.o
 .debug_pubtypes
                0x00000b25      0x133 build/obj/chregistry.o
 .debug_pubtypes
                0x00000c58      0x14f build/obj/chsem.o
 .debug_pubtypes
                0x00000da7      0x13e build/obj/chmtx.o
 .debug_pubtypes
                0x00000ee5      0x14b build/obj/chcond.o
 .debug_pubtypes
                0x00001030      0x195 build/obj/chevents.o
 .debug_pubtypes
                0x000011c5      0x133 build/obj/chmsg.o
 .debug_pubtypes
                0x000012f8      0x14d build/obj/chmboxes.o
 .debug_pubtypes
                0x00001445      0x198 build/obj/chqueues.o
 .debug_pubtypes
                0x000015dd       0x29 build/obj/chmemcore.o
 .debug_pubtypes
                0x00001606      0x166 build/obj/chheap.o
 .debug_pubtypes
                0x0000176c       0x4d build/obj/chmempools.o
 .debug_pubtypes
                0x000017b9       0x76 build/obj/hal.o
 .debug_pubtypes
                0x0000182f      0x244 build/obj/adc.o
 .debug_pubtypes
                0x00001a73       0x1e build/obj/can.o
 .debug_pubtypes
                0x00001a91       0x1e build/obj/ext.o
 .debug_pubtypes
                0x00001aaf       0x1e build/obj/gpt.o
 .debug_pubtypes
                0x00001acd       0x1e build/obj/i2c.o
 .debug_pubtypes
                0x00001aeb       0x1e build/obj/icu.o
 .debug_pubtypes
                0x00001b09       0x1e build/obj/mac.o
 .debug_pubtypes
                0x00001b27       0x84 build/obj/pal.o
 .debug_pubtypes
                0x00001bab       0xe0 build/obj/pwm.o
 .debug_pubtypes
                0x00001c8b       0x1e build/obj/sdc.o
 .debug_pubtypes
                0x00001ca9       0x1e build/obj/serial.o
 .debug_pubtypes
                0x00001cc7       0x1e build/obj/spi.o
 .debug_pubtypes
                0x00001ce5       0x1e build/obj/uart.o
 .debug_pubtypes
                0x00001d03      0x179 build/obj/usb.o
 .debug_pubtypes
                0x00001e7c       0x6e build/obj/tm.o
 .debug_pubtypes
                0x00001eea       0x1e build/obj/mmc_spi.o
 .debug_pubtypes
                0x00001f08      0x3c2 build/obj/serial_usb.o
 .debug_pubtypes
                0x000022ca       0x1e build/obj/rtc.o
 .debug_pubtypes
                0x000022e8       0xce build/obj/stm32_dma.o
 .debug_pubtypes
                0x000023b6       0x93 build/obj/hal_lld.o
 .debug_pubtypes
                0x00002449      0x24f build/obj/adc_lld.o
 .debug_pubtypes
                0x00002698       0x1e build/obj/can_lld.o
 .debug_pubtypes
                0x000026b6       0x1e build/obj/ext_lld.o
 .debug_pubtypes
                0x000026d4       0x1e build/obj/gpt_lld.o
 .debug_pubtypes
                0x000026f2       0x1e build/obj/i2c_lld.o
 .debug_pubtypes
                0x00002710       0x1e build/obj/icu_lld.o
 .debug_pubtypes
                0x0000272e       0x1e build/obj/mac_lld.o
 .debug_pubtypes
                0x0000274c       0xf9 build/obj/pwm_lld.o
 .debug_pubtypes
                0x00002845       0x1e build/obj/serial_lld.o
 .debug_pubtypes
                0x00002863       0x1e build/obj/sdc_lld.o
 .debug_pubtypes
                0x00002881       0x1e build/obj/spi_lld.o
 .debug_pubtypes
                0x0000289f       0x1e build/obj/uart_lld.o
 .debug_pubtypes
                0x000028bd       0xaa build/obj/pal_lld.o
 .debug_pubtypes
                0x00002967      0x1c6 build/obj/usb_lld.o
 .debug_pubtypes
                0x00002b2d       0x1e build/obj/rtc_lld.o
 .debug_pubtypes
                0x00002b4b       0x50 build/obj/board.o
 .debug_pubtypes
                0x00002b9b      0x19a build/obj/evtimer.o
 .debug_pubtypes
                0x00002d35      0x19b build/obj/syscalls.o
 .debug_pubtypes
                0x00002ed0      0x21a build/obj/shell.o
 .debug_pubtypes
                0x000030ea       0xb5 build/obj/chprintf.o
 .debug_pubtypes
                0x0000319f      0x155 build/obj/main.o
 .debug_pubtypes
                0x000032f4      0x3c5 build/obj/usb_ctrl.o
 .debug_pubtypes
                0x000036b9       0x58 build/obj/light_ctrl.o
 .debug_pubtypes
                0x00003711      0x18e build/obj/power_ctrl.o
 .debug_pubtypes
                0x0000389f      0x148 build/obj/moto_ctrl.o
 .debug_pubtypes
                0x000039e7      0x271 build/obj/adc_ctrl.o
 .debug_pubtypes
                0x00003c58      0x2d9 build/obj/conv_ctrl.o

.debug_aranges  0x00000000      0xef0
 .debug_aranges
                0x00000000       0x40 build/obj/crt0.o
 .debug_aranges
                0x00000040       0x20 build/obj/vectors.o
 .debug_aranges
                0x00000060       0x20 build/obj/chcore.o
 .debug_aranges
                0x00000080       0x60 build/obj/chcore_v7m.o
 .debug_aranges
                0x000000e0       0x30 build/obj/nvic.o
 .debug_aranges
                0x00000110       0x30 build/obj/chsys.o
 .debug_aranges
                0x00000140       0x88 build/obj/chdebug.o
 .debug_aranges
                0x000001c8       0x50 build/obj/chlists.o
 .debug_aranges
                0x00000218       0x38 build/obj/chvt.o
 .debug_aranges
                0x00000250       0x58 build/obj/chschd.o
 .debug_aranges
                0x000002a8       0x80 build/obj/chthreads.o
 .debug_aranges
                0x00000328       0x38 build/obj/chdynamic.o
 .debug_aranges
                0x00000360       0x28 build/obj/chregistry.o
 .debug_aranges
                0x00000388       0x70 build/obj/chsem.o
 .debug_aranges
                0x000003f8       0x58 build/obj/chmtx.o
 .debug_aranges
                0x00000450       0x60 build/obj/chcond.o
 .debug_aranges
                0x000004b0       0x78 build/obj/chevents.o
 .debug_aranges
                0x00000528       0x30 build/obj/chmsg.o
 .debug_aranges
                0x00000558       0x70 build/obj/chmboxes.o
 .debug_aranges
                0x000005c8       0x70 build/obj/chqueues.o
 .debug_aranges
                0x00000638       0x38 build/obj/chmemcore.o
 .debug_aranges
                0x00000670       0x40 build/obj/chheap.o
 .debug_aranges
                0x000006b0       0x40 build/obj/chmempools.o
 .debug_aranges
                0x000006f0       0x30 build/obj/hal.o
 .debug_aranges
                0x00000720       0x70 build/obj/adc.o
 .debug_aranges
                0x00000790       0x30 build/obj/pal.o
 .debug_aranges
                0x000007c0       0x50 build/obj/pwm.o
 .debug_aranges
                0x00000810       0x98 build/obj/usb.o
 .debug_aranges
                0x000008a8       0x38 build/obj/tm.o
 .debug_aranges
                0x000008e0       0xb0 build/obj/serial_usb.o
 .debug_aranges
                0x00000990       0x68 build/obj/stm32_dma.o
 .debug_aranges
                0x000009f8       0x30 build/obj/hal_lld.o
 .debug_aranges
                0x00000a28       0x48 build/obj/adc_lld.o
 .debug_aranges
                0x00000a70       0x50 build/obj/pwm_lld.o
 .debug_aranges
                0x00000ac0       0x28 build/obj/pal_lld.o
 .debug_aranges
                0x00000ae8       0xd8 build/obj/usb_lld.o
 .debug_aranges
                0x00000bc0       0x28 build/obj/board.o
 .debug_aranges
                0x00000be8       0x30 build/obj/evtimer.o
 .debug_aranges
                0x00000c18       0x50 build/obj/syscalls.o
 .debug_aranges
                0x00000c68       0x70 build/obj/shell.o
 .debug_aranges
                0x00000cd8       0x28 build/obj/chprintf.o
 .debug_aranges
                0x00000d00       0x30 build/obj/main.o
 .debug_aranges
                0x00000d30       0x48 build/obj/usb_ctrl.o
 .debug_aranges
                0x00000d78       0x20 build/obj/light_ctrl.o
 .debug_aranges
                0x00000d98       0x58 build/obj/power_ctrl.o
 .debug_aranges
                0x00000df0       0x38 build/obj/moto_ctrl.o
 .debug_aranges
                0x00000e28       0x58 build/obj/adc_ctrl.o
 .debug_aranges
                0x00000e80       0x70 build/obj/conv_ctrl.o

.debug_ranges   0x00000000      0xbf0
 .debug_ranges  0x00000000       0x30 build/obj/crt0.o
 .debug_ranges  0x00000030       0x10 build/obj/vectors.o
 .debug_ranges  0x00000040       0x10 build/obj/chcore.o
 .debug_ranges  0x00000050       0x50 build/obj/chcore_v7m.o
 .debug_ranges  0x000000a0       0x20 build/obj/nvic.o
 .debug_ranges  0x000000c0       0x20 build/obj/chsys.o
 .debug_ranges  0x000000e0       0x78 build/obj/chdebug.o
 .debug_ranges  0x00000158       0x40 build/obj/chlists.o
 .debug_ranges  0x00000198       0x28 build/obj/chvt.o
 .debug_ranges  0x000001c0       0x48 build/obj/chschd.o
 .debug_ranges  0x00000208       0x70 build/obj/chthreads.o
 .debug_ranges  0x00000278       0x28 build/obj/chdynamic.o
 .debug_ranges  0x000002a0       0x18 build/obj/chregistry.o
 .debug_ranges  0x000002b8       0x60 build/obj/chsem.o
 .debug_ranges  0x00000318       0x48 build/obj/chmtx.o
 .debug_ranges  0x00000360       0x50 build/obj/chcond.o
 .debug_ranges  0x000003b0       0x68 build/obj/chevents.o
 .debug_ranges  0x00000418       0x20 build/obj/chmsg.o
 .debug_ranges  0x00000438       0x60 build/obj/chmboxes.o
 .debug_ranges  0x00000498       0x60 build/obj/chqueues.o
 .debug_ranges  0x000004f8       0x28 build/obj/chmemcore.o
 .debug_ranges  0x00000520       0x30 build/obj/chheap.o
 .debug_ranges  0x00000550       0x30 build/obj/chmempools.o
 .debug_ranges  0x00000580       0x20 build/obj/hal.o
 .debug_ranges  0x000005a0       0x60 build/obj/adc.o
 .debug_ranges  0x00000600       0x20 build/obj/pal.o
 .debug_ranges  0x00000620       0x40 build/obj/pwm.o
 .debug_ranges  0x00000660       0x88 build/obj/usb.o
 .debug_ranges  0x000006e8       0x28 build/obj/tm.o
 .debug_ranges  0x00000710       0xa0 build/obj/serial_usb.o
 .debug_ranges  0x000007b0       0x58 build/obj/stm32_dma.o
 .debug_ranges  0x00000808       0x20 build/obj/hal_lld.o
 .debug_ranges  0x00000828       0x38 build/obj/adc_lld.o
 .debug_ranges  0x00000860       0x40 build/obj/pwm_lld.o
 .debug_ranges  0x000008a0       0x18 build/obj/pal_lld.o
 .debug_ranges  0x000008b8       0xc8 build/obj/usb_lld.o
 .debug_ranges  0x00000980       0x18 build/obj/board.o
 .debug_ranges  0x00000998       0x20 build/obj/evtimer.o
 .debug_ranges  0x000009b8       0x40 build/obj/syscalls.o
 .debug_ranges  0x000009f8       0x60 build/obj/shell.o
 .debug_ranges  0x00000a58       0x18 build/obj/chprintf.o
 .debug_ranges  0x00000a70       0x20 build/obj/main.o
 .debug_ranges  0x00000a90       0x38 build/obj/usb_ctrl.o
 .debug_ranges  0x00000ac8       0x10 build/obj/light_ctrl.o
 .debug_ranges  0x00000ad8       0x48 build/obj/power_ctrl.o
 .debug_ranges  0x00000b20       0x28 build/obj/moto_ctrl.o
 .debug_ranges  0x00000b48       0x48 build/obj/adc_ctrl.o
 .debug_ranges  0x00000b90       0x60 build/obj/conv_ctrl.o

.debug_str      0x00000000     0x3706
 .debug_str     0x00000000      0x1ec build/obj/crt0.o
                                0x231 (size before relaxing)
 .debug_str     0x000001ec       0x51 build/obj/vectors.o
                                0x12b (size before relaxing)
 .debug_str     0x0000023d       0x32 build/obj/chcore.o
                                0x10c (size before relaxing)
 .debug_str     0x0000026f      0x2bc build/obj/chcore_v7m.o
                                0x3ca (size before relaxing)
 .debug_str     0x0000052b       0xb8 build/obj/nvic.o
                                0x203 (size before relaxing)
 .debug_str     0x000005e3       0xd7 build/obj/chsys.o
                                0x383 (size before relaxing)
 .debug_str     0x000006ba      0x1a8 build/obj/chdebug.o
                                0x4a2 (size before relaxing)
 .debug_str     0x00000862       0x74 build/obj/chlists.o
                                0x2c9 (size before relaxing)
 .debug_str     0x000008d6       0x5a build/obj/chvt.o
                                0x1b0 (size before relaxing)
 .debug_str     0x00000930       0xb9 build/obj/chschd.o
                                0x39f (size before relaxing)
 .debug_str     0x000009e9       0xf5 build/obj/chthreads.o
                                0x406 (size before relaxing)
 .debug_str     0x00000ade       0xf1 build/obj/chdynamic.o
                                0x37f (size before relaxing)
 .debug_str     0x00000bcf       0x47 build/obj/chregistry.o
                                0x2eb (size before relaxing)
 .debug_str     0x00000c16       0xb4 build/obj/chsem.o
                                0x375 (size before relaxing)
 .debug_str     0x00000cca       0x83 build/obj/chmtx.o
                                0x336 (size before relaxing)
 .debug_str     0x00000d4d       0xb5 build/obj/chcond.o
                                0x35e (size before relaxing)
 .debug_str     0x00000e02      0x157 build/obj/chevents.o
                                0x405 (size before relaxing)
 .debug_str     0x00000f59       0x42 build/obj/chmsg.o
                                0x2e6 (size before relaxing)
 .debug_str     0x00000f9b       0xe7 build/obj/chmboxes.o
                                0x35f (size before relaxing)
 .debug_str     0x00001082      0x117 build/obj/chqueues.o
                                0x3d3 (size before relaxing)
 .debug_str     0x00001199       0x80 build/obj/chmemcore.o
                                0x16e (size before relaxing)
 .debug_str     0x00001219       0x6f build/obj/chheap.o
                                0x32e (size before relaxing)
 .debug_str     0x00001288       0x61 build/obj/chmempools.o
                                0x1a4 (size before relaxing)
 .debug_str     0x000012e9       0xf6 build/obj/hal.o
                                0x1f6 (size before relaxing)
 .debug_str     0x000013df      0x2a9 build/obj/adc.o
                                0x58a (size before relaxing)
 .debug_str     0x00001688       0x1c build/obj/can.o
                                0x10b (size before relaxing)
 .debug_str     0x000016a4       0x1c build/obj/ext.o
                                0x10b (size before relaxing)
 .debug_str     0x000016c0       0x1c build/obj/gpt.o
                                0x10b (size before relaxing)
 .debug_str     0x000016dc       0x1c build/obj/i2c.o
                                0x10b (size before relaxing)
 .debug_str     0x000016f8       0x1c build/obj/icu.o
                                0x10b (size before relaxing)
 .debug_str     0x00001714       0x1c build/obj/mac.o
                                0x10b (size before relaxing)
 .debug_str     0x00001730       0x98 build/obj/pal.o
                                0x1a1 (size before relaxing)
 .debug_str     0x000017c8      0x1cb build/obj/pwm.o
                                0x2f7 (size before relaxing)
 .debug_str     0x00001993       0x1c build/obj/sdc.o
                                0x10b (size before relaxing)
 .debug_str     0x000019af       0x1f build/obj/serial.o
                                0x10e (size before relaxing)
 .debug_str     0x000019ce       0x1c build/obj/spi.o
                                0x10b (size before relaxing)
 .debug_str     0x000019ea       0x1d build/obj/uart.o
                                0x10c (size before relaxing)
 .debug_str     0x00001a07      0x421 build/obj/usb.o
                                0x580 (size before relaxing)
 .debug_str     0x00001e28       0x6e build/obj/tm.o
                                0x1c0 (size before relaxing)
 .debug_str     0x00001e96       0x20 build/obj/mmc_spi.o
                                0x10f (size before relaxing)
 .debug_str     0x00001eb6      0x1fb build/obj/serial_usb.o
                                0x850 (size before relaxing)
 .debug_str     0x000020b1       0x1c build/obj/rtc.o
                                0x10b (size before relaxing)
 .debug_str     0x000020cd      0x421 build/obj/stm32_dma.o
                                0x5aa (size before relaxing)
 .debug_str     0x000024ee       0xd1 build/obj/hal_lld.o
                                0x255 (size before relaxing)
 .debug_str     0x000025bf       0xba build/obj/adc_lld.o
                                0x5ab (size before relaxing)
 .debug_str     0x00002679       0x2c build/obj/can_lld.o
                                0x11b (size before relaxing)
 .debug_str     0x000026a5       0x2c build/obj/ext_lld.o
                                0x11b (size before relaxing)
 .debug_str     0x000026d1       0x2c build/obj/gpt_lld.o
                                0x11b (size before relaxing)
 .debug_str     0x000026fd       0x2c build/obj/i2c_lld.o
                                0x11b (size before relaxing)
 .debug_str     0x00002729       0x2c build/obj/icu_lld.o
                                0x11b (size before relaxing)
 .debug_str     0x00002755       0x2c build/obj/mac_lld.o
                                0x11b (size before relaxing)
 .debug_str     0x00002781       0xac build/obj/pwm_lld.o
                                0x639 (size before relaxing)
 .debug_str     0x0000282d       0x2f build/obj/serial_lld.o
                                0x11e (size before relaxing)
 .debug_str     0x0000285c       0x2c build/obj/sdc_lld.o
                                0x11b (size before relaxing)
 .debug_str     0x00002888       0x2c build/obj/spi_lld.o
                                0x11b (size before relaxing)
 .debug_str     0x000028b4       0x2d build/obj/uart_lld.o
                                0x11c (size before relaxing)
 .debug_str     0x000028e1       0x63 build/obj/pal_lld.o
                                0x22b (size before relaxing)
 .debug_str     0x00002944      0x293 build/obj/usb_lld.o
                                0x73f (size before relaxing)
 .debug_str     0x00002bd7       0x32 build/obj/rtc_lld.o
                                0x121 (size before relaxing)
 .debug_str     0x00002c09       0x1a build/obj/board.o
                                0x172 (size before relaxing)
 .debug_str     0x00002c23       0x57 build/obj/evtimer.o
                                0x327 (size before relaxing)
 .debug_str     0x00002c7a      0x4a3 build/obj/syscalls.o
                                0x5e6 (size before relaxing)
 .debug_str     0x0000311d      0x14b build/obj/shell.o
                                0x4e6 (size before relaxing)
 .debug_str     0x00003268       0x87 build/obj/chprintf.o
                                0x1fc (size before relaxing)
 .debug_str     0x000032ef       0x1c build/obj/main.o
                                0x2f6 (size before relaxing)
 .debug_str     0x0000330b      0x153 build/obj/usb_ctrl.o
                                0x8e5 (size before relaxing)
 .debug_str     0x0000345e       0x16 build/obj/light_ctrl.o
                                0x139 (size before relaxing)
 .debug_str     0x00003474       0xaf build/obj/power_ctrl.o
                                0x3f1 (size before relaxing)
 .debug_str     0x00003523       0x51 build/obj/moto_ctrl.o
                                0x2ee (size before relaxing)
 .debug_str     0x00003574       0x78 build/obj/adc_ctrl.o
                                0x597 (size before relaxing)
 .debug_str     0x000035ec      0x11a build/obj/conv_ctrl.o
                                0x730 (size before relaxing)

.comment        0x00000000       0x2a
 .comment       0x00000000       0x2a build/obj/crt0.o
                                 0x2b (size before relaxing)
 .comment       0x00000000       0x2b build/obj/vectors.o
 .comment       0x00000000       0x2b build/obj/chcore.o
 .comment       0x00000000       0x2b build/obj/chcore_v7m.o
 .comment       0x00000000       0x2b build/obj/nvic.o
 .comment       0x00000000       0x2b build/obj/chsys.o
 .comment       0x00000000       0x2b build/obj/chdebug.o
 .comment       0x00000000       0x2b build/obj/chlists.o
 .comment       0x00000000       0x2b build/obj/chvt.o
 .comment       0x00000000       0x2b build/obj/chschd.o
 .comment       0x00000000       0x2b build/obj/chthreads.o
 .comment       0x00000000       0x2b build/obj/chdynamic.o
 .comment       0x00000000       0x2b build/obj/chregistry.o
 .comment       0x00000000       0x2b build/obj/chsem.o
 .comment       0x00000000       0x2b build/obj/chmtx.o
 .comment       0x00000000       0x2b build/obj/chcond.o
 .comment       0x00000000       0x2b build/obj/chevents.o
 .comment       0x00000000       0x2b build/obj/chmsg.o
 .comment       0x00000000       0x2b build/obj/chmboxes.o
 .comment       0x00000000       0x2b build/obj/chqueues.o
 .comment       0x00000000       0x2b build/obj/chmemcore.o
 .comment       0x00000000       0x2b build/obj/chheap.o
 .comment       0x00000000       0x2b build/obj/chmempools.o
 .comment       0x00000000       0x2b build/obj/hal.o
 .comment       0x00000000       0x2b build/obj/adc.o
 .comment       0x00000000       0x2b build/obj/can.o
 .comment       0x00000000       0x2b build/obj/ext.o
 .comment       0x00000000       0x2b build/obj/gpt.o
 .comment       0x00000000       0x2b build/obj/i2c.o
 .comment       0x00000000       0x2b build/obj/icu.o
 .comment       0x00000000       0x2b build/obj/mac.o
 .comment       0x00000000       0x2b build/obj/pal.o
 .comment       0x00000000       0x2b build/obj/pwm.o
 .comment       0x00000000       0x2b build/obj/sdc.o
 .comment       0x00000000       0x2b build/obj/serial.o
 .comment       0x00000000       0x2b build/obj/spi.o
 .comment       0x00000000       0x2b build/obj/uart.o
 .comment       0x00000000       0x2b build/obj/usb.o
 .comment       0x00000000       0x2b build/obj/tm.o
 .comment       0x00000000       0x2b build/obj/mmc_spi.o
 .comment       0x00000000       0x2b build/obj/serial_usb.o
 .comment       0x00000000       0x2b build/obj/rtc.o
 .comment       0x00000000       0x2b build/obj/stm32_dma.o
 .comment       0x00000000       0x2b build/obj/hal_lld.o
 .comment       0x00000000       0x2b build/obj/adc_lld.o
 .comment       0x00000000       0x2b build/obj/can_lld.o
 .comment       0x00000000       0x2b build/obj/ext_lld.o
 .comment       0x00000000       0x2b build/obj/gpt_lld.o
 .comment       0x00000000       0x2b build/obj/i2c_lld.o
 .comment       0x00000000       0x2b build/obj/icu_lld.o
 .comment       0x00000000       0x2b build/obj/mac_lld.o
 .comment       0x00000000       0x2b build/obj/pwm_lld.o
 .comment       0x00000000       0x2b build/obj/serial_lld.o
 .comment       0x00000000       0x2b build/obj/sdc_lld.o
 .comment       0x00000000       0x2b build/obj/spi_lld.o
 .comment       0x00000000       0x2b build/obj/uart_lld.o
 .comment       0x00000000       0x2b build/obj/pal_lld.o
 .comment       0x00000000       0x2b build/obj/usb_lld.o
 .comment       0x00000000       0x2b build/obj/rtc_lld.o
 .comment       0x00000000       0x2b build/obj/board.o
 .comment       0x00000000       0x2b build/obj/evtimer.o
 .comment       0x00000000       0x2b build/obj/syscalls.o
 .comment       0x00000000       0x2b build/obj/shell.o
 .comment       0x00000000       0x2b build/obj/chprintf.o
 .comment       0x00000000       0x2b build/obj/main.o
 .comment       0x00000000       0x2b build/obj/usb_ctrl.o
 .comment       0x00000000       0x2b build/obj/light_ctrl.o
 .comment       0x00000000       0x2b build/obj/power_ctrl.o
 .comment       0x00000000       0x2b build/obj/moto_ctrl.o
 .comment       0x00000000       0x2b build/obj/adc_ctrl.o
 .comment       0x00000000       0x2b build/obj/conv_ctrl.o

.ARM.attributes
                0x00000000       0x31
 .ARM.attributes
                0x00000000       0x31 build/obj/crt0.o
 .ARM.attributes
                0x00000031       0x31 build/obj/vectors.o
 .ARM.attributes
                0x00000062       0x31 build/obj/chcore.o
 .ARM.attributes
                0x00000093       0x31 build/obj/chcore_v7m.o
 .ARM.attributes
                0x000000c4       0x31 build/obj/nvic.o
 .ARM.attributes
                0x000000f5       0x31 build/obj/chsys.o
 .ARM.attributes
                0x00000126       0x31 build/obj/chdebug.o
 .ARM.attributes
                0x00000157       0x31 build/obj/chlists.o
 .ARM.attributes
                0x00000188       0x31 build/obj/chvt.o
 .ARM.attributes
                0x000001b9       0x31 build/obj/chschd.o
 .ARM.attributes
                0x000001ea       0x31 build/obj/chthreads.o
 .ARM.attributes
                0x0000021b       0x31 build/obj/chdynamic.o
 .ARM.attributes
                0x0000024c       0x31 build/obj/chregistry.o
 .ARM.attributes
                0x0000027d       0x31 build/obj/chsem.o
 .ARM.attributes
                0x000002ae       0x31 build/obj/chmtx.o
 .ARM.attributes
                0x000002df       0x31 build/obj/chcond.o
 .ARM.attributes
                0x00000310       0x31 build/obj/chevents.o
 .ARM.attributes
                0x00000341       0x31 build/obj/chmsg.o
 .ARM.attributes
                0x00000372       0x31 build/obj/chmboxes.o
 .ARM.attributes
                0x000003a3       0x31 build/obj/chqueues.o
 .ARM.attributes
                0x000003d4       0x31 build/obj/chmemcore.o
 .ARM.attributes
                0x00000405       0x31 build/obj/chheap.o
 .ARM.attributes
                0x00000436       0x31 build/obj/chmempools.o
 .ARM.attributes
                0x00000467       0x31 build/obj/hal.o
 .ARM.attributes
                0x00000498       0x31 build/obj/adc.o
 .ARM.attributes
                0x000004c9       0x31 build/obj/can.o
 .ARM.attributes
                0x000004fa       0x31 build/obj/ext.o
 .ARM.attributes
                0x0000052b       0x31 build/obj/gpt.o
 .ARM.attributes
                0x0000055c       0x31 build/obj/i2c.o
 .ARM.attributes
                0x0000058d       0x31 build/obj/icu.o
 .ARM.attributes
                0x000005be       0x31 build/obj/mac.o
 .ARM.attributes
                0x000005ef       0x31 build/obj/pal.o
 .ARM.attributes
                0x00000620       0x31 build/obj/pwm.o
 .ARM.attributes
                0x00000651       0x31 build/obj/sdc.o
 .ARM.attributes
                0x00000682       0x31 build/obj/serial.o
 .ARM.attributes
                0x000006b3       0x31 build/obj/spi.o
 .ARM.attributes
                0x000006e4       0x31 build/obj/uart.o
 .ARM.attributes
                0x00000715       0x31 build/obj/usb.o
 .ARM.attributes
                0x00000746       0x31 build/obj/tm.o
 .ARM.attributes
                0x00000777       0x31 build/obj/mmc_spi.o
 .ARM.attributes
                0x000007a8       0x31 build/obj/serial_usb.o
 .ARM.attributes
                0x000007d9       0x31 build/obj/rtc.o
 .ARM.attributes
                0x0000080a       0x31 build/obj/stm32_dma.o
 .ARM.attributes
                0x0000083b       0x31 build/obj/hal_lld.o
 .ARM.attributes
                0x0000086c       0x31 build/obj/adc_lld.o
 .ARM.attributes
                0x0000089d       0x31 build/obj/can_lld.o
 .ARM.attributes
                0x000008ce       0x31 build/obj/ext_lld.o
 .ARM.attributes
                0x000008ff       0x31 build/obj/gpt_lld.o
 .ARM.attributes
                0x00000930       0x31 build/obj/i2c_lld.o
 .ARM.attributes
                0x00000961       0x31 build/obj/icu_lld.o
 .ARM.attributes
                0x00000992       0x31 build/obj/mac_lld.o
 .ARM.attributes
                0x000009c3       0x31 build/obj/pwm_lld.o
 .ARM.attributes
                0x000009f4       0x31 build/obj/serial_lld.o
 .ARM.attributes
                0x00000a25       0x31 build/obj/sdc_lld.o
 .ARM.attributes
                0x00000a56       0x31 build/obj/spi_lld.o
 .ARM.attributes
                0x00000a87       0x31 build/obj/uart_lld.o
 .ARM.attributes
                0x00000ab8       0x31 build/obj/pal_lld.o
 .ARM.attributes
                0x00000ae9       0x31 build/obj/usb_lld.o
 .ARM.attributes
                0x00000b1a       0x31 build/obj/rtc_lld.o
 .ARM.attributes
                0x00000b4b       0x31 build/obj/board.o
 .ARM.attributes
                0x00000b7c       0x31 build/obj/evtimer.o
 .ARM.attributes
                0x00000bad       0x31 build/obj/syscalls.o
 .ARM.attributes
                0x00000bde       0x31 build/obj/shell.o
 .ARM.attributes
                0x00000c0f       0x31 build/obj/chprintf.o
 .ARM.attributes
                0x00000c40       0x31 build/obj/main.o
 .ARM.attributes
                0x00000c71       0x31 build/obj/usb_ctrl.o
 .ARM.attributes
                0x00000ca2       0x31 build/obj/light_ctrl.o
 .ARM.attributes
                0x00000cd3       0x31 build/obj/power_ctrl.o
 .ARM.attributes
                0x00000d04       0x31 build/obj/moto_ctrl.o
 .ARM.attributes
                0x00000d35       0x31 build/obj/adc_ctrl.o
 .ARM.attributes
                0x00000d66       0x31 build/obj/conv_ctrl.o
 .ARM.attributes
                0x00000d97       0x29 /home/z80/programs/code-sourcery/2011.03-42/bin/../lib/gcc/arm-none-eabi/4.5.2/../../../../arm-none-eabi/lib/thumb2/libc.a(lib_a-atoi.o)
 .ARM.attributes
                0x00000dc0       0x29 /home/z80/programs/code-sourcery/2011.03-42/bin/../lib/gcc/arm-none-eabi/4.5.2/../../../../arm-none-eabi/lib/thumb2/libc.a(lib_a-memset.o)
 .ARM.attributes
                0x00000de9       0x29 /home/z80/programs/code-sourcery/2011.03-42/bin/../lib/gcc/arm-none-eabi/4.5.2/../../../../arm-none-eabi/lib/thumb2/libc.a(lib_a-strcasecmp.o)
 .ARM.attributes
                0x00000e12       0x29 /home/z80/programs/code-sourcery/2011.03-42/bin/../lib/gcc/arm-none-eabi/4.5.2/../../../../arm-none-eabi/lib/thumb2/libc.a(lib_a-strpbrk.o)
 .ARM.attributes
                0x00000e3b       0x29 /home/z80/programs/code-sourcery/2011.03-42/bin/../lib/gcc/arm-none-eabi/4.5.2/../../../../arm-none-eabi/lib/thumb2/libc.a(lib_a-strspn.o)
 .ARM.attributes
                0x00000e64       0x29 /home/z80/programs/code-sourcery/2011.03-42/bin/../lib/gcc/arm-none-eabi/4.5.2/../../../../arm-none-eabi/lib/thumb2/libc.a(lib_a-strtol.o)
 .ARM.attributes
                0x00000e8d       0x29 /home/z80/programs/code-sourcery/2011.03-42/bin/../lib/gcc/arm-none-eabi/4.5.2/../../../../arm-none-eabi/lib/thumb2/libc.a(lib_a-ctype_.o)
 .ARM.attributes
                0x00000eb6       0x29 /home/z80/programs/code-sourcery/2011.03-42/bin/../lib/gcc/arm-none-eabi/4.5.2/../../../../arm-none-eabi/lib/thumb2/libc.a(lib_a-impure.o)
 .ARM.attributes
                0x00000edf       0x1b /home/z80/programs/code-sourcery/2011.03-42/bin/../lib/gcc/arm-none-eabi/4.5.2/thumb2/libgcc.a(_udivsi3.o)
 .ARM.attributes
                0x00000efa       0x1b /home/z80/programs/code-sourcery/2011.03-42/bin/../lib/gcc/arm-none-eabi/4.5.2/thumb2/libgcc.a(_dvmd_tls.o)

.debug_frame    0x00000000     0x261c
 .debug_frame   0x00000000       0x64 build/obj/crt0.o
 .debug_frame   0x00000064       0x20 build/obj/vectors.o
 .debug_frame   0x00000084       0x20 build/obj/chcore.o
 .debug_frame   0x000000a4       0xdc build/obj/chcore_v7m.o
 .debug_frame   0x00000180       0x64 build/obj/nvic.o
 .debug_frame   0x000001e4       0x5c build/obj/chsys.o
 .debug_frame   0x00000240      0x184 build/obj/chdebug.o
 .debug_frame   0x000003c4       0x9c build/obj/chlists.o
 .debug_frame   0x00000460       0x6c build/obj/chvt.o
 .debug_frame   0x000004cc       0xe4 build/obj/chschd.o
 .debug_frame   0x000005b0      0x16c build/obj/chthreads.o
 .debug_frame   0x0000071c       0x80 build/obj/chdynamic.o
 .debug_frame   0x0000079c       0x48 build/obj/chregistry.o
 .debug_frame   0x000007e4      0x144 build/obj/chsem.o
 .debug_frame   0x00000928       0xf0 build/obj/chmtx.o
 .debug_frame   0x00000a18      0x10c build/obj/chcond.o
 .debug_frame   0x00000b24      0x160 build/obj/chevents.o
 .debug_frame   0x00000c84       0x64 build/obj/chmsg.o
 .debug_frame   0x00000ce8      0x144 build/obj/chmboxes.o
 .debug_frame   0x00000e2c      0x134 build/obj/chqueues.o
 .debug_frame   0x00000f60       0x68 build/obj/chmemcore.o
 .debug_frame   0x00000fc8       0x9c build/obj/chheap.o
 .debug_frame   0x00001064       0x9c build/obj/chmempools.o
 .debug_frame   0x00001100       0x5c build/obj/hal.o
 .debug_frame   0x0000115c      0x144 build/obj/adc.o
 .debug_frame   0x000012a0       0x64 build/obj/pal.o
 .debug_frame   0x00001304       0xcc build/obj/pwm.o
 .debug_frame   0x000013d0      0x1c8 build/obj/usb.o
 .debug_frame   0x00001598       0x68 build/obj/tm.o
 .debug_frame   0x00001600      0x1f8 build/obj/serial_usb.o
 .debug_frame   0x000017f8      0x120 build/obj/stm32_dma.o
 .debug_frame   0x00001918       0x4c build/obj/hal_lld.o
 .debug_frame   0x00001964       0xa8 build/obj/adc_lld.o
 .debug_frame   0x00001a0c       0xc4 build/obj/pwm_lld.o
 .debug_frame   0x00001ad0       0x38 build/obj/pal_lld.o
 .debug_frame   0x00001b08      0x240 build/obj/usb_lld.o
 .debug_frame   0x00001d48       0x3c build/obj/board.o
 .debug_frame   0x00001d84       0x64 build/obj/evtimer.o
 .debug_frame   0x00001de8       0xac build/obj/syscalls.o
 .debug_frame   0x00001e94      0x138 build/obj/shell.o
 .debug_frame   0x00001fcc       0x4c build/obj/chprintf.o
 .debug_frame   0x00002018       0x64 build/obj/main.o
 .debug_frame   0x0000207c       0xb0 build/obj/usb_ctrl.o
 .debug_frame   0x0000212c       0x2c build/obj/light_ctrl.o
 .debug_frame   0x00002158       0xf0 build/obj/power_ctrl.o
 .debug_frame   0x00002248       0x80 build/obj/moto_ctrl.o
 .debug_frame   0x000022c8       0xf0 build/obj/adc_ctrl.o
 .debug_frame   0x000023b8      0x110 build/obj/conv_ctrl.o
 .debug_frame   0x000024c8       0x30 /home/z80/programs/code-sourcery/2011.03-42/bin/../lib/gcc/arm-none-eabi/4.5.2/../../../../arm-none-eabi/lib/thumb2/libc.a(lib_a-atoi.o)
 .debug_frame   0x000024f8       0x2c /home/z80/programs/code-sourcery/2011.03-42/bin/../lib/gcc/arm-none-eabi/4.5.2/../../../../arm-none-eabi/lib/thumb2/libc.a(lib_a-memset.o)
 .debug_frame   0x00002524       0x2c /home/z80/programs/code-sourcery/2011.03-42/bin/../lib/gcc/arm-none-eabi/4.5.2/../../../../arm-none-eabi/lib/thumb2/libc.a(lib_a-strcasecmp.o)
 .debug_frame   0x00002550       0x2c /home/z80/programs/code-sourcery/2011.03-42/bin/../lib/gcc/arm-none-eabi/4.5.2/../../../../arm-none-eabi/lib/thumb2/libc.a(lib_a-strpbrk.o)
 .debug_frame   0x0000257c       0x2c /home/z80/programs/code-sourcery/2011.03-42/bin/../lib/gcc/arm-none-eabi/4.5.2/../../../../arm-none-eabi/lib/thumb2/libc.a(lib_a-strspn.o)
 .debug_frame   0x000025a8       0x54 /home/z80/programs/code-sourcery/2011.03-42/bin/../lib/gcc/arm-none-eabi/4.5.2/../../../../arm-none-eabi/lib/thumb2/libc.a(lib_a-strtol.o)
 .debug_frame   0x000025fc       0x20 /home/z80/programs/code-sourcery/2011.03-42/bin/../lib/gcc/arm-none-eabi/4.5.2/thumb2/libgcc.a(_udivsi3.o)

Cross Reference Table

Symbol                                            File
ADCD1                                             build/obj/adc_lld.o
                                                  build/obj/conv_ctrl.o
                                                  build/obj/adc_ctrl.o
BusFaultVector                                    build/obj/vectors.o
DebugMonitorVector                                build/obj/vectors.o
HardFaultVector                                   build/obj/vectors.o
MemManageVector                                   build/obj/vectors.o
NMIVector                                         build/obj/vectors.o
PWMD2                                             build/obj/pwm_lld.o
                                                  build/obj/conv_ctrl.o
PendSVVector                                      build/obj/vectors.o
ResetHandler                                      build/obj/crt0.o
                                                  build/obj/vectors.o
SHELL_PTR                                         build/obj/usb_ctrl.o
SVCallVector                                      build/obj/chcore_v7m.o
                                                  build/obj/vectors.o
SysTickVector                                     build/obj/chcore_v7m.o
                                                  build/obj/vectors.o
USBD1                                             build/obj/usb_lld.o
                                                  build/obj/usb_ctrl.o
UsageFaultVector                                  build/obj/vectors.o
Vector1C                                          build/obj/vectors.o
Vector20                                          build/obj/vectors.o
Vector24                                          build/obj/vectors.o
Vector28                                          build/obj/vectors.o
Vector34                                          build/obj/vectors.o
Vector40                                          build/obj/vectors.o
Vector44                                          build/obj/vectors.o
Vector48                                          build/obj/vectors.o
Vector4C                                          build/obj/vectors.o
Vector50                                          build/obj/vectors.o
Vector54                                          build/obj/vectors.o
Vector58                                          build/obj/vectors.o
Vector5C                                          build/obj/vectors.o
Vector60                                          build/obj/vectors.o
Vector64                                          build/obj/vectors.o
Vector68                                          build/obj/vectors.o
Vector6C                                          build/obj/stm32_dma.o
                                                  build/obj/vectors.o
Vector70                                          build/obj/stm32_dma.o
                                                  build/obj/vectors.o
Vector74                                          build/obj/stm32_dma.o
                                                  build/obj/vectors.o
Vector78                                          build/obj/stm32_dma.o
                                                  build/obj/vectors.o
Vector7C                                          build/obj/stm32_dma.o
                                                  build/obj/vectors.o
Vector80                                          build/obj/stm32_dma.o
                                                  build/obj/vectors.o
Vector84                                          build/obj/stm32_dma.o
                                                  build/obj/vectors.o
Vector88                                          build/obj/vectors.o
Vector8C                                          build/obj/usb_lld.o
                                                  build/obj/vectors.o
Vector90                                          build/obj/usb_lld.o
                                                  build/obj/vectors.o
Vector94                                          build/obj/vectors.o
Vector98                                          build/obj/vectors.o
Vector9C                                          build/obj/vectors.o
VectorA0                                          build/obj/vectors.o
VectorA4                                          build/obj/vectors.o
VectorA8                                          build/obj/vectors.o
VectorAC                                          build/obj/vectors.o
VectorB0                                          build/obj/pwm_lld.o
                                                  build/obj/vectors.o
VectorB4                                          build/obj/vectors.o
VectorB8                                          build/obj/vectors.o
VectorBC                                          build/obj/vectors.o
VectorC0                                          build/obj/vectors.o
VectorC4                                          build/obj/vectors.o
VectorC8                                          build/obj/vectors.o
VectorCC                                          build/obj/vectors.o
VectorD0                                          build/obj/vectors.o
VectorD4                                          build/obj/vectors.o
VectorD8                                          build/obj/vectors.o
VectorDC                                          build/obj/vectors.o
VectorE0                                          build/obj/vectors.o
VectorE4                                          build/obj/vectors.o
VectorE8                                          build/obj/vectors.o
__aeabi_idiv0                                     /home/z80/programs/code-sourcery/2011.03-42/bin/../lib/gcc/arm-none-eabi/4.5.2/thumb2/libgcc.a(_dvmd_tls.o)
                                                  /home/z80/programs/code-sourcery/2011.03-42/bin/../lib/gcc/arm-none-eabi/4.5.2/thumb2/libgcc.a(_udivsi3.o)
__aeabi_ldiv0                                     /home/z80/programs/code-sourcery/2011.03-42/bin/../lib/gcc/arm-none-eabi/4.5.2/thumb2/libgcc.a(_dvmd_tls.o)
__aeabi_uidiv                                     /home/z80/programs/code-sourcery/2011.03-42/bin/../lib/gcc/arm-none-eabi/4.5.2/thumb2/libgcc.a(_udivsi3.o)
                                                  /home/z80/programs/code-sourcery/2011.03-42/bin/../lib/gcc/arm-none-eabi/4.5.2/../../../../arm-none-eabi/lib/thumb2/libc.a(lib_a-strtol.o)
__aeabi_uidivmod                                  /home/z80/programs/code-sourcery/2011.03-42/bin/../lib/gcc/arm-none-eabi/4.5.2/thumb2/libgcc.a(_udivsi3.o)
                                                  /home/z80/programs/code-sourcery/2011.03-42/bin/../lib/gcc/arm-none-eabi/4.5.2/../../../../arm-none-eabi/lib/thumb2/libc.a(lib_a-strtol.o)
__ctype_ptr__                                     /home/z80/programs/code-sourcery/2011.03-42/bin/../lib/gcc/arm-none-eabi/4.5.2/../../../../arm-none-eabi/lib/thumb2/libc.a(lib_a-ctype_.o)
                                                  /home/z80/programs/code-sourcery/2011.03-42/bin/../lib/gcc/arm-none-eabi/4.5.2/../../../../arm-none-eabi/lib/thumb2/libc.a(lib_a-strtol.o)
                                                  /home/z80/programs/code-sourcery/2011.03-42/bin/../lib/gcc/arm-none-eabi/4.5.2/../../../../arm-none-eabi/lib/thumb2/libc.a(lib_a-strcasecmp.o)
__early_init                                      build/obj/board.o
                                                  build/obj/crt0.o
__fini_array_end                                  build/obj/crt0.o
__fini_array_start                                build/obj/crt0.o
__heap_base__                                     build/obj/chmemcore.o
__heap_end__                                      build/obj/chmemcore.o
__init_array_end                                  build/obj/crt0.o
__init_array_start                                build/obj/crt0.o
__late_init                                       build/obj/crt0.o
__main_stack_base__                               build/obj/crt0.o
__main_stack_end__                                build/obj/vectors.o
                                                  build/obj/crt0.o
__main_thread_stack_base__                        build/obj/chsys.o
__process_stack_base__                            build/obj/crt0.o
__process_stack_end__                             build/obj/crt0.o
__sf_fake_stderr                                  /home/z80/programs/code-sourcery/2011.03-42/bin/../lib/gcc/arm-none-eabi/4.5.2/../../../../arm-none-eabi/lib/thumb2/libc.a(lib_a-impure.o)
__sf_fake_stdin                                   /home/z80/programs/code-sourcery/2011.03-42/bin/../lib/gcc/arm-none-eabi/4.5.2/../../../../arm-none-eabi/lib/thumb2/libc.a(lib_a-impure.o)
__sf_fake_stdout                                  /home/z80/programs/code-sourcery/2011.03-42/bin/../lib/gcc/arm-none-eabi/4.5.2/../../../../arm-none-eabi/lib/thumb2/libc.a(lib_a-impure.o)
__udivsi3                                         /home/z80/programs/code-sourcery/2011.03-42/bin/../lib/gcc/arm-none-eabi/4.5.2/thumb2/libgcc.a(_udivsi3.o)
_atoi_r                                           /home/z80/programs/code-sourcery/2011.03-42/bin/../lib/gcc/arm-none-eabi/4.5.2/../../../../arm-none-eabi/lib/thumb2/libc.a(lib_a-atoi.o)
_bss_end                                          build/obj/crt0.o
_bss_start                                        build/obj/crt0.o
_close_r                                          build/obj/syscalls.o
_core_init                                        build/obj/chmemcore.o
                                                  build/obj/chsys.o
_ctype_                                           /home/z80/programs/code-sourcery/2011.03-42/bin/../lib/gcc/arm-none-eabi/4.5.2/../../../../arm-none-eabi/lib/thumb2/libc.a(lib_a-ctype_.o)
_data                                             build/obj/crt0.o
_default_exit                                     build/obj/crt0.o
_edata                                            build/obj/crt0.o
_fstat_r                                          build/obj/syscalls.o
_global_impure_ptr                                /home/z80/programs/code-sourcery/2011.03-42/bin/../lib/gcc/arm-none-eabi/4.5.2/../../../../arm-none-eabi/lib/thumb2/libc.a(lib_a-impure.o)
_heap_init                                        build/obj/chheap.o
                                                  build/obj/chsys.o
_idle_thread                                      build/obj/chsys.o
_idle_thread_wa                                   build/obj/chsys.o
_impure_ptr                                       /home/z80/programs/code-sourcery/2011.03-42/bin/../lib/gcc/arm-none-eabi/4.5.2/../../../../arm-none-eabi/lib/thumb2/libc.a(lib_a-impure.o)